448 INFO: PyInstaller: 6.10.0, contrib hooks: 2024.8
448 INFO: Python: 3.10.0
464 INFO: Platform: Windows-10-10.0.22631-SP0
464 INFO: Python environment: C:\Users\Thomas_Schoeller\Documents\GitHub\soniccontrol_v1.9.7\venv
466 DEBUG: Testing UPX availability ...
468 DEBUG: UPX is not available.
468 INFO: Removing temporary files and cleaning cache in C:\Users\Thomas_Schoeller\AppData\Local\pyinstaller
471 DEBUG: script: C:\Users\Thomas_Schoeller\Documents\GitHub\soniccontrol_v1.9.7\soniccontrol\__main__.py
472 INFO: Module search paths (PYTHONPATH):
['C:\\Users\\Thomas_Schoeller\\Documents\\GitHub\\soniccontrol_v1.9.7\\venv\\Scripts\\pyinstaller.exe',
 'C:\\Users\\Thomas_Schoeller\\AppData\\Local\\Programs\\Python\\Python310\\python310.zip',
 'C:\\Users\\Thomas_Schoeller\\AppData\\Local\\Programs\\Python\\Python310\\DLLs',
 'C:\\Users\\Thomas_Schoeller\\AppData\\Local\\Programs\\Python\\Python310\\lib',
 'C:\\Users\\Thomas_Schoeller\\AppData\\Local\\Programs\\Python\\Python310',
 'C:\\Users\\Thomas_Schoeller\\Documents\\GitHub\\soniccontrol_v1.9.7\\venv',
 'C:\\Users\\Thomas_Schoeller\\Documents\\GitHub\\soniccontrol_v1.9.7\\venv\\lib\\site-packages',
 'c:\\users\\thomas_schoeller\\documents\\github\\soniccontrol_v1.9.7',
 'C:\\Users\\Thomas_Schoeller\\Documents\\GitHub\\soniccontrol_v1.9.7']
317 DEBUG: discover_hook_directories: Hook directories: ['C:\\Users\\Thomas_Schoeller\\Documents\\GitHub\\soniccontrol_v1.9.7\\venv\\Lib\\site-packages\\numpy\\_pyinstaller', 'C:\\Users\\Thomas_Schoeller\\Documents\\GitHub\\soniccontrol_v1.9.7\\venv\\lib\\site-packages\\_pyinstaller_hooks_contrib\\stdhooks', 'C:\\Users\\Thomas_Schoeller\\Documents\\GitHub\\soniccontrol_v1.9.7\\venv\\lib\\site-packages\\_pyinstaller_hooks_contrib']
1167 INFO: checking Analysis
1168 INFO: Building Analysis because Analysis-00.toc is non existent
1168 INFO: Running Analysis Analysis-00.toc
1168 INFO: Target bytecode optimization level: 0
1168 INFO: Initializing module dependency graph...
1170 INFO: Caching module graph hooks...
1202 INFO: Analyzing base_library.zip ...
1202 DEBUG: Collecting submodules for encodings
361 DEBUG: collect_submodules - scanning (sub)package encodings
361 DEBUG: collect_submodules - scanning (sub)package encodings in location(s): ['C:\\Users\\Thomas_Schoeller\\AppData\\Local\\Programs\\Python\\Python310\\lib\\encodings']
1919 DEBUG: collect_submodules - found submodules: ['encodings', 'encodings.aliases', 'encodings.ascii', 'encodings.base64_codec', 'encodings.big5', 'encodings.big5hkscs', 'encodings.bz2_codec', 'encodings.charmap', 'encodings.cp037', 'encodings.cp1006', 'encodings.cp1026', 'encodings.cp1125', 'encodings.cp1140', 'encodings.cp1250', 'encodings.cp1251', 'encodings.cp1252', 'encodings.cp1253', 'encodings.cp1254', 'encodings.cp1255', 'encodings.cp1256', 'encodings.cp1257', 'encodings.cp1258', 'encodings.cp273', 'encodings.cp424', 'encodings.cp437', 'encodings.cp500', 'encodings.cp720', 'encodings.cp737', 'encodings.cp775', 'encodings.cp850', 'encodings.cp852', 'encodings.cp855', 'encodings.cp856', 'encodings.cp857', 'encodings.cp858', 'encodings.cp860', 'encodings.cp861', 'encodings.cp862', 'encodings.cp863', 'encodings.cp864', 'encodings.cp865', 'encodings.cp866', 'encodings.cp869', 'encodings.cp874', 'encodings.cp875', 'encodings.cp932', 'encodings.cp949', 'encodings.cp950', 'encodings.euc_jis_2004', 'encodings.euc_jisx0213', 'encodings.euc_jp', 'encodings.euc_kr', 'encodings.gb18030', 'encodings.gb2312', 'encodings.gbk', 'encodings.hex_codec', 'encodings.hp_roman8', 'encodings.hz', 'encodings.idna', 'encodings.iso2022_jp', 'encodings.iso2022_jp_1', 'encodings.iso2022_jp_2', 'encodings.iso2022_jp_2004', 'encodings.iso2022_jp_3', 'encodings.iso2022_jp_ext', 'encodings.iso2022_kr', 'encodings.iso8859_1', 'encodings.iso8859_10', 'encodings.iso8859_11', 'encodings.iso8859_13', 'encodings.iso8859_14', 'encodings.iso8859_15', 'encodings.iso8859_16', 'encodings.iso8859_2', 'encodings.iso8859_3', 'encodings.iso8859_4', 'encodings.iso8859_5', 'encodings.iso8859_6', 'encodings.iso8859_7', 'encodings.iso8859_8', 'encodings.iso8859_9', 'encodings.johab', 'encodings.koi8_r', 'encodings.koi8_t', 'encodings.koi8_u', 'encodings.kz1048', 'encodings.latin_1', 'encodings.mac_arabic', 'encodings.mac_croatian', 'encodings.mac_cyrillic', 'encodings.mac_farsi', 'encodings.mac_greek', 'encodings.mac_iceland', 'encodings.mac_latin2', 'encodings.mac_roman', 'encodings.mac_romanian', 'encodings.mac_turkish', 'encodings.mbcs', 'encodings.oem', 'encodings.palmos', 'encodings.ptcp154', 'encodings.punycode', 'encodings.quopri_codec', 'encodings.raw_unicode_escape', 'encodings.rot_13', 'encodings.shift_jis', 'encodings.shift_jis_2004', 'encodings.shift_jisx0213', 'encodings.tis_620', 'encodings.undefined', 'encodings.unicode_escape', 'encodings.utf_16', 'encodings.utf_16_be', 'encodings.utf_16_le', 'encodings.utf_32', 'encodings.utf_32_be', 'encodings.utf_32_le', 'encodings.utf_7', 'encodings.utf_8', 'encodings.utf_8_sig', 'encodings.uu_codec', 'encodings.zlib_codec']
1919 DEBUG: Collecting submodules for collections
326 DEBUG: collect_submodules - scanning (sub)package collections
326 DEBUG: collect_submodules - scanning (sub)package collections in location(s): ['C:\\Users\\Thomas_Schoeller\\AppData\\Local\\Programs\\Python\\Python310\\lib\\collections']
2687 DEBUG: collect_submodules - found submodules: ['collections', 'collections.abc']
3011 INFO: Processing standard module hook 'hook-heapq.py' from 'C:\\Users\\Thomas_Schoeller\\Documents\\GitHub\\soniccontrol_v1.9.7\\venv\\lib\\site-packages\\PyInstaller\\hooks'
3011 DEBUG: Suppressing import of 'doctest' from module 'heapq' due to excluded import 'doctest' specified in a hook for 'heapq' (or its parent package(s)).
3133 INFO: Processing standard module hook 'hook-encodings.py' from 'C:\\Users\\Thomas_Schoeller\\Documents\\GitHub\\soniccontrol_v1.9.7\\venv\\lib\\site-packages\\PyInstaller\\hooks'
3133 DEBUG: Collecting submodules for encodings
349 DEBUG: collect_submodules - scanning (sub)package encodings
349 DEBUG: collect_submodules - scanning (sub)package encodings in location(s): ['C:\\Users\\Thomas_Schoeller\\AppData\\Local\\Programs\\Python\\Python310\\lib\\encodings']
3857 DEBUG: collect_submodules - found submodules: ['encodings', 'encodings.aliases', 'encodings.ascii', 'encodings.base64_codec', 'encodings.big5', 'encodings.big5hkscs', 'encodings.bz2_codec', 'encodings.charmap', 'encodings.cp037', 'encodings.cp1006', 'encodings.cp1026', 'encodings.cp1125', 'encodings.cp1140', 'encodings.cp1250', 'encodings.cp1251', 'encodings.cp1252', 'encodings.cp1253', 'encodings.cp1254', 'encodings.cp1255', 'encodings.cp1256', 'encodings.cp1257', 'encodings.cp1258', 'encodings.cp273', 'encodings.cp424', 'encodings.cp437', 'encodings.cp500', 'encodings.cp720', 'encodings.cp737', 'encodings.cp775', 'encodings.cp850', 'encodings.cp852', 'encodings.cp855', 'encodings.cp856', 'encodings.cp857', 'encodings.cp858', 'encodings.cp860', 'encodings.cp861', 'encodings.cp862', 'encodings.cp863', 'encodings.cp864', 'encodings.cp865', 'encodings.cp866', 'encodings.cp869', 'encodings.cp874', 'encodings.cp875', 'encodings.cp932', 'encodings.cp949', 'encodings.cp950', 'encodings.euc_jis_2004', 'encodings.euc_jisx0213', 'encodings.euc_jp', 'encodings.euc_kr', 'encodings.gb18030', 'encodings.gb2312', 'encodings.gbk', 'encodings.hex_codec', 'encodings.hp_roman8', 'encodings.hz', 'encodings.idna', 'encodings.iso2022_jp', 'encodings.iso2022_jp_1', 'encodings.iso2022_jp_2', 'encodings.iso2022_jp_2004', 'encodings.iso2022_jp_3', 'encodings.iso2022_jp_ext', 'encodings.iso2022_kr', 'encodings.iso8859_1', 'encodings.iso8859_10', 'encodings.iso8859_11', 'encodings.iso8859_13', 'encodings.iso8859_14', 'encodings.iso8859_15', 'encodings.iso8859_16', 'encodings.iso8859_2', 'encodings.iso8859_3', 'encodings.iso8859_4', 'encodings.iso8859_5', 'encodings.iso8859_6', 'encodings.iso8859_7', 'encodings.iso8859_8', 'encodings.iso8859_9', 'encodings.johab', 'encodings.koi8_r', 'encodings.koi8_t', 'encodings.koi8_u', 'encodings.kz1048', 'encodings.latin_1', 'encodings.mac_arabic', 'encodings.mac_croatian', 'encodings.mac_cyrillic', 'encodings.mac_farsi', 'encodings.mac_greek', 'encodings.mac_iceland', 'encodings.mac_latin2', 'encodings.mac_roman', 'encodings.mac_romanian', 'encodings.mac_turkish', 'encodings.mbcs', 'encodings.oem', 'encodings.palmos', 'encodings.ptcp154', 'encodings.punycode', 'encodings.quopri_codec', 'encodings.raw_unicode_escape', 'encodings.rot_13', 'encodings.shift_jis', 'encodings.shift_jis_2004', 'encodings.shift_jisx0213', 'encodings.tis_620', 'encodings.undefined', 'encodings.unicode_escape', 'encodings.utf_16', 'encodings.utf_16_be', 'encodings.utf_16_le', 'encodings.utf_32', 'encodings.utf_32_be', 'encodings.utf_32_le', 'encodings.utf_7', 'encodings.utf_8', 'encodings.utf_8_sig', 'encodings.uu_codec', 'encodings.zlib_codec']
5554 INFO: Processing standard module hook 'hook-pickle.py' from 'C:\\Users\\Thomas_Schoeller\\Documents\\GitHub\\soniccontrol_v1.9.7\\venv\\lib\\site-packages\\PyInstaller\\hooks'
5647 DEBUG: Suppressing import of 'doctest' from module 'pickle' due to excluded import 'doctest' specified in a hook for 'pickle' (or its parent package(s)).
5647 DEBUG: Suppressing import of 'argparse' from module 'pickle' due to excluded import 'argparse' specified in a hook for 'pickle' (or its parent package(s)).
8017 INFO: Caching module dependency graph...
8133 DEBUG: Adding python files to base_library.zip
8317 INFO: Looking for Python shared library...
8405 INFO: Using Python shared library: C:\Users\Thomas_Schoeller\AppData\Local\Programs\Python\Python310\python310.dll
8405 INFO: Analyzing C:\Users\Thomas_Schoeller\Documents\GitHub\soniccontrol_v1.9.7\soniccontrol\__main__.py
8663 INFO: Processing standard module hook 'hook-multiprocessing.util.py' from 'C:\\Users\\Thomas_Schoeller\\Documents\\GitHub\\soniccontrol_v1.9.7\\venv\\lib\\site-packages\\PyInstaller\\hooks'
8717 DEBUG: Suppressing import of 'test' from module 'multiprocessing.util' due to excluded import 'test' specified in a hook for 'multiprocessing.util' (or its parent package(s)).
8995 INFO: Processing standard module hook 'hook-xml.py' from 'C:\\Users\\Thomas_Schoeller\\Documents\\GitHub\\soniccontrol_v1.9.7\\venv\\lib\\site-packages\\PyInstaller\\hooks'
10215 INFO: Processing standard module hook 'hook-_tkinter.py' from 'C:\\Users\\Thomas_Schoeller\\Documents\\GitHub\\soniccontrol_v1.9.7\\venv\\lib\\site-packages\\PyInstaller\\hooks'
10436 INFO: Processing standard module hook 'hook-platform.py' from 'C:\\Users\\Thomas_Schoeller\\Documents\\GitHub\\soniccontrol_v1.9.7\\venv\\lib\\site-packages\\PyInstaller\\hooks'
10441 DEBUG: Suppressing import of 'plistlib' from module 'platform' due to excluded import 'plistlib' specified in a hook for 'platform' (or its parent package(s)).
10627 INFO: Processing pre-safe-import-module hook 'hook-importlib_metadata.py' from 'C:\\Users\\Thomas_Schoeller\\Documents\\GitHub\\soniccontrol_v1.9.7\\venv\\lib\\site-packages\\PyInstaller\\hooks\\pre_safe_import_module'
10630 INFO: SetuptoolsInfo: initializing cached setuptools info...
367 DEBUG: Collecting submodules for setuptools._vendor
367 DEBUG: collect_submodules - scanning (sub)package setuptools._vendor
367 DEBUG: collect_submodules - scanning (sub)package setuptools._vendor in location(s): ['C:\\Users\\Thomas_Schoeller\\Documents\\GitHub\\soniccontrol_v1.9.7\\venv\\lib\\site-packages\\setuptools\\_vendor']
369 DEBUG: collect_submodules - scanning (sub)package setuptools._vendor.packaging
369 DEBUG: collect_submodules - scanning (sub)package setuptools._vendor.packaging in location(s): ['C:\\Users\\Thomas_Schoeller\\Documents\\GitHub\\soniccontrol_v1.9.7\\venv\\lib\\site-packages\\setuptools\\_vendor\\packaging']
369 DEBUG: collect_submodules - scanning (sub)package setuptools._vendor.more_itertools
370 DEBUG: collect_submodules - scanning (sub)package setuptools._vendor.more_itertools in location(s): ['C:\\Users\\Thomas_Schoeller\\Documents\\GitHub\\soniccontrol_v1.9.7\\venv\\lib\\site-packages\\setuptools\\_vendor\\more_itertools']
375 DEBUG: collect_submodules - found submodules: ['setuptools._vendor', 'setuptools._vendor.more_itertools', 'setuptools._vendor.more_itertools.more', 'setuptools._vendor.more_itertools.recipes', 'setuptools._vendor.ordered_set', 'setuptools._vendor.packaging', 'setuptools._vendor.packaging.__about__', 'setuptools._vendor.packaging._compat', 'setuptools._vendor.packaging._structures', 'setuptools._vendor.packaging._typing', 'setuptools._vendor.packaging.markers', 'setuptools._vendor.packaging.requirements', 'setuptools._vendor.packaging.specifiers', 'setuptools._vendor.packaging.tags', 'setuptools._vendor.packaging.utils', 'setuptools._vendor.packaging.version', 'setuptools._vendor.pyparsing']
375 DEBUG: Collecting submodules for setuptools._vendor.jaraco
376 DEBUG: collect_submodules - setuptools._vendor.jaraco is not a package.
11900 INFO: Processing standard module hook 'hook-PIL.py' from 'C:\\Users\\Thomas_Schoeller\\Documents\\GitHub\\soniccontrol_v1.9.7\\venv\\lib\\site-packages\\PyInstaller\\hooks'
11911 DEBUG: Suppressing import of 'tkinter' from module 'PIL.ImageTk' due to excluded import 'tkinter' specified in a hook for 'PIL.ImageTk' (or its parent package(s)).
12076 INFO: Processing standard module hook 'hook-PIL.Image.py' from 'C:\\Users\\Thomas_Schoeller\\Documents\\GitHub\\soniccontrol_v1.9.7\\venv\\lib\\site-packages\\PyInstaller\\hooks'
12077 DEBUG: Collecting submodules for PIL
352 DEBUG: collect_submodules - scanning (sub)package PIL
354 DEBUG: collect_submodules - scanning (sub)package PIL in location(s): ['C:\\Users\\Thomas_Schoeller\\Documents\\GitHub\\soniccontrol_v1.9.7\\venv\\lib\\site-packages\\PIL']
12804 DEBUG: collect_submodules - found submodules: ['PIL.BlpImagePlugin', 'PIL.BmpImagePlugin', 'PIL.BufrStubImagePlugin', 'PIL.CurImagePlugin', 'PIL.DcxImagePlugin', 'PIL.DdsImagePlugin', 'PIL.EpsImagePlugin', 'PIL.FitsStubImagePlugin', 'PIL.FliImagePlugin', 'PIL.FpxImagePlugin', 'PIL.FtexImagePlugin', 'PIL.GbrImagePlugin', 'PIL.GifImagePlugin', 'PIL.GribStubImagePlugin', 'PIL.Hdf5StubImagePlugin', 'PIL.IcnsImagePlugin', 'PIL.IcoImagePlugin', 'PIL.ImImagePlugin', 'PIL.ImtImagePlugin', 'PIL.IptcImagePlugin', 'PIL.Jpeg2KImagePlugin', 'PIL.JpegImagePlugin', 'PIL.McIdasImagePlugin', 'PIL.MicImagePlugin', 'PIL.MpegImagePlugin', 'PIL.MpoImagePlugin', 'PIL.MspImagePlugin', 'PIL.PalmImagePlugin', 'PIL.PcdImagePlugin', 'PIL.PcxImagePlugin', 'PIL.PdfImagePlugin', 'PIL.PixarImagePlugin', 'PIL.PngImagePlugin', 'PIL.PpmImagePlugin', 'PIL.PsdImagePlugin', 'PIL.SgiImagePlugin', 'PIL.SpiderImagePlugin', 'PIL.SunImagePlugin', 'PIL.TgaImagePlugin', 'PIL.TiffImagePlugin', 'PIL.WebPImagePlugin', 'PIL.WmfImagePlugin', 'PIL.XVThumbImagePlugin', 'PIL.XbmImagePlugin', 'PIL.XpmImagePlugin']
13204 INFO: Processing standard module hook 'hook-numpy.py' from 'C:\\Users\\Thomas_Schoeller\\Documents\\GitHub\\soniccontrol_v1.9.7\\venv\\Lib\\site-packages\\numpy\\_pyinstaller'
13204 DEBUG: Collecting dynamic libraries for numpy
13212 DEBUG:  C:\Users\Thomas_Schoeller\Documents\GitHub\soniccontrol_v1.9.7\venv\lib\site-packages\numpy\.libs\libopenblas64__v0.3.23-246-g3d31191b-gcc_10_3_0.dll, .
13335 DEBUG: Skipping module hook 'hook-numpy.py' from 'C:\\Users\\Thomas_Schoeller\\Documents\\GitHub\\soniccontrol_v1.9.7\\venv\\lib\\site-packages\\PyInstaller\\hooks' because a hook for numpy has already been loaded.
13844 DEBUG: Suppressing import of 'pytest' from module 'numpy._pytesttester' due to excluded import 'pytest' specified in a hook for 'numpy._pytesttester' (or its parent package(s)).
13844 DEBUG: Suppressing import of 'numpy.distutils' from module 'numpy._pytesttester' due to excluded import 'numpy.distutils' specified in a hook for 'numpy._pytesttester' (or its parent package(s)).
14394 INFO: Processing standard module hook 'hook-difflib.py' from 'C:\\Users\\Thomas_Schoeller\\Documents\\GitHub\\soniccontrol_v1.9.7\\venv\\lib\\site-packages\\PyInstaller\\hooks'
14396 DEBUG: Suppressing import of 'doctest' from module 'difflib' due to excluded import 'doctest' specified in a hook for 'difflib' (or its parent package(s)).
14650 INFO: Processing standard module hook 'hook-sysconfig.py' from 'C:\\Users\\Thomas_Schoeller\\Documents\\GitHub\\soniccontrol_v1.9.7\\venv\\lib\\site-packages\\PyInstaller\\hooks'
14653 DEBUG: Suppressing import of '_osx_support' from module 'sysconfig' due to excluded import '_osx_support' specified in a hook for 'sysconfig' (or its parent package(s)).
14665 DEBUG: Suppressing import of '_osx_support' from module 'sysconfig' due to excluded import '_osx_support' specified in a hook for 'sysconfig' (or its parent package(s)).
14675 DEBUG: Suppressing import of 'numpy.distutils.misc_util' from module 'numpy.testing._private.utils' due to excluded import 'numpy.distutils' specified in a hook for 'numpy.testing._private.utils' (or its parent package(s)).
15362 DEBUG: Suppressing import of 'pytest' from module 'numpy.testing._private.utils' due to excluded import 'pytest' specified in a hook for 'numpy.testing._private.utils' (or its parent package(s)).
15378 DEBUG: Suppressing import of 'distutils.errors' from module 'numpy.testing._private.extbuild' due to excluded import 'distutils' specified in a hook for 'numpy.testing._private.extbuild' (or its parent package(s)).
15378 DEBUG: Suppressing import of 'numpy.distutils.ccompiler' from module 'numpy.testing._private.extbuild' due to excluded import 'numpy.distutils' specified in a hook for 'numpy.testing._private.extbuild' (or its parent package(s)).
17189 INFO: Processing standard module hook 'hook-PIL.ImageFilter.py' from 'C:\\Users\\Thomas_Schoeller\\Documents\\GitHub\\soniccontrol_v1.9.7\\venv\\lib\\site-packages\\PyInstaller\\hooks'
17191 DEBUG: Suppressing import of 'numpy' from module 'PIL.ImageFilter' due to excluded import 'numpy' specified in a hook for 'PIL.ImageFilter' (or its parent package(s)).
17200 DEBUG: Suppressing import of 'PyQt6.QtCore' from module 'PIL.ImageQt' due to excluded import 'PyQt6' specified in a hook for 'PIL.ImageQt' (or its parent package(s)).
17200 DEBUG: Suppressing import of 'PyQt6.QtGui' from module 'PIL.ImageQt' due to excluded import 'PyQt6' specified in a hook for 'PIL.ImageQt' (or its parent package(s)).
17200 DEBUG: Suppressing import of 'PySide6.QtCore' from module 'PIL.ImageQt' due to excluded import 'PySide6' specified in a hook for 'PIL.ImageQt' (or its parent package(s)).
17200 DEBUG: Suppressing import of 'PySide6.QtGui' from module 'PIL.ImageQt' due to excluded import 'PySide6' specified in a hook for 'PIL.ImageQt' (or its parent package(s)).
17200 DEBUG: Suppressing import of 'PyQt5.QtCore' from module 'PIL.ImageQt' due to excluded import 'PyQt5' specified in a hook for 'PIL.ImageQt' (or its parent package(s)).
17200 DEBUG: Suppressing import of 'PyQt5.QtGui' from module 'PIL.ImageQt' due to excluded import 'PyQt5' specified in a hook for 'PIL.ImageQt' (or its parent package(s)).
17200 DEBUG: Suppressing import of 'PySide2.QtCore' from module 'PIL.ImageQt' due to excluded import 'PySide2' specified in a hook for 'PIL.ImageQt' (or its parent package(s)).
17200 DEBUG: Suppressing import of 'PySide2.QtGui' from module 'PIL.ImageQt' due to excluded import 'PySide2' specified in a hook for 'PIL.ImageQt' (or its parent package(s)).
17211 DEBUG: Suppressing import of 'IPython.display' from module 'PIL.ImageShow' due to excluded import 'IPython' specified in a hook for 'PIL.ImageShow' (or its parent package(s)).
18178 INFO: Processing standard module hook 'hook-pandas.py' from 'C:\\Users\\Thomas_Schoeller\\Documents\\GitHub\\soniccontrol_v1.9.7\\venv\\lib\\site-packages\\PyInstaller\\hooks'
18180 DEBUG: Collecting submodules for pandas._libs
364 DEBUG: collect_submodules - scanning (sub)package pandas._libs
1278 DEBUG: collect_submodules - scanning (sub)package pandas._libs in location(s): ['C:\\Users\\Thomas_Schoeller\\Documents\\GitHub\\soniccontrol_v1.9.7\\venv\\lib\\site-packages\\pandas\\_libs']
1288 DEBUG: collect_submodules - scanning (sub)package pandas._libs.window
1288 DEBUG: collect_submodules - scanning (sub)package pandas._libs.window in location(s): ['C:\\Users\\Thomas_Schoeller\\Documents\\GitHub\\soniccontrol_v1.9.7\\venv\\lib\\site-packages\\pandas\\_libs\\window']
1290 DEBUG: collect_submodules - scanning (sub)package pandas._libs.tslibs
1290 DEBUG: collect_submodules - scanning (sub)package pandas._libs.tslibs in location(s): ['C:\\Users\\Thomas_Schoeller\\Documents\\GitHub\\soniccontrol_v1.9.7\\venv\\lib\\site-packages\\pandas\\_libs\\tslibs']
21330 DEBUG: collect_submodules - found submodules: ['pandas._libs', 'pandas._libs.algos', 'pandas._libs.arrays', 'pandas._libs.byteswap', 'pandas._libs.groupby', 'pandas._libs.hashing', 'pandas._libs.hashtable', 'pandas._libs.index', 'pandas._libs.indexing', 'pandas._libs.internals', 'pandas._libs.interval', 'pandas._libs.join', 'pandas._libs.json', 'pandas._libs.lib', 'pandas._libs.missing', 'pandas._libs.ops', 'pandas._libs.ops_dispatch', 'pandas._libs.pandas_datetime', 'pandas._libs.pandas_parser', 'pandas._libs.parsers', 'pandas._libs.properties', 'pandas._libs.reshape', 'pandas._libs.sas', 'pandas._libs.sparse', 'pandas._libs.testing', 'pandas._libs.tslib', 'pandas._libs.tslibs', 'pandas._libs.tslibs.base', 'pandas._libs.tslibs.ccalendar', 'pandas._libs.tslibs.conversion', 'pandas._libs.tslibs.dtypes', 'pandas._libs.tslibs.fields', 'pandas._libs.tslibs.nattype', 'pandas._libs.tslibs.np_datetime', 'pandas._libs.tslibs.offsets', 'pandas._libs.tslibs.parsing', 'pandas._libs.tslibs.period', 'pandas._libs.tslibs.strptime', 'pandas._libs.tslibs.timedeltas', 'pandas._libs.tslibs.timestamps', 'pandas._libs.tslibs.timezones', 'pandas._libs.tslibs.tzconversion', 'pandas._libs.tslibs.vectorized', 'pandas._libs.window', 'pandas._libs.window.aggregations', 'pandas._libs.window.indexers', 'pandas._libs.writers']
21603 INFO: Processing standard module hook 'hook-pytz.py' from 'C:\\Users\\Thomas_Schoeller\\Documents\\GitHub\\soniccontrol_v1.9.7\\venv\\lib\\site-packages\\PyInstaller\\hooks'
21607 DEBUG: Collecting data files for pytz
22080 DEBUG: collect_data_files - Found files: [('C:\\Users\\Thomas_Schoeller\\Documents\\GitHub\\soniccontrol_v1.9.7\\venv\\lib\\site-packages\\pytz\\zoneinfo\\Indian\\Maldives', 'pytz\\zoneinfo\\Indian'), ('C:\\Users\\Thomas_Schoeller\\Documents\\GitHub\\soniccontrol_v1.9.7\\venv\\lib\\site-packages\\pytz\\zoneinfo\\America\\Mexico_City', 'pytz\\zoneinfo\\America'), ('C:\\Users\\Thomas_Schoeller\\Documents\\GitHub\\soniccontrol_v1.9.7\\venv\\lib\\site-packages\\pytz\\zoneinfo\\Libya', 'pytz\\zoneinfo'), ('C:\\Users\\Thomas_Schoeller\\Documents\\GitHub\\soniccontrol_v1.9.7\\venv\\lib\\site-packages\\pytz\\zoneinfo\\Africa\\Kinshasa', 'pytz\\zoneinfo\\Africa'), ('C:\\Users\\Thomas_Schoeller\\Documents\\GitHub\\soniccontrol_v1.9.7\\venv\\lib\\site-packages\\pytz\\zoneinfo\\Asia\\Famagusta', 'pytz\\zoneinfo\\Asia'), ('C:\\Users\\Thomas_Schoeller\\Documents\\GitHub\\soniccontrol_v1.9.7\\venv\\lib\\site-packages\\pytz\\zoneinfo\\America\\Bahia', 'pytz\\zoneinfo\\America'), ('C:\\Users\\Thomas_Schoeller\\Documents\\GitHub\\soniccontrol_v1.9.7\\venv\\lib\\site-packages\\pytz\\zoneinfo\\Europe\\Guernsey', 'pytz\\zoneinfo\\Europe'), ('C:\\Users\\Thomas_Schoeller\\Documents\\GitHub\\soniccontrol_v1.9.7\\venv\\lib\\site-packages\\pytz\\zoneinfo\\America\\Tegucigalpa', 'pytz\\zoneinfo\\America'), ('C:\\Users\\Thomas_Schoeller\\Documents\\GitHub\\soniccontrol_v1.9.7\\venv\\lib\\site-packages\\pytz\\zoneinfo\\HST', 'pytz\\zoneinfo'), ('C:\\Users\\Thomas_Schoeller\\Documents\\GitHub\\soniccontrol_v1.9.7\\venv\\lib\\site-packages\\pytz\\zoneinfo\\America\\St_Lucia', 'pytz\\zoneinfo\\America'), ('C:\\Users\\Thomas_Schoeller\\Documents\\GitHub\\soniccontrol_v1.9.7\\venv\\lib\\site-packages\\pytz\\zoneinfo\\Europe\\Sofia', 'pytz\\zoneinfo\\Europe'), ('C:\\Users\\Thomas_Schoeller\\Documents\\GitHub\\soniccontrol_v1.9.7\\venv\\lib\\site-packages\\pytz\\zoneinfo\\Brazil\\Acre', 'pytz\\zoneinfo\\Brazil'), ('C:\\Users\\Thomas_Schoeller\\Documents\\GitHub\\soniccontrol_v1.9.7\\venv\\lib\\site-packages\\pytz\\zoneinfo\\America\\Cancun', 'pytz\\zoneinfo\\America'), ('C:\\Users\\Thomas_Schoeller\\Documents\\GitHub\\soniccontrol_v1.9.7\\venv\\lib\\site-packages\\pytz\\zoneinfo\\Asia\\Almaty', 'pytz\\zoneinfo\\Asia'), ('C:\\Users\\Thomas_Schoeller\\Documents\\GitHub\\soniccontrol_v1.9.7\\venv\\lib\\site-packages\\pytz\\zoneinfo\\Asia\\Kuala_Lumpur', 'pytz\\zoneinfo\\Asia'), ('C:\\Users\\Thomas_Schoeller\\Documents\\GitHub\\soniccontrol_v1.9.7\\venv\\lib\\site-packages\\pytz\\zoneinfo\\Mexico\\BajaSur', 'pytz\\zoneinfo\\Mexico'), ('C:\\Users\\Thomas_Schoeller\\Documents\\GitHub\\soniccontrol_v1.9.7\\venv\\lib\\site-packages\\pytz\\zoneinfo\\Antarctica\\Rothera', 'pytz\\zoneinfo\\Antarctica'), ('C:\\Users\\Thomas_Schoeller\\Documents\\GitHub\\soniccontrol_v1.9.7\\venv\\lib\\site-packages\\pytz\\zoneinfo\\Asia\\Yangon', 'pytz\\zoneinfo\\Asia'), ('C:\\Users\\Thomas_Schoeller\\Documents\\GitHub\\soniccontrol_v1.9.7\\venv\\lib\\site-packages\\pytz\\zoneinfo\\Etc\\GMT-10', 'pytz\\zoneinfo\\Etc'), ('C:\\Users\\Thomas_Schoeller\\Documents\\GitHub\\soniccontrol_v1.9.7\\venv\\lib\\site-packages\\pytz\\zoneinfo\\W-SU', 'pytz\\zoneinfo'), ('C:\\Users\\Thomas_Schoeller\\Documents\\GitHub\\soniccontrol_v1.9.7\\venv\\lib\\site-packages\\pytz\\zoneinfo\\Africa\\Sao_Tome', 'pytz\\zoneinfo\\Africa'), ('C:\\Users\\Thomas_Schoeller\\Documents\\GitHub\\soniccontrol_v1.9.7\\venv\\lib\\site-packages\\pytz\\zoneinfo\\Etc\\UCT', 'pytz\\zoneinfo\\Etc'), ('C:\\Users\\Thomas_Schoeller\\Documents\\GitHub\\soniccontrol_v1.9.7\\venv\\lib\\site-packages\\pytz\\zoneinfo\\Pacific\\Kanton', 'pytz\\zoneinfo\\Pacific'), ('C:\\Users\\Thomas_Schoeller\\Documents\\GitHub\\soniccontrol_v1.9.7\\venv\\lib\\site-packages\\pytz\\zoneinfo\\Antarctica\\Vostok', 'pytz\\zoneinfo\\Antarctica'), ('C:\\Users\\Thomas_Schoeller\\Documents\\GitHub\\soniccontrol_v1.9.7\\venv\\lib\\site-packages\\pytz\\zoneinfo\\Asia\\Kolkata', 'pytz\\zoneinfo\\Asia'), ('C:\\Users\\Thomas_Schoeller\\Documents\\GitHub\\soniccontrol_v1.9.7\\venv\\lib\\site-packages\\pytz\\zoneinfo\\America\\Inuvik', 'pytz\\zoneinfo\\America'), ('C:\\Users\\Thomas_Schoeller\\Documents\\GitHub\\soniccontrol_v1.9.7\\venv\\lib\\site-packages\\pytz\\zoneinfo\\Antarctica\\Mawson', 'pytz\\zoneinfo\\Antarctica'), ('C:\\Users\\Thomas_Schoeller\\Documents\\GitHub\\soniccontrol_v1.9.7\\venv\\lib\\site-packages\\pytz\\zoneinfo\\Australia\\ACT', 'pytz\\zoneinfo\\Australia'), ('C:\\Users\\Thomas_Schoeller\\Documents\\GitHub\\soniccontrol_v1.9.7\\venv\\lib\\site-packages\\pytz\\zoneinfo\\America\\Adak', 'pytz\\zoneinfo\\America'), ('C:\\Users\\Thomas_Schoeller\\Documents\\GitHub\\soniccontrol_v1.9.7\\venv\\lib\\site-packages\\pytz\\zoneinfo\\Africa\\Luanda', 'pytz\\zoneinfo\\Africa'), ('C:\\Users\\Thomas_Schoeller\\Documents\\GitHub\\soniccontrol_v1.9.7\\venv\\lib\\site-packages\\pytz\\zoneinfo\\Pacific\\Bougainville', 'pytz\\zoneinfo\\Pacific'), ('C:\\Users\\Thomas_Schoeller\\Documents\\GitHub\\soniccontrol_v1.9.7\\venv\\lib\\site-packages\\pytz\\zoneinfo\\Europe\\Berlin', 'pytz\\zoneinfo\\Europe'), ('C:\\Users\\Thomas_Schoeller\\Documents\\GitHub\\soniccontrol_v1.9.7\\venv\\lib\\site-packages\\pytz\\zoneinfo\\Asia\\Macau', 'pytz\\zoneinfo\\Asia'), ('C:\\Users\\Thomas_Schoeller\\Documents\\GitHub\\soniccontrol_v1.9.7\\venv\\lib\\site-packages\\pytz\\zoneinfo\\Europe\\Bratislava', 'pytz\\zoneinfo\\Europe'), ('C:\\Users\\Thomas_Schoeller\\Documents\\GitHub\\soniccontrol_v1.9.7\\venv\\lib\\site-packages\\pytz\\zoneinfo\\US\\Mountain', 'pytz\\zoneinfo\\US'), ('C:\\Users\\Thomas_Schoeller\\Documents\\GitHub\\soniccontrol_v1.9.7\\venv\\lib\\site-packages\\pytz\\zoneinfo\\America\\St_Kitts', 'pytz\\zoneinfo\\America'), ('C:\\Users\\Thomas_Schoeller\\Documents\\GitHub\\soniccontrol_v1.9.7\\venv\\lib\\site-packages\\pytz\\zoneinfo\\Etc\\GMT-7', 'pytz\\zoneinfo\\Etc'), ('C:\\Users\\Thomas_Schoeller\\Documents\\GitHub\\soniccontrol_v1.9.7\\venv\\lib\\site-packages\\pytz\\zoneinfo\\America\\Cordoba', 'pytz\\zoneinfo\\America'), ('C:\\Users\\Thomas_Schoeller\\Documents\\GitHub\\soniccontrol_v1.9.7\\venv\\lib\\site-packages\\pytz\\zoneinfo\\US\\Central', 'pytz\\zoneinfo\\US'), ('C:\\Users\\Thomas_Schoeller\\Documents\\GitHub\\soniccontrol_v1.9.7\\venv\\lib\\site-packages\\pytz\\zoneinfo\\Europe\\Bucharest', 'pytz\\zoneinfo\\Europe'), ('C:\\Users\\Thomas_Schoeller\\Documents\\GitHub\\soniccontrol_v1.9.7\\venv\\lib\\site-packages\\pytz\\zoneinfo\\Universal', 'pytz\\zoneinfo'), ('C:\\Users\\Thomas_Schoeller\\Documents\\GitHub\\soniccontrol_v1.9.7\\venv\\lib\\site-packages\\pytz\\zoneinfo\\MST', 'pytz\\zoneinfo'), ('C:\\Users\\Thomas_Schoeller\\Documents\\GitHub\\soniccontrol_v1.9.7\\venv\\lib\\site-packages\\pytz\\zoneinfo\\America\\Tortola', 'pytz\\zoneinfo\\America'), ('C:\\Users\\Thomas_Schoeller\\Documents\\GitHub\\soniccontrol_v1.9.7\\venv\\lib\\site-packages\\pytz\\zoneinfo\\Greenwich', 'pytz\\zoneinfo'), ('C:\\Users\\Thomas_Schoeller\\Documents\\GitHub\\soniccontrol_v1.9.7\\venv\\lib\\site-packages\\pytz\\zoneinfo\\Asia\\Pyongyang', 'pytz\\zoneinfo\\Asia'), ('C:\\Users\\Thomas_Schoeller\\Documents\\GitHub\\soniccontrol_v1.9.7\\venv\\lib\\site-packages\\pytz\\zoneinfo\\America\\Toronto', 'pytz\\zoneinfo\\America'), ('C:\\Users\\Thomas_Schoeller\\Documents\\GitHub\\soniccontrol_v1.9.7\\venv\\lib\\site-packages\\pytz\\zoneinfo\\America\\Grenada', 'pytz\\zoneinfo\\America'), ('C:\\Users\\Thomas_Schoeller\\Documents\\GitHub\\soniccontrol_v1.9.7\\venv\\lib\\site-packages\\pytz\\zoneinfo\\Africa\\Tunis', 'pytz\\zoneinfo\\Africa'), ('C:\\Users\\Thomas_Schoeller\\Documents\\GitHub\\soniccontrol_v1.9.7\\venv\\lib\\site-packages\\pytz\\zoneinfo\\Africa\\Khartoum', 'pytz\\zoneinfo\\Africa'), ('C:\\Users\\Thomas_Schoeller\\Documents\\GitHub\\soniccontrol_v1.9.7\\venv\\lib\\site-packages\\pytz\\zoneinfo\\Asia\\Dhaka', 'pytz\\zoneinfo\\Asia'), ('C:\\Users\\Thomas_Schoeller\\Documents\\GitHub\\soniccontrol_v1.9.7\\venv\\lib\\site-packages\\pytz\\zoneinfo\\America\\Guatemala', 'pytz\\zoneinfo\\America'), ('C:\\Users\\Thomas_Schoeller\\Documents\\GitHub\\soniccontrol_v1.9.7\\venv\\lib\\site-packages\\pytz\\zoneinfo\\America\\Creston', 'pytz\\zoneinfo\\America'), ('C:\\Users\\Thomas_Schoeller\\Documents\\GitHub\\soniccontrol_v1.9.7\\venv\\lib\\site-packages\\pytz\\zoneinfo\\Asia\\Kamchatka', 'pytz\\zoneinfo\\Asia'), ('C:\\Users\\Thomas_Schoeller\\Documents\\GitHub\\soniccontrol_v1.9.7\\venv\\lib\\site-packages\\pytz\\zoneinfo\\Etc\\GMT+10', 'pytz\\zoneinfo\\Etc'), ('C:\\Users\\Thomas_Schoeller\\Documents\\GitHub\\soniccontrol_v1.9.7\\venv\\lib\\site-packages\\pytz\\zoneinfo\\America\\North_Dakota\\Beulah', 'pytz\\zoneinfo\\America\\North_Dakota'), ('C:\\Users\\Thomas_Schoeller\\Documents\\GitHub\\soniccontrol_v1.9.7\\venv\\lib\\site-packages\\pytz\\zoneinfo\\Portugal', 'pytz\\zoneinfo'), ('C:\\Users\\Thomas_Schoeller\\Documents\\GitHub\\soniccontrol_v1.9.7\\venv\\lib\\site-packages\\pytz\\zoneinfo\\America\\Porto_Acre', 'pytz\\zoneinfo\\America'), ('C:\\Users\\Thomas_Schoeller\\Documents\\GitHub\\soniccontrol_v1.9.7\\venv\\lib\\site-packages\\pytz\\zoneinfo\\Arctic\\Longyearbyen', 'pytz\\zoneinfo\\Arctic'), ('C:\\Users\\Thomas_Schoeller\\Documents\\GitHub\\soniccontrol_v1.9.7\\venv\\lib\\site-packages\\pytz\\zoneinfo\\Europe\\Amsterdam', 'pytz\\zoneinfo\\Europe'), ('C:\\Users\\Thomas_Schoeller\\Documents\\GitHub\\soniccontrol_v1.9.7\\venv\\lib\\site-packages\\pytz\\zoneinfo\\Europe\\Monaco', 'pytz\\zoneinfo\\Europe'), ('C:\\Users\\Thomas_Schoeller\\Documents\\GitHub\\soniccontrol_v1.9.7\\venv\\lib\\site-packages\\pytz\\zoneinfo\\America\\Monterrey', 'pytz\\zoneinfo\\America'), ('C:\\Users\\Thomas_Schoeller\\Documents\\GitHub\\soniccontrol_v1.9.7\\venv\\lib\\site-packages\\pytz\\zoneinfo\\Pacific\\Auckland', 'pytz\\zoneinfo\\Pacific'), ('C:\\Users\\Thomas_Schoeller\\Documents\\GitHub\\soniccontrol_v1.9.7\\venv\\lib\\site-packages\\pytz\\zoneinfo\\America\\North_Dakota\\Center', 'pytz\\zoneinfo\\America\\North_Dakota'), ('C:\\Users\\Thomas_Schoeller\\Documents\\GitHub\\soniccontrol_v1.9.7\\venv\\lib\\site-packages\\pytz\\zoneinfo\\Australia\\Brisbane', 'pytz\\zoneinfo\\Australia'), ('C:\\Users\\Thomas_Schoeller\\Documents\\GitHub\\soniccontrol_v1.9.7\\venv\\lib\\site-packages\\pytz\\zoneinfo\\Australia\\LHI', 'pytz\\zoneinfo\\Australia'), ('C:\\Users\\Thomas_Schoeller\\Documents\\GitHub\\soniccontrol_v1.9.7\\venv\\lib\\site-packages\\pytz\\zoneinfo\\America\\Guyana', 'pytz\\zoneinfo\\America'), ('C:\\Users\\Thomas_Schoeller\\Documents\\GitHub\\soniccontrol_v1.9.7\\venv\\lib\\site-packages\\pytz\\zoneinfo\\America\\Matamoros', 'pytz\\zoneinfo\\America'), ('C:\\Users\\Thomas_Schoeller\\Documents\\GitHub\\soniccontrol_v1.9.7\\venv\\lib\\site-packages\\pytz\\zoneinfo\\Asia\\Bangkok', 'pytz\\zoneinfo\\Asia'), ('C:\\Users\\Thomas_Schoeller\\Documents\\GitHub\\soniccontrol_v1.9.7\\venv\\lib\\site-packages\\pytz\\zoneinfo\\Asia\\Phnom_Penh', 'pytz\\zoneinfo\\Asia'), ('C:\\Users\\Thomas_Schoeller\\Documents\\GitHub\\soniccontrol_v1.9.7\\venv\\lib\\site-packages\\pytz\\zoneinfo\\Singapore', 'pytz\\zoneinfo'), ('C:\\Users\\Thomas_Schoeller\\Documents\\GitHub\\soniccontrol_v1.9.7\\venv\\lib\\site-packages\\pytz\\zoneinfo\\America\\Miquelon', 'pytz\\zoneinfo\\America'), ('C:\\Users\\Thomas_Schoeller\\Documents\\GitHub\\soniccontrol_v1.9.7\\venv\\lib\\site-packages\\pytz\\zoneinfo\\Pacific\\Kwajalein', 'pytz\\zoneinfo\\Pacific'), ('C:\\Users\\Thomas_Schoeller\\Documents\\GitHub\\soniccontrol_v1.9.7\\venv\\lib\\site-packages\\pytz\\zoneinfo\\Pacific\\Wake', 'pytz\\zoneinfo\\Pacific'), ('C:\\Users\\Thomas_Schoeller\\Documents\\GitHub\\soniccontrol_v1.9.7\\venv\\lib\\site-packages\\pytz\\zoneinfo\\Etc\\GMT+12', 'pytz\\zoneinfo\\Etc'), ('C:\\Users\\Thomas_Schoeller\\Documents\\GitHub\\soniccontrol_v1.9.7\\venv\\lib\\site-packages\\pytz\\zoneinfo\\Africa\\El_Aaiun', 'pytz\\zoneinfo\\Africa'), ('C:\\Users\\Thomas_Schoeller\\Documents\\GitHub\\soniccontrol_v1.9.7\\venv\\lib\\site-packages\\pytz\\zoneinfo\\Indian\\Comoro', 'pytz\\zoneinfo\\Indian'), ('C:\\Users\\Thomas_Schoeller\\Documents\\GitHub\\soniccontrol_v1.9.7\\venv\\lib\\site-packages\\pytz\\zoneinfo\\Asia\\Irkutsk', 'pytz\\zoneinfo\\Asia'), ('C:\\Users\\Thomas_Schoeller\\Documents\\GitHub\\soniccontrol_v1.9.7\\venv\\lib\\site-packages\\pytz\\zoneinfo\\Turkey', 'pytz\\zoneinfo'), ('C:\\Users\\Thomas_Schoeller\\Documents\\GitHub\\soniccontrol_v1.9.7\\venv\\lib\\site-packages\\pytz\\zoneinfo\\Africa\\Juba', 'pytz\\zoneinfo\\Africa'), ('C:\\Users\\Thomas_Schoeller\\Documents\\GitHub\\soniccontrol_v1.9.7\\venv\\lib\\site-packages\\pytz\\zoneinfo\\Europe\\Nicosia', 'pytz\\zoneinfo\\Europe'), ('C:\\Users\\Thomas_Schoeller\\Documents\\GitHub\\soniccontrol_v1.9.7\\venv\\lib\\site-packages\\pytz\\zoneinfo\\Australia\\Hobart', 'pytz\\zoneinfo\\Australia'), ('C:\\Users\\Thomas_Schoeller\\Documents\\GitHub\\soniccontrol_v1.9.7\\venv\\lib\\site-packages\\pytz\\zoneinfo\\Brazil\\DeNoronha', 'pytz\\zoneinfo\\Brazil'), ('C:\\Users\\Thomas_Schoeller\\Documents\\GitHub\\soniccontrol_v1.9.7\\venv\\lib\\site-packages\\pytz\\zoneinfo\\Europe\\Minsk', 'pytz\\zoneinfo\\Europe'), ('C:\\Users\\Thomas_Schoeller\\Documents\\GitHub\\soniccontrol_v1.9.7\\venv\\lib\\site-packages\\pytz\\zoneinfo\\Europe\\Vaduz', 'pytz\\zoneinfo\\Europe'), ('C:\\Users\\Thomas_Schoeller\\Documents\\GitHub\\soniccontrol_v1.9.7\\venv\\lib\\site-packages\\pytz\\zoneinfo\\Canada\\Newfoundland', 'pytz\\zoneinfo\\Canada'), ('C:\\Users\\Thomas_Schoeller\\Documents\\GitHub\\soniccontrol_v1.9.7\\venv\\lib\\site-packages\\pytz\\zoneinfo\\America\\Resolute', 'pytz\\zoneinfo\\America'), ('C:\\Users\\Thomas_Schoeller\\Documents\\GitHub\\soniccontrol_v1.9.7\\venv\\lib\\site-packages\\pytz\\zoneinfo\\Indian\\Chagos', 'pytz\\zoneinfo\\Indian'), ('C:\\Users\\Thomas_Schoeller\\Documents\\GitHub\\soniccontrol_v1.9.7\\venv\\lib\\site-packages\\pytz\\zoneinfo\\Pacific\\Efate', 'pytz\\zoneinfo\\Pacific'), ('C:\\Users\\Thomas_Schoeller\\Documents\\GitHub\\soniccontrol_v1.9.7\\venv\\lib\\site-packages\\pytz\\zoneinfo\\Australia\\Perth', 'pytz\\zoneinfo\\Australia'), ('C:\\Users\\Thomas_Schoeller\\Documents\\GitHub\\soniccontrol_v1.9.7\\venv\\lib\\site-packages\\pytz\\zoneinfo\\Pacific\\Honolulu', 'pytz\\zoneinfo\\Pacific'), ('C:\\Users\\Thomas_Schoeller\\Documents\\GitHub\\soniccontrol_v1.9.7\\venv\\lib\\site-packages\\pytz\\zoneinfo\\Etc\\GMT-8', 'pytz\\zoneinfo\\Etc'), ('C:\\Users\\Thomas_Schoeller\\Documents\\GitHub\\soniccontrol_v1.9.7\\venv\\lib\\site-packages\\pytz\\zoneinfo\\America\\Nipigon', 'pytz\\zoneinfo\\America'), ('C:\\Users\\Thomas_Schoeller\\Documents\\GitHub\\soniccontrol_v1.9.7\\venv\\lib\\site-packages\\pytz\\zoneinfo\\US\\Aleutian', 'pytz\\zoneinfo\\US'), ('C:\\Users\\Thomas_Schoeller\\Documents\\GitHub\\soniccontrol_v1.9.7\\venv\\lib\\site-packages\\pytz\\zoneinfo\\Asia\\Tbilisi', 'pytz\\zoneinfo\\Asia'), ('C:\\Users\\Thomas_Schoeller\\Documents\\GitHub\\soniccontrol_v1.9.7\\venv\\lib\\site-packages\\pytz\\zoneinfo\\America\\Argentina\\Mendoza', 'pytz\\zoneinfo\\America\\Argentina'), ('C:\\Users\\Thomas_Schoeller\\Documents\\GitHub\\soniccontrol_v1.9.7\\venv\\lib\\site-packages\\pytz\\zoneinfo\\Europe\\Jersey', 'pytz\\zoneinfo\\Europe'), ('C:\\Users\\Thomas_Schoeller\\Documents\\GitHub\\soniccontrol_v1.9.7\\venv\\lib\\site-packages\\pytz\\zoneinfo\\Australia\\Canberra', 'pytz\\zoneinfo\\Australia'), ('C:\\Users\\Thomas_Schoeller\\Documents\\GitHub\\soniccontrol_v1.9.7\\venv\\lib\\site-packages\\pytz\\zoneinfo\\America\\Whitehorse', 'pytz\\zoneinfo\\America'), ('C:\\Users\\Thomas_Schoeller\\Documents\\GitHub\\soniccontrol_v1.9.7\\venv\\lib\\site-packages\\pytz\\zoneinfo\\America\\Campo_Grande', 'pytz\\zoneinfo\\America'), ('C:\\Users\\Thomas_Schoeller\\Documents\\GitHub\\soniccontrol_v1.9.7\\venv\\lib\\site-packages\\pytz\\zoneinfo\\America\\Montreal', 'pytz\\zoneinfo\\America'), ('C:\\Users\\Thomas_Schoeller\\Documents\\GitHub\\soniccontrol_v1.9.7\\venv\\lib\\site-packages\\pytz\\zoneinfo\\America\\Grand_Turk', 'pytz\\zoneinfo\\America'), ('C:\\Users\\Thomas_Schoeller\\Documents\\GitHub\\soniccontrol_v1.9.7\\venv\\lib\\site-packages\\pytz\\zoneinfo\\Etc\\GMT+0', 'pytz\\zoneinfo\\Etc'), ('C:\\Users\\Thomas_Schoeller\\Documents\\GitHub\\soniccontrol_v1.9.7\\venv\\lib\\site-packages\\pytz\\zoneinfo\\America\\Los_Angeles', 'pytz\\zoneinfo\\America'), ('C:\\Users\\Thomas_Schoeller\\Documents\\GitHub\\soniccontrol_v1.9.7\\venv\\lib\\site-packages\\pytz\\zoneinfo\\Asia\\Vientiane', 'pytz\\zoneinfo\\Asia'), ('C:\\Users\\Thomas_Schoeller\\Documents\\GitHub\\soniccontrol_v1.9.7\\venv\\lib\\site-packages\\pytz\\zoneinfo\\Australia\\Lindeman', 'pytz\\zoneinfo\\Australia'), ('C:\\Users\\Thomas_Schoeller\\Documents\\GitHub\\soniccontrol_v1.9.7\\venv\\lib\\site-packages\\pytz\\zoneinfo\\Asia\\Brunei', 'pytz\\zoneinfo\\Asia'), ('C:\\Users\\Thomas_Schoeller\\Documents\\GitHub\\soniccontrol_v1.9.7\\venv\\lib\\site-packages\\pytz\\zoneinfo\\America\\Kralendijk', 'pytz\\zoneinfo\\America'), ('C:\\Users\\Thomas_Schoeller\\Documents\\GitHub\\soniccontrol_v1.9.7\\venv\\lib\\site-packages\\pytz\\zoneinfo\\America\\Hermosillo', 'pytz\\zoneinfo\\America'), ('C:\\Users\\Thomas_Schoeller\\Documents\\GitHub\\soniccontrol_v1.9.7\\venv\\lib\\site-packages\\pytz\\zoneinfo\\America\\Nome', 'pytz\\zoneinfo\\America'), ('C:\\Users\\Thomas_Schoeller\\Documents\\GitHub\\soniccontrol_v1.9.7\\venv\\lib\\site-packages\\pytz\\zoneinfo\\iso3166.tab', 'pytz\\zoneinfo'), ('C:\\Users\\Thomas_Schoeller\\Documents\\GitHub\\soniccontrol_v1.9.7\\venv\\lib\\site-packages\\pytz\\zoneinfo\\Asia\\Bishkek', 'pytz\\zoneinfo\\Asia'), ('C:\\Users\\Thomas_Schoeller\\Documents\\GitHub\\soniccontrol_v1.9.7\\venv\\lib\\site-packages\\pytz\\zoneinfo\\Pacific\\Enderbury', 'pytz\\zoneinfo\\Pacific'), ('C:\\Users\\Thomas_Schoeller\\Documents\\GitHub\\soniccontrol_v1.9.7\\venv\\lib\\site-packages\\pytz\\zoneinfo\\America\\Boa_Vista', 'pytz\\zoneinfo\\America'), ('C:\\Users\\Thomas_Schoeller\\Documents\\GitHub\\soniccontrol_v1.9.7\\venv\\lib\\site-packages\\pytz\\zoneinfo\\PRC', 'pytz\\zoneinfo'), ('C:\\Users\\Thomas_Schoeller\\Documents\\GitHub\\soniccontrol_v1.9.7\\venv\\lib\\site-packages\\pytz\\zoneinfo\\America\\Curacao', 'pytz\\zoneinfo\\America'), ('C:\\Users\\Thomas_Schoeller\\Documents\\GitHub\\soniccontrol_v1.9.7\\venv\\lib\\site-packages\\pytz\\zoneinfo\\Africa\\Accra', 'pytz\\zoneinfo\\Africa'), ('C:\\Users\\Thomas_Schoeller\\Documents\\GitHub\\soniccontrol_v1.9.7\\venv\\lib\\site-packages\\pytz\\zoneinfo\\Eire', 'pytz\\zoneinfo'), ('C:\\Users\\Thomas_Schoeller\\Documents\\GitHub\\soniccontrol_v1.9.7\\venv\\lib\\site-packages\\pytz\\zoneinfo\\Asia\\Tomsk', 'pytz\\zoneinfo\\Asia'), ('C:\\Users\\Thomas_Schoeller\\Documents\\GitHub\\soniccontrol_v1.9.7\\venv\\lib\\site-packages\\pytz\\zoneinfo\\Europe\\London', 'pytz\\zoneinfo\\Europe'), ('C:\\Users\\Thomas_Schoeller\\Documents\\GitHub\\soniccontrol_v1.9.7\\venv\\lib\\site-packages\\pytz\\zoneinfo\\Europe\\Podgorica', 'pytz\\zoneinfo\\Europe'), ('C:\\Users\\Thomas_Schoeller\\Documents\\GitHub\\soniccontrol_v1.9.7\\venv\\lib\\site-packages\\pytz\\zoneinfo\\Europe\\Kaliningrad', 'pytz\\zoneinfo\\Europe'), ('C:\\Users\\Thomas_Schoeller\\Documents\\GitHub\\soniccontrol_v1.9.7\\venv\\lib\\site-packages\\pytz\\zoneinfo\\Chile\\EasterIsland', 'pytz\\zoneinfo\\Chile'), ('C:\\Users\\Thomas_Schoeller\\Documents\\GitHub\\soniccontrol_v1.9.7\\venv\\lib\\site-packages\\pytz\\zoneinfo\\Pacific\\Gambier', 'pytz\\zoneinfo\\Pacific'), ('C:\\Users\\Thomas_Schoeller\\Documents\\GitHub\\soniccontrol_v1.9.7\\venv\\lib\\site-packages\\pytz\\zoneinfo\\Pacific\\Marquesas', 'pytz\\zoneinfo\\Pacific'), ('C:\\Users\\Thomas_Schoeller\\Documents\\GitHub\\soniccontrol_v1.9.7\\venv\\lib\\site-packages\\pytz\\zoneinfo\\Africa\\Bamako', 'pytz\\zoneinfo\\Africa'), ('C:\\Users\\Thomas_Schoeller\\Documents\\GitHub\\soniccontrol_v1.9.7\\venv\\lib\\site-packages\\pytz\\zoneinfo\\America\\Pangnirtung', 'pytz\\zoneinfo\\America'), ('C:\\Users\\Thomas_Schoeller\\Documents\\GitHub\\soniccontrol_v1.9.7\\venv\\lib\\site-packages\\pytz\\zoneinfo\\America\\Catamarca', 'pytz\\zoneinfo\\America'), ('C:\\Users\\Thomas_Schoeller\\Documents\\GitHub\\soniccontrol_v1.9.7\\venv\\lib\\site-packages\\pytz\\zoneinfo\\Indian\\Christmas', 'pytz\\zoneinfo\\Indian'), ('C:\\Users\\Thomas_Schoeller\\Documents\\GitHub\\soniccontrol_v1.9.7\\venv\\lib\\site-packages\\pytz\\zoneinfo\\Asia\\Nicosia', 'pytz\\zoneinfo\\Asia'), ('C:\\Users\\Thomas_Schoeller\\Documents\\GitHub\\soniccontrol_v1.9.7\\venv\\lib\\site-packages\\pytz\\zoneinfo\\Europe\\Gibraltar', 'pytz\\zoneinfo\\Europe'), ('C:\\Users\\Thomas_Schoeller\\Documents\\GitHub\\soniccontrol_v1.9.7\\venv\\lib\\site-packages\\pytz\\zoneinfo\\America\\Argentina\\Rio_Gallegos', 'pytz\\zoneinfo\\America\\Argentina'), ('C:\\Users\\Thomas_Schoeller\\Documents\\GitHub\\soniccontrol_v1.9.7\\venv\\lib\\site-packages\\pytz\\zoneinfo\\Indian\\Mayotte', 'pytz\\zoneinfo\\Indian'), ('C:\\Users\\Thomas_Schoeller\\Documents\\GitHub\\soniccontrol_v1.9.7\\venv\\lib\\site-packages\\pytz\\zoneinfo\\America\\Argentina\\San_Juan', 'pytz\\zoneinfo\\America\\Argentina'), ('C:\\Users\\Thomas_Schoeller\\Documents\\GitHub\\soniccontrol_v1.9.7\\venv\\lib\\site-packages\\pytz\\zoneinfo\\Asia\\Chungking', 'pytz\\zoneinfo\\Asia'), ('C:\\Users\\Thomas_Schoeller\\Documents\\GitHub\\soniccontrol_v1.9.7\\venv\\lib\\site-packages\\pytz\\zoneinfo\\Europe\\Zagreb', 'pytz\\zoneinfo\\Europe'), ('C:\\Users\\Thomas_Schoeller\\Documents\\GitHub\\soniccontrol_v1.9.7\\venv\\lib\\site-packages\\pytz\\zoneinfo\\America\\Louisville', 'pytz\\zoneinfo\\America'), ('C:\\Users\\Thomas_Schoeller\\Documents\\GitHub\\soniccontrol_v1.9.7\\venv\\lib\\site-packages\\pytz\\zoneinfo\\Pacific\\Rarotonga', 'pytz\\zoneinfo\\Pacific'), ('C:\\Users\\Thomas_Schoeller\\Documents\\GitHub\\soniccontrol_v1.9.7\\venv\\lib\\site-packages\\pytz\\zoneinfo\\Indian\\Antananarivo', 'pytz\\zoneinfo\\Indian'), ('C:\\Users\\Thomas_Schoeller\\Documents\\GitHub\\soniccontrol_v1.9.7\\venv\\lib\\site-packages\\pytz\\zoneinfo\\America\\Rio_Branco', 'pytz\\zoneinfo\\America'), ('C:\\Users\\Thomas_Schoeller\\Documents\\GitHub\\soniccontrol_v1.9.7\\venv\\lib\\site-packages\\pytz\\zoneinfo\\US\\Arizona', 'pytz\\zoneinfo\\US'), ('C:\\Users\\Thomas_Schoeller\\Documents\\GitHub\\soniccontrol_v1.9.7\\venv\\lib\\site-packages\\pytz\\zoneinfo\\Atlantic\\St_Helena', 'pytz\\zoneinfo\\Atlantic'), ('C:\\Users\\Thomas_Schoeller\\Documents\\GitHub\\soniccontrol_v1.9.7\\venv\\lib\\site-packages\\pytz\\zoneinfo\\Africa\\Cairo', 'pytz\\zoneinfo\\Africa'), ('C:\\Users\\Thomas_Schoeller\\Documents\\GitHub\\soniccontrol_v1.9.7\\venv\\lib\\site-packages\\pytz\\zoneinfo\\America\\Vancouver', 'pytz\\zoneinfo\\America'), ('C:\\Users\\Thomas_Schoeller\\Documents\\GitHub\\soniccontrol_v1.9.7\\venv\\lib\\site-packages\\pytz\\zoneinfo\\America\\St_Thomas', 'pytz\\zoneinfo\\America'), ('C:\\Users\\Thomas_Schoeller\\Documents\\GitHub\\soniccontrol_v1.9.7\\venv\\lib\\site-packages\\pytz\\zoneinfo\\America\\Jujuy', 'pytz\\zoneinfo\\America'), ('C:\\Users\\Thomas_Schoeller\\Documents\\GitHub\\soniccontrol_v1.9.7\\venv\\lib\\site-packages\\pytz\\zoneinfo\\Asia\\Rangoon', 'pytz\\zoneinfo\\Asia'), ('C:\\Users\\Thomas_Schoeller\\Documents\\GitHub\\soniccontrol_v1.9.7\\venv\\lib\\site-packages\\pytz\\zoneinfo\\America\\Regina', 'pytz\\zoneinfo\\America'), ('C:\\Users\\Thomas_Schoeller\\Documents\\GitHub\\soniccontrol_v1.9.7\\venv\\lib\\site-packages\\pytz\\zoneinfo\\Africa\\Maseru', 'pytz\\zoneinfo\\Africa'), ('C:\\Users\\Thomas_Schoeller\\Documents\\GitHub\\soniccontrol_v1.9.7\\venv\\lib\\site-packages\\pytz\\zoneinfo\\Asia\\Oral', 'pytz\\zoneinfo\\Asia'), ('C:\\Users\\Thomas_Schoeller\\Documents\\GitHub\\soniccontrol_v1.9.7\\venv\\lib\\site-packages\\pytz\\zoneinfo\\Australia\\Currie', 'pytz\\zoneinfo\\Australia'), ('C:\\Users\\Thomas_Schoeller\\Documents\\GitHub\\soniccontrol_v1.9.7\\venv\\lib\\site-packages\\pytz\\zoneinfo\\America\\Belize', 'pytz\\zoneinfo\\America'), ('C:\\Users\\Thomas_Schoeller\\Documents\\GitHub\\soniccontrol_v1.9.7\\venv\\lib\\site-packages\\pytz\\zoneinfo\\Asia\\Barnaul', 'pytz\\zoneinfo\\Asia'), ('C:\\Users\\Thomas_Schoeller\\Documents\\GitHub\\soniccontrol_v1.9.7\\venv\\lib\\site-packages\\pytz\\zoneinfo\\America\\Kentucky\\Louisville', 'pytz\\zoneinfo\\America\\Kentucky'), ('C:\\Users\\Thomas_Schoeller\\Documents\\GitHub\\soniccontrol_v1.9.7\\venv\\lib\\site-packages\\pytz\\zoneinfo\\Pacific\\Tahiti', 'pytz\\zoneinfo\\Pacific'), ('C:\\Users\\Thomas_Schoeller\\Documents\\GitHub\\soniccontrol_v1.9.7\\venv\\lib\\site-packages\\pytz\\zoneinfo\\Asia\\Atyrau', 'pytz\\zoneinfo\\Asia'), ('C:\\Users\\Thomas_Schoeller\\Documents\\GitHub\\soniccontrol_v1.9.7\\venv\\lib\\site-packages\\pytz\\zoneinfo\\Africa\\Abidjan', 'pytz\\zoneinfo\\Africa'), ('C:\\Users\\Thomas_Schoeller\\Documents\\GitHub\\soniccontrol_v1.9.7\\venv\\lib\\site-packages\\pytz\\zoneinfo\\Europe\\Kiev', 'pytz\\zoneinfo\\Europe'), ('C:\\Users\\Thomas_Schoeller\\Documents\\GitHub\\soniccontrol_v1.9.7\\venv\\lib\\site-packages\\pytz\\zoneinfo\\Indian\\Mahe', 'pytz\\zoneinfo\\Indian'), ('C:\\Users\\Thomas_Schoeller\\Documents\\GitHub\\soniccontrol_v1.9.7\\venv\\lib\\site-packages\\pytz\\zoneinfo\\Europe\\Prague', 'pytz\\zoneinfo\\Europe'), ('C:\\Users\\Thomas_Schoeller\\Documents\\GitHub\\soniccontrol_v1.9.7\\venv\\lib\\site-packages\\pytz\\zoneinfo\\America\\Argentina\\Tucuman', 'pytz\\zoneinfo\\America\\Argentina'), ('C:\\Users\\Thomas_Schoeller\\Documents\\GitHub\\soniccontrol_v1.9.7\\venv\\lib\\site-packages\\pytz\\zoneinfo\\EST5EDT', 'pytz\\zoneinfo'), ('C:\\Users\\Thomas_Schoeller\\Documents\\GitHub\\soniccontrol_v1.9.7\\venv\\lib\\site-packages\\pytz\\zoneinfo\\Europe\\Uzhgorod', 'pytz\\zoneinfo\\Europe'), ('C:\\Users\\Thomas_Schoeller\\Documents\\GitHub\\soniccontrol_v1.9.7\\venv\\lib\\site-packages\\pytz\\zoneinfo\\Asia\\Karachi', 'pytz\\zoneinfo\\Asia'), ('C:\\Users\\Thomas_Schoeller\\Documents\\GitHub\\soniccontrol_v1.9.7\\venv\\lib\\site-packages\\pytz\\zoneinfo\\Africa\\Nairobi', 'pytz\\zoneinfo\\Africa'), ('C:\\Users\\Thomas_Schoeller\\Documents\\GitHub\\soniccontrol_v1.9.7\\venv\\lib\\site-packages\\pytz\\zoneinfo\\Etc\\GMT+8', 'pytz\\zoneinfo\\Etc'), ('C:\\Users\\Thomas_Schoeller\\Documents\\GitHub\\soniccontrol_v1.9.7\\venv\\lib\\site-packages\\pytz\\zoneinfo\\Europe\\Zaporozhye', 'pytz\\zoneinfo\\Europe'), ('C:\\Users\\Thomas_Schoeller\\Documents\\GitHub\\soniccontrol_v1.9.7\\venv\\lib\\site-packages\\pytz\\zoneinfo\\Africa\\Casablanca', 'pytz\\zoneinfo\\Africa'), ('C:\\Users\\Thomas_Schoeller\\Documents\\GitHub\\soniccontrol_v1.9.7\\venv\\lib\\site-packages\\pytz\\zoneinfo\\Africa\\Kigali', 'pytz\\zoneinfo\\Africa'), ('C:\\Users\\Thomas_Schoeller\\Documents\\GitHub\\soniccontrol_v1.9.7\\venv\\lib\\site-packages\\pytz\\zoneinfo\\Africa\\Maputo', 'pytz\\zoneinfo\\Africa'), ('C:\\Users\\Thomas_Schoeller\\Documents\\GitHub\\soniccontrol_v1.9.7\\venv\\lib\\site-packages\\pytz\\zoneinfo\\Indian\\Reunion', 'pytz\\zoneinfo\\Indian'), ('C:\\Users\\Thomas_Schoeller\\Documents\\GitHub\\soniccontrol_v1.9.7\\venv\\lib\\site-packages\\pytz\\zoneinfo\\CST6CDT', 'pytz\\zoneinfo'), ('C:\\Users\\Thomas_Schoeller\\Documents\\GitHub\\soniccontrol_v1.9.7\\venv\\lib\\site-packages\\pytz\\zoneinfo\\MET', 'pytz\\zoneinfo'), ('C:\\Users\\Thomas_Schoeller\\Documents\\GitHub\\soniccontrol_v1.9.7\\venv\\lib\\site-packages\\pytz\\zoneinfo\\Africa\\Douala', 'pytz\\zoneinfo\\Africa'), ('C:\\Users\\Thomas_Schoeller\\Documents\\GitHub\\soniccontrol_v1.9.7\\venv\\lib\\site-packages\\pytz\\zoneinfo\\Pacific\\Midway', 'pytz\\zoneinfo\\Pacific'), ('C:\\Users\\Thomas_Schoeller\\Documents\\GitHub\\soniccontrol_v1.9.7\\venv\\lib\\site-packages\\pytz\\zoneinfo\\tzdata.zi', 'pytz\\zoneinfo'), ('C:\\Users\\Thomas_Schoeller\\Documents\\GitHub\\soniccontrol_v1.9.7\\venv\\lib\\site-packages\\pytz\\zoneinfo\\Asia\\Aqtobe', 'pytz\\zoneinfo\\Asia'), ('C:\\Users\\Thomas_Schoeller\\Documents\\GitHub\\soniccontrol_v1.9.7\\venv\\lib\\site-packages\\pytz\\zoneinfo\\Etc\\GMT+1', 'pytz\\zoneinfo\\Etc'), ('C:\\Users\\Thomas_Schoeller\\Documents\\GitHub\\soniccontrol_v1.9.7\\venv\\lib\\site-packages\\pytz\\zoneinfo\\America\\Cuiaba', 'pytz\\zoneinfo\\America'), ('C:\\Users\\Thomas_Schoeller\\Documents\\GitHub\\soniccontrol_v1.9.7\\venv\\lib\\site-packages\\pytz\\zoneinfo\\Asia\\Taipei', 'pytz\\zoneinfo\\Asia'), ('C:\\Users\\Thomas_Schoeller\\Documents\\GitHub\\soniccontrol_v1.9.7\\venv\\lib\\site-packages\\pytz\\zoneinfo\\GB-Eire', 'pytz\\zoneinfo'), ('C:\\Users\\Thomas_Schoeller\\Documents\\GitHub\\soniccontrol_v1.9.7\\venv\\lib\\site-packages\\pytz\\zoneinfo\\America\\Ensenada', 'pytz\\zoneinfo\\America'), ('C:\\Users\\Thomas_Schoeller\\Documents\\GitHub\\soniccontrol_v1.9.7\\venv\\lib\\site-packages\\pytz\\zoneinfo\\Asia\\Manila', 'pytz\\zoneinfo\\Asia'), ('C:\\Users\\Thomas_Schoeller\\Documents\\GitHub\\soniccontrol_v1.9.7\\venv\\lib\\site-packages\\pytz\\zoneinfo\\America\\Goose_Bay', 'pytz\\zoneinfo\\America'), ('C:\\Users\\Thomas_Schoeller\\Documents\\GitHub\\soniccontrol_v1.9.7\\venv\\lib\\site-packages\\pytz\\zoneinfo\\America\\Halifax', 'pytz\\zoneinfo\\America'), ('C:\\Users\\Thomas_Schoeller\\Documents\\GitHub\\soniccontrol_v1.9.7\\venv\\lib\\site-packages\\pytz\\zoneinfo\\Etc\\GMT-11', 'pytz\\zoneinfo\\Etc'), ('C:\\Users\\Thomas_Schoeller\\Documents\\GitHub\\soniccontrol_v1.9.7\\venv\\lib\\site-packages\\pytz\\zoneinfo\\US\\Indiana-Starke', 'pytz\\zoneinfo\\US'), ('C:\\Users\\Thomas_Schoeller\\Documents\\GitHub\\soniccontrol_v1.9.7\\venv\\lib\\site-packages\\pytz\\zoneinfo\\Asia\\Urumqi', 'pytz\\zoneinfo\\Asia'), ('C:\\Users\\Thomas_Schoeller\\Documents\\GitHub\\soniccontrol_v1.9.7\\venv\\lib\\site-packages\\pytz\\zoneinfo\\America\\St_Vincent', 'pytz\\zoneinfo\\America'), ('C:\\Users\\Thomas_Schoeller\\Documents\\GitHub\\soniccontrol_v1.9.7\\venv\\lib\\site-packages\\pytz\\zoneinfo\\Asia\\Kabul', 'pytz\\zoneinfo\\Asia'), ('C:\\Users\\Thomas_Schoeller\\Documents\\GitHub\\soniccontrol_v1.9.7\\venv\\lib\\site-packages\\pytz\\zoneinfo\\Pacific\\Truk', 'pytz\\zoneinfo\\Pacific'), ('C:\\Users\\Thomas_Schoeller\\Documents\\GitHub\\soniccontrol_v1.9.7\\venv\\lib\\site-packages\\pytz\\zoneinfo\\America\\Indianapolis', 'pytz\\zoneinfo\\America'), ('C:\\Users\\Thomas_Schoeller\\Documents\\GitHub\\soniccontrol_v1.9.7\\venv\\lib\\site-packages\\pytz\\zoneinfo\\Africa\\Conakry', 'pytz\\zoneinfo\\Africa'), ('C:\\Users\\Thomas_Schoeller\\Documents\\GitHub\\soniccontrol_v1.9.7\\venv\\lib\\site-packages\\pytz\\zoneinfo\\GMT', 'pytz\\zoneinfo'), ('C:\\Users\\Thomas_Schoeller\\Documents\\GitHub\\soniccontrol_v1.9.7\\venv\\lib\\site-packages\\pytz\\zoneinfo\\Africa\\Lubumbashi', 'pytz\\zoneinfo\\Africa'), ('C:\\Users\\Thomas_Schoeller\\Documents\\GitHub\\soniccontrol_v1.9.7\\venv\\lib\\site-packages\\pytz\\zoneinfo\\EST', 'pytz\\zoneinfo'), ('C:\\Users\\Thomas_Schoeller\\Documents\\GitHub\\soniccontrol_v1.9.7\\venv\\lib\\site-packages\\pytz\\zoneinfo\\Asia\\Pontianak', 'pytz\\zoneinfo\\Asia'), ('C:\\Users\\Thomas_Schoeller\\Documents\\GitHub\\soniccontrol_v1.9.7\\venv\\lib\\site-packages\\pytz\\zoneinfo\\Africa\\Algiers', 'pytz\\zoneinfo\\Africa'), ('C:\\Users\\Thomas_Schoeller\\Documents\\GitHub\\soniccontrol_v1.9.7\\venv\\lib\\site-packages\\pytz\\zoneinfo\\America\\Fort_Wayne', 'pytz\\zoneinfo\\America'), ('C:\\Users\\Thomas_Schoeller\\Documents\\GitHub\\soniccontrol_v1.9.7\\venv\\lib\\site-packages\\pytz\\zoneinfo\\Etc\\GMT-12', 'pytz\\zoneinfo\\Etc'), ('C:\\Users\\Thomas_Schoeller\\Documents\\GitHub\\soniccontrol_v1.9.7\\venv\\lib\\site-packages\\pytz\\zoneinfo\\Etc\\GMT-4', 'pytz\\zoneinfo\\Etc'), ('C:\\Users\\Thomas_Schoeller\\Documents\\GitHub\\soniccontrol_v1.9.7\\venv\\lib\\site-packages\\pytz\\zoneinfo\\America\\Fort_Nelson', 'pytz\\zoneinfo\\America'), ('C:\\Users\\Thomas_Schoeller\\Documents\\GitHub\\soniccontrol_v1.9.7\\venv\\lib\\site-packages\\pytz\\zoneinfo\\Etc\\GMT+9', 'pytz\\zoneinfo\\Etc'), ('C:\\Users\\Thomas_Schoeller\\Documents\\GitHub\\soniccontrol_v1.9.7\\venv\\lib\\site-packages\\pytz\\zoneinfo\\America\\Marigot', 'pytz\\zoneinfo\\America'), ('C:\\Users\\Thomas_Schoeller\\Documents\\GitHub\\soniccontrol_v1.9.7\\venv\\lib\\site-packages\\pytz\\zoneinfo\\Africa\\Bangui', 'pytz\\zoneinfo\\Africa'), ('C:\\Users\\Thomas_Schoeller\\Documents\\GitHub\\soniccontrol_v1.9.7\\venv\\lib\\site-packages\\pytz\\zoneinfo\\Africa\\Monrovia', 'pytz\\zoneinfo\\Africa'), ('C:\\Users\\Thomas_Schoeller\\Documents\\GitHub\\soniccontrol_v1.9.7\\venv\\lib\\site-packages\\pytz\\zoneinfo\\Asia\\Macao', 'pytz\\zoneinfo\\Asia'), ('C:\\Users\\Thomas_Schoeller\\Documents\\GitHub\\soniccontrol_v1.9.7\\venv\\lib\\site-packages\\pytz\\zoneinfo\\Africa\\Lusaka', 'pytz\\zoneinfo\\Africa'), ('C:\\Users\\Thomas_Schoeller\\Documents\\GitHub\\soniccontrol_v1.9.7\\venv\\lib\\site-packages\\pytz\\zoneinfo\\GMT0', 'pytz\\zoneinfo'), ('C:\\Users\\Thomas_Schoeller\\Documents\\GitHub\\soniccontrol_v1.9.7\\venv\\lib\\site-packages\\pytz\\zoneinfo\\Asia\\Samarkand', 'pytz\\zoneinfo\\Asia'), ('C:\\Users\\Thomas_Schoeller\\Documents\\GitHub\\soniccontrol_v1.9.7\\venv\\lib\\site-packages\\pytz\\zoneinfo\\Asia\\Ashkhabad', 'pytz\\zoneinfo\\Asia'), ('C:\\Users\\Thomas_Schoeller\\Documents\\GitHub\\soniccontrol_v1.9.7\\venv\\lib\\site-packages\\pytz\\zoneinfo\\Brazil\\East', 'pytz\\zoneinfo\\Brazil'), ('C:\\Users\\Thomas_Schoeller\\Documents\\GitHub\\soniccontrol_v1.9.7\\venv\\lib\\site-packages\\pytz\\zoneinfo\\Antarctica\\DumontDUrville', 'pytz\\zoneinfo\\Antarctica'), ('C:\\Users\\Thomas_Schoeller\\Documents\\GitHub\\soniccontrol_v1.9.7\\venv\\lib\\site-packages\\pytz\\zoneinfo\\Africa\\Lagos', 'pytz\\zoneinfo\\Africa'), ('C:\\Users\\Thomas_Schoeller\\Documents\\GitHub\\soniccontrol_v1.9.7\\venv\\lib\\site-packages\\pytz\\zoneinfo\\US\\East-Indiana', 'pytz\\zoneinfo\\US'), ('C:\\Users\\Thomas_Schoeller\\Documents\\GitHub\\soniccontrol_v1.9.7\\venv\\lib\\site-packages\\pytz\\zoneinfo\\America\\Guadeloupe', 'pytz\\zoneinfo\\America'), ('C:\\Users\\Thomas_Schoeller\\Documents\\GitHub\\soniccontrol_v1.9.7\\venv\\lib\\site-packages\\pytz\\zoneinfo\\America\\Godthab', 'pytz\\zoneinfo\\America'), ('C:\\Users\\Thomas_Schoeller\\Documents\\GitHub\\soniccontrol_v1.9.7\\venv\\lib\\site-packages\\pytz\\zoneinfo\\Pacific\\Samoa', 'pytz\\zoneinfo\\Pacific'), ('C:\\Users\\Thomas_Schoeller\\Documents\\GitHub\\soniccontrol_v1.9.7\\venv\\lib\\site-packages\\pytz\\zoneinfo\\America\\Costa_Rica', 'pytz\\zoneinfo\\America'), ('C:\\Users\\Thomas_Schoeller\\Documents\\GitHub\\soniccontrol_v1.9.7\\venv\\lib\\site-packages\\pytz\\zoneinfo\\America\\Nassau', 'pytz\\zoneinfo\\America'), ('C:\\Users\\Thomas_Schoeller\\Documents\\GitHub\\soniccontrol_v1.9.7\\venv\\lib\\site-packages\\pytz\\zoneinfo\\Europe\\Oslo', 'pytz\\zoneinfo\\Europe'), ('C:\\Users\\Thomas_Schoeller\\Documents\\GitHub\\soniccontrol_v1.9.7\\venv\\lib\\site-packages\\pytz\\zoneinfo\\Europe\\Vatican', 'pytz\\zoneinfo\\Europe'), ('C:\\Users\\Thomas_Schoeller\\Documents\\GitHub\\soniccontrol_v1.9.7\\venv\\lib\\site-packages\\pytz\\zoneinfo\\ROC', 'pytz\\zoneinfo'), ('C:\\Users\\Thomas_Schoeller\\Documents\\GitHub\\soniccontrol_v1.9.7\\venv\\lib\\site-packages\\pytz\\zoneinfo\\America\\Lima', 'pytz\\zoneinfo\\America'), ('C:\\Users\\Thomas_Schoeller\\Documents\\GitHub\\soniccontrol_v1.9.7\\venv\\lib\\site-packages\\pytz\\zoneinfo\\America\\Thunder_Bay', 'pytz\\zoneinfo\\America'), ('C:\\Users\\Thomas_Schoeller\\Documents\\GitHub\\soniccontrol_v1.9.7\\venv\\lib\\site-packages\\pytz\\zoneinfo\\Etc\\GMT+2', 'pytz\\zoneinfo\\Etc'), ('C:\\Users\\Thomas_Schoeller\\Documents\\GitHub\\soniccontrol_v1.9.7\\venv\\lib\\site-packages\\pytz\\zoneinfo\\America\\Indiana\\Winamac', 'pytz\\zoneinfo\\America\\Indiana'), ('C:\\Users\\Thomas_Schoeller\\Documents\\GitHub\\soniccontrol_v1.9.7\\venv\\lib\\site-packages\\pytz\\zoneinfo\\Africa\\Dar_es_Salaam', 'pytz\\zoneinfo\\Africa'), ('C:\\Users\\Thomas_Schoeller\\Documents\\GitHub\\soniccontrol_v1.9.7\\venv\\lib\\site-packages\\pytz\\zoneinfo\\Asia\\Qostanay', 'pytz\\zoneinfo\\Asia'), ('C:\\Users\\Thomas_Schoeller\\Documents\\GitHub\\soniccontrol_v1.9.7\\venv\\lib\\site-packages\\pytz\\zoneinfo\\Asia\\Dubai', 'pytz\\zoneinfo\\Asia'), ('C:\\Users\\Thomas_Schoeller\\Documents\\GitHub\\soniccontrol_v1.9.7\\venv\\lib\\site-packages\\pytz\\zoneinfo\\Pacific\\Pago_Pago', 'pytz\\zoneinfo\\Pacific'), ('C:\\Users\\Thomas_Schoeller\\Documents\\GitHub\\soniccontrol_v1.9.7\\venv\\lib\\site-packages\\pytz\\zoneinfo\\Europe\\Isle_of_Man', 'pytz\\zoneinfo\\Europe'), ('C:\\Users\\Thomas_Schoeller\\Documents\\GitHub\\soniccontrol_v1.9.7\\venv\\lib\\site-packages\\pytz\\zoneinfo\\Atlantic\\Jan_Mayen', 'pytz\\zoneinfo\\Atlantic'), ('C:\\Users\\Thomas_Schoeller\\Documents\\GitHub\\soniccontrol_v1.9.7\\venv\\lib\\site-packages\\pytz\\zoneinfo\\Etc\\Zulu', 'pytz\\zoneinfo\\Etc'), ('C:\\Users\\Thomas_Schoeller\\Documents\\GitHub\\soniccontrol_v1.9.7\\venv\\lib\\site-packages\\pytz\\zoneinfo\\Etc\\GMT-0', 'pytz\\zoneinfo\\Etc'), ('C:\\Users\\Thomas_Schoeller\\Documents\\GitHub\\soniccontrol_v1.9.7\\venv\\lib\\site-packages\\pytz\\zoneinfo\\Pacific\\Fiji', 'pytz\\zoneinfo\\Pacific'), ('C:\\Users\\Thomas_Schoeller\\Documents\\GitHub\\soniccontrol_v1.9.7\\venv\\lib\\site-packages\\pytz\\zoneinfo\\US\\Michigan', 'pytz\\zoneinfo\\US'), ('C:\\Users\\Thomas_Schoeller\\Documents\\GitHub\\soniccontrol_v1.9.7\\venv\\lib\\site-packages\\pytz\\zoneinfo\\Navajo', 'pytz\\zoneinfo'), ('C:\\Users\\Thomas_Schoeller\\Documents\\GitHub\\soniccontrol_v1.9.7\\venv\\lib\\site-packages\\pytz\\zoneinfo\\Canada\\Atlantic', 'pytz\\zoneinfo\\Canada'), ('C:\\Users\\Thomas_Schoeller\\Documents\\GitHub\\soniccontrol_v1.9.7\\venv\\lib\\site-packages\\pytz\\zoneinfo\\Etc\\GMT-2', 'pytz\\zoneinfo\\Etc'), ('C:\\Users\\Thomas_Schoeller\\Documents\\GitHub\\soniccontrol_v1.9.7\\venv\\lib\\site-packages\\pytz\\zoneinfo\\Africa\\Freetown', 'pytz\\zoneinfo\\Africa'), ('C:\\Users\\Thomas_Schoeller\\Documents\\GitHub\\soniccontrol_v1.9.7\\venv\\lib\\site-packages\\pytz\\zoneinfo\\Antarctica\\Troll', 'pytz\\zoneinfo\\Antarctica'), ('C:\\Users\\Thomas_Schoeller\\Documents\\GitHub\\soniccontrol_v1.9.7\\venv\\lib\\site-packages\\pytz\\zoneinfo\\Asia\\Ujung_Pandang', 'pytz\\zoneinfo\\Asia'), ('C:\\Users\\Thomas_Schoeller\\Documents\\GitHub\\soniccontrol_v1.9.7\\venv\\lib\\site-packages\\pytz\\zoneinfo\\Europe\\Istanbul', 'pytz\\zoneinfo\\Europe'), ('C:\\Users\\Thomas_Schoeller\\Documents\\GitHub\\soniccontrol_v1.9.7\\venv\\lib\\site-packages\\pytz\\zoneinfo\\Asia\\Choibalsan', 'pytz\\zoneinfo\\Asia'), ('C:\\Users\\Thomas_Schoeller\\Documents\\GitHub\\soniccontrol_v1.9.7\\venv\\lib\\site-packages\\pytz\\zoneinfo\\America\\Puerto_Rico', 'pytz\\zoneinfo\\America'), ('C:\\Users\\Thomas_Schoeller\\Documents\\GitHub\\soniccontrol_v1.9.7\\venv\\lib\\site-packages\\pytz\\zoneinfo\\Canada\\Pacific', 'pytz\\zoneinfo\\Canada'), ('C:\\Users\\Thomas_Schoeller\\Documents\\GitHub\\soniccontrol_v1.9.7\\venv\\lib\\site-packages\\pytz\\zoneinfo\\Europe\\Dublin', 'pytz\\zoneinfo\\Europe'), ('C:\\Users\\Thomas_Schoeller\\Documents\\GitHub\\soniccontrol_v1.9.7\\venv\\lib\\site-packages\\pytz\\zoneinfo\\America\\Indiana\\Tell_City', 'pytz\\zoneinfo\\America\\Indiana'), ('C:\\Users\\Thomas_Schoeller\\Documents\\GitHub\\soniccontrol_v1.9.7\\venv\\lib\\site-packages\\pytz\\zoneinfo\\NZ', 'pytz\\zoneinfo'), ('C:\\Users\\Thomas_Schoeller\\Documents\\GitHub\\soniccontrol_v1.9.7\\venv\\lib\\site-packages\\pytz\\zoneinfo\\zone.tab', 'pytz\\zoneinfo'), ('C:\\Users\\Thomas_Schoeller\\Documents\\GitHub\\soniccontrol_v1.9.7\\venv\\lib\\site-packages\\pytz\\zoneinfo\\Antarctica\\McMurdo', 'pytz\\zoneinfo\\Antarctica'), ('C:\\Users\\Thomas_Schoeller\\Documents\\GitHub\\soniccontrol_v1.9.7\\venv\\lib\\site-packages\\pytz\\zoneinfo\\GB', 'pytz\\zoneinfo'), ('C:\\Users\\Thomas_Schoeller\\Documents\\GitHub\\soniccontrol_v1.9.7\\venv\\lib\\site-packages\\pytz\\zoneinfo\\Africa\\Kampala', 'pytz\\zoneinfo\\Africa'), ('C:\\Users\\Thomas_Schoeller\\Documents\\GitHub\\soniccontrol_v1.9.7\\venv\\lib\\site-packages\\pytz\\zoneinfo\\Australia\\Adelaide', 'pytz\\zoneinfo\\Australia'), ('C:\\Users\\Thomas_Schoeller\\Documents\\GitHub\\soniccontrol_v1.9.7\\venv\\lib\\site-packages\\pytz\\zoneinfo\\Australia\\Victoria', 'pytz\\zoneinfo\\Australia'), ('C:\\Users\\Thomas_Schoeller\\Documents\\GitHub\\soniccontrol_v1.9.7\\venv\\lib\\site-packages\\pytz\\zoneinfo\\Jamaica', 'pytz\\zoneinfo'), ('C:\\Users\\Thomas_Schoeller\\Documents\\GitHub\\soniccontrol_v1.9.7\\venv\\lib\\site-packages\\pytz\\zoneinfo\\Etc\\Greenwich', 'pytz\\zoneinfo\\Etc'), ('C:\\Users\\Thomas_Schoeller\\Documents\\GitHub\\soniccontrol_v1.9.7\\venv\\lib\\site-packages\\pytz\\zoneinfo\\America\\Indiana\\Indianapolis', 'pytz\\zoneinfo\\America\\Indiana'), ('C:\\Users\\Thomas_Schoeller\\Documents\\GitHub\\soniccontrol_v1.9.7\\venv\\lib\\site-packages\\pytz\\zoneinfo\\Europe\\Luxembourg', 'pytz\\zoneinfo\\Europe'), ('C:\\Users\\Thomas_Schoeller\\Documents\\GitHub\\soniccontrol_v1.9.7\\venv\\lib\\site-packages\\pytz\\zoneinfo\\Europe\\Volgograd', 'pytz\\zoneinfo\\Europe'), ('C:\\Users\\Thomas_Schoeller\\Documents\\GitHub\\soniccontrol_v1.9.7\\venv\\lib\\site-packages\\pytz\\zoneinfo\\NZ-CHAT', 'pytz\\zoneinfo'), ('C:\\Users\\Thomas_Schoeller\\Documents\\GitHub\\soniccontrol_v1.9.7\\venv\\lib\\site-packages\\pytz\\zoneinfo\\America\\Santarem', 'pytz\\zoneinfo\\America'), ('C:\\Users\\Thomas_Schoeller\\Documents\\GitHub\\soniccontrol_v1.9.7\\venv\\lib\\site-packages\\pytz\\zoneinfo\\Etc\\GMT-3', 'pytz\\zoneinfo\\Etc'), ('C:\\Users\\Thomas_Schoeller\\Documents\\GitHub\\soniccontrol_v1.9.7\\venv\\lib\\site-packages\\pytz\\zoneinfo\\Antarctica\\Palmer', 'pytz\\zoneinfo\\Antarctica'), ('C:\\Users\\Thomas_Schoeller\\Documents\\GitHub\\soniccontrol_v1.9.7\\venv\\lib\\site-packages\\pytz\\zoneinfo\\Antarctica\\Casey', 'pytz\\zoneinfo\\Antarctica'), ('C:\\Users\\Thomas_Schoeller\\Documents\\GitHub\\soniccontrol_v1.9.7\\venv\\lib\\site-packages\\pytz\\zoneinfo\\leapseconds', 'pytz\\zoneinfo'), ('C:\\Users\\Thomas_Schoeller\\Documents\\GitHub\\soniccontrol_v1.9.7\\venv\\lib\\site-packages\\pytz\\zoneinfo\\America\\Asuncion', 'pytz\\zoneinfo\\America'), ('C:\\Users\\Thomas_Schoeller\\Documents\\GitHub\\soniccontrol_v1.9.7\\venv\\lib\\site-packages\\pytz\\zoneinfo\\America\\Coral_Harbour', 'pytz\\zoneinfo\\America'), ('C:\\Users\\Thomas_Schoeller\\Documents\\GitHub\\soniccontrol_v1.9.7\\venv\\lib\\site-packages\\pytz\\zoneinfo\\America\\Manaus', 'pytz\\zoneinfo\\America'), ('C:\\Users\\Thomas_Schoeller\\Documents\\GitHub\\soniccontrol_v1.9.7\\venv\\lib\\site-packages\\pytz\\zoneinfo\\Australia\\Lord_Howe', 'pytz\\zoneinfo\\Australia'), ('C:\\Users\\Thomas_Schoeller\\Documents\\GitHub\\soniccontrol_v1.9.7\\venv\\lib\\site-packages\\pytz\\zoneinfo\\Europe\\Zurich', 'pytz\\zoneinfo\\Europe'), ('C:\\Users\\Thomas_Schoeller\\Documents\\GitHub\\soniccontrol_v1.9.7\\venv\\lib\\site-packages\\pytz\\zoneinfo\\America\\Atka', 'pytz\\zoneinfo\\America'), ('C:\\Users\\Thomas_Schoeller\\Documents\\GitHub\\soniccontrol_v1.9.7\\venv\\lib\\site-packages\\pytz\\zoneinfo\\Europe\\Mariehamn', 'pytz\\zoneinfo\\Europe'), ('C:\\Users\\Thomas_Schoeller\\Documents\\GitHub\\soniccontrol_v1.9.7\\venv\\lib\\site-packages\\pytz\\zoneinfo\\America\\Rankin_Inlet', 'pytz\\zoneinfo\\America'), ('C:\\Users\\Thomas_Schoeller\\Documents\\GitHub\\soniccontrol_v1.9.7\\venv\\lib\\site-packages\\pytz\\zoneinfo\\America\\Virgin', 'pytz\\zoneinfo\\America'), ('C:\\Users\\Thomas_Schoeller\\Documents\\GitHub\\soniccontrol_v1.9.7\\venv\\lib\\site-packages\\pytz\\zoneinfo\\Europe\\San_Marino', 'pytz\\zoneinfo\\Europe'), ('C:\\Users\\Thomas_Schoeller\\Documents\\GitHub\\soniccontrol_v1.9.7\\venv\\lib\\site-packages\\pytz\\zoneinfo\\Atlantic\\Stanley', 'pytz\\zoneinfo\\Atlantic'), ('C:\\Users\\Thomas_Schoeller\\Documents\\GitHub\\soniccontrol_v1.9.7\\venv\\lib\\site-packages\\pytz\\zoneinfo\\America\\Argentina\\Ushuaia', 'pytz\\zoneinfo\\America\\Argentina'), ('C:\\Users\\Thomas_Schoeller\\Documents\\GitHub\\soniccontrol_v1.9.7\\venv\\lib\\site-packages\\pytz\\zoneinfo\\Asia\\Beirut', 'pytz\\zoneinfo\\Asia'), ('C:\\Users\\Thomas_Schoeller\\Documents\\GitHub\\soniccontrol_v1.9.7\\venv\\lib\\site-packages\\pytz\\zoneinfo\\Atlantic\\Azores', 'pytz\\zoneinfo\\Atlantic'), ('C:\\Users\\Thomas_Schoeller\\Documents\\GitHub\\soniccontrol_v1.9.7\\venv\\lib\\site-packages\\pytz\\zoneinfo\\America\\Argentina\\Salta', 'pytz\\zoneinfo\\America\\Argentina'), ('C:\\Users\\Thomas_Schoeller\\Documents\\GitHub\\soniccontrol_v1.9.7\\venv\\lib\\site-packages\\pytz\\zoneinfo\\Asia\\Ulan_Bator', 'pytz\\zoneinfo\\Asia'), ('C:\\Users\\Thomas_Schoeller\\Documents\\GitHub\\soniccontrol_v1.9.7\\venv\\lib\\site-packages\\pytz\\zoneinfo\\America\\Glace_Bay', 'pytz\\zoneinfo\\America'), ('C:\\Users\\Thomas_Schoeller\\Documents\\GitHub\\soniccontrol_v1.9.7\\venv\\lib\\site-packages\\pytz\\zoneinfo\\Asia\\Qatar', 'pytz\\zoneinfo\\Asia'), ('C:\\Users\\Thomas_Schoeller\\Documents\\GitHub\\soniccontrol_v1.9.7\\venv\\lib\\site-packages\\pytz\\zoneinfo\\Asia\\Istanbul', 'pytz\\zoneinfo\\Asia'), ('C:\\Users\\Thomas_Schoeller\\Documents\\GitHub\\soniccontrol_v1.9.7\\venv\\lib\\site-packages\\pytz\\zoneinfo\\America\\Argentina\\Buenos_Aires', 'pytz\\zoneinfo\\America\\Argentina'), ('C:\\Users\\Thomas_Schoeller\\Documents\\GitHub\\soniccontrol_v1.9.7\\venv\\lib\\site-packages\\pytz\\zoneinfo\\Indian\\Mauritius', 'pytz\\zoneinfo\\Indian'), ('C:\\Users\\Thomas_Schoeller\\Documents\\GitHub\\soniccontrol_v1.9.7\\venv\\lib\\site-packages\\pytz\\zoneinfo\\America\\Sitka', 'pytz\\zoneinfo\\America'), ('C:\\Users\\Thomas_Schoeller\\Documents\\GitHub\\soniccontrol_v1.9.7\\venv\\lib\\site-packages\\pytz\\zoneinfo\\Etc\\GMT-6', 'pytz\\zoneinfo\\Etc'), ('C:\\Users\\Thomas_Schoeller\\Documents\\GitHub\\soniccontrol_v1.9.7\\venv\\lib\\site-packages\\pytz\\zoneinfo\\Atlantic\\Canary', 'pytz\\zoneinfo\\Atlantic'), ('C:\\Users\\Thomas_Schoeller\\Documents\\GitHub\\soniccontrol_v1.9.7\\venv\\lib\\site-packages\\pytz\\zoneinfo\\Pacific\\Fakaofo', 'pytz\\zoneinfo\\Pacific'), ('C:\\Users\\Thomas_Schoeller\\Documents\\GitHub\\soniccontrol_v1.9.7\\venv\\lib\\site-packages\\pytz\\zoneinfo\\America\\Paramaribo', 'pytz\\zoneinfo\\America'), ('C:\\Users\\Thomas_Schoeller\\Documents\\GitHub\\soniccontrol_v1.9.7\\venv\\lib\\site-packages\\pytz\\zoneinfo\\PST8PDT', 'pytz\\zoneinfo'), ('C:\\Users\\Thomas_Schoeller\\Documents\\GitHub\\soniccontrol_v1.9.7\\venv\\lib\\site-packages\\pytz\\zoneinfo\\WET', 'pytz\\zoneinfo'), ('C:\\Users\\Thomas_Schoeller\\Documents\\GitHub\\soniccontrol_v1.9.7\\venv\\lib\\site-packages\\pytz\\zoneinfo\\Asia\\Khandyga', 'pytz\\zoneinfo\\Asia'), ('C:\\Users\\Thomas_Schoeller\\Documents\\GitHub\\soniccontrol_v1.9.7\\venv\\lib\\site-packages\\pytz\\zoneinfo\\Europe\\Ljubljana', 'pytz\\zoneinfo\\Europe'), ('C:\\Users\\Thomas_Schoeller\\Documents\\GitHub\\soniccontrol_v1.9.7\\venv\\lib\\site-packages\\pytz\\zoneinfo\\Pacific\\Easter', 'pytz\\zoneinfo\\Pacific'), ('C:\\Users\\Thomas_Schoeller\\Documents\\GitHub\\soniccontrol_v1.9.7\\venv\\lib\\site-packages\\pytz\\zoneinfo\\America\\Indiana\\Vincennes', 'pytz\\zoneinfo\\America\\Indiana'), ('C:\\Users\\Thomas_Schoeller\\Documents\\GitHub\\soniccontrol_v1.9.7\\venv\\lib\\site-packages\\pytz\\zoneinfo\\Asia\\Amman', 'pytz\\zoneinfo\\Asia'), ('C:\\Users\\Thomas_Schoeller\\Documents\\GitHub\\soniccontrol_v1.9.7\\venv\\lib\\site-packages\\pytz\\zoneinfo\\Asia\\Singapore', 'pytz\\zoneinfo\\Asia'), ('C:\\Users\\Thomas_Schoeller\\Documents\\GitHub\\soniccontrol_v1.9.7\\venv\\lib\\site-packages\\pytz\\zoneinfo\\Pacific\\Apia', 'pytz\\zoneinfo\\Pacific'), ('C:\\Users\\Thomas_Schoeller\\Documents\\GitHub\\soniccontrol_v1.9.7\\venv\\lib\\site-packages\\pytz\\zoneinfo\\Europe\\Sarajevo', 'pytz\\zoneinfo\\Europe'), ('C:\\Users\\Thomas_Schoeller\\Documents\\GitHub\\soniccontrol_v1.9.7\\venv\\lib\\site-packages\\pytz\\zoneinfo\\Europe\\Tirane', 'pytz\\zoneinfo\\Europe'), ('C:\\Users\\Thomas_Schoeller\\Documents\\GitHub\\soniccontrol_v1.9.7\\venv\\lib\\site-packages\\pytz\\zoneinfo\\America\\Merida', 'pytz\\zoneinfo\\America'), ('C:\\Users\\Thomas_Schoeller\\Documents\\GitHub\\soniccontrol_v1.9.7\\venv\\lib\\site-packages\\pytz\\zoneinfo\\Israel', 'pytz\\zoneinfo'), ('C:\\Users\\Thomas_Schoeller\\Documents\\GitHub\\soniccontrol_v1.9.7\\venv\\lib\\site-packages\\pytz\\zoneinfo\\America\\Atikokan', 'pytz\\zoneinfo\\America'), ('C:\\Users\\Thomas_Schoeller\\Documents\\GitHub\\soniccontrol_v1.9.7\\venv\\lib\\site-packages\\pytz\\zoneinfo\\America\\Santo_Domingo', 'pytz\\zoneinfo\\America'), ('C:\\Users\\Thomas_Schoeller\\Documents\\GitHub\\soniccontrol_v1.9.7\\venv\\lib\\site-packages\\pytz\\zoneinfo\\America\\Nuuk', 'pytz\\zoneinfo\\America'), ('C:\\Users\\Thomas_Schoeller\\Documents\\GitHub\\soniccontrol_v1.9.7\\venv\\lib\\site-packages\\pytz\\zoneinfo\\Pacific\\Kosrae', 'pytz\\zoneinfo\\Pacific'), ('C:\\Users\\Thomas_Schoeller\\Documents\\GitHub\\soniccontrol_v1.9.7\\venv\\lib\\site-packages\\pytz\\zoneinfo\\Africa\\Mogadishu', 'pytz\\zoneinfo\\Africa'), ('C:\\Users\\Thomas_Schoeller\\Documents\\GitHub\\soniccontrol_v1.9.7\\venv\\lib\\site-packages\\pytz\\zoneinfo\\Australia\\West', 'pytz\\zoneinfo\\Australia'), ('C:\\Users\\Thomas_Schoeller\\Documents\\GitHub\\soniccontrol_v1.9.7\\venv\\lib\\site-packages\\pytz\\zoneinfo\\Asia\\Tokyo', 'pytz\\zoneinfo\\Asia'), ('C:\\Users\\Thomas_Schoeller\\Documents\\GitHub\\soniccontrol_v1.9.7\\venv\\lib\\site-packages\\pytz\\zoneinfo\\Africa\\Dakar', 'pytz\\zoneinfo\\Africa'), ('C:\\Users\\Thomas_Schoeller\\Documents\\GitHub\\soniccontrol_v1.9.7\\venv\\lib\\site-packages\\pytz\\zoneinfo\\America\\Swift_Current', 'pytz\\zoneinfo\\America'), ('C:\\Users\\Thomas_Schoeller\\Documents\\GitHub\\soniccontrol_v1.9.7\\venv\\lib\\site-packages\\pytz\\zoneinfo\\Asia\\Tashkent', 'pytz\\zoneinfo\\Asia'), ('C:\\Users\\Thomas_Schoeller\\Documents\\GitHub\\soniccontrol_v1.9.7\\venv\\lib\\site-packages\\pytz\\zoneinfo\\America\\Metlakatla', 'pytz\\zoneinfo\\America'), ('C:\\Users\\Thomas_Schoeller\\Documents\\GitHub\\soniccontrol_v1.9.7\\venv\\lib\\site-packages\\pytz\\zoneinfo\\Europe\\Vilnius', 'pytz\\zoneinfo\\Europe'), ('C:\\Users\\Thomas_Schoeller\\Documents\\GitHub\\soniccontrol_v1.9.7\\venv\\lib\\site-packages\\pytz\\zoneinfo\\Africa\\Bissau', 'pytz\\zoneinfo\\Africa'), ('C:\\Users\\Thomas_Schoeller\\Documents\\GitHub\\soniccontrol_v1.9.7\\venv\\lib\\site-packages\\pytz\\zoneinfo\\Pacific\\Pitcairn', 'pytz\\zoneinfo\\Pacific'), ('C:\\Users\\Thomas_Schoeller\\Documents\\GitHub\\soniccontrol_v1.9.7\\venv\\lib\\site-packages\\pytz\\zoneinfo\\America\\Cayenne', 'pytz\\zoneinfo\\America'), ('C:\\Users\\Thomas_Schoeller\\Documents\\GitHub\\soniccontrol_v1.9.7\\venv\\lib\\site-packages\\pytz\\zoneinfo\\America\\Panama', 'pytz\\zoneinfo\\America'), ('C:\\Users\\Thomas_Schoeller\\Documents\\GitHub\\soniccontrol_v1.9.7\\venv\\lib\\site-packages\\pytz\\zoneinfo\\Brazil\\West', 'pytz\\zoneinfo\\Brazil'), ('C:\\Users\\Thomas_Schoeller\\Documents\\GitHub\\soniccontrol_v1.9.7\\venv\\lib\\site-packages\\pytz\\zoneinfo\\Asia\\Harbin', 'pytz\\zoneinfo\\Asia'), ('C:\\Users\\Thomas_Schoeller\\Documents\\GitHub\\soniccontrol_v1.9.7\\venv\\lib\\site-packages\\pytz\\zoneinfo\\Africa\\Tripoli', 'pytz\\zoneinfo\\Africa'), ('C:\\Users\\Thomas_Schoeller\\Documents\\GitHub\\soniccontrol_v1.9.7\\venv\\lib\\site-packages\\pytz\\zoneinfo\\Europe\\Belgrade', 'pytz\\zoneinfo\\Europe'), ('C:\\Users\\Thomas_Schoeller\\Documents\\GitHub\\soniccontrol_v1.9.7\\venv\\lib\\site-packages\\pytz\\zoneinfo\\America\\Shiprock', 'pytz\\zoneinfo\\America'), ('C:\\Users\\Thomas_Schoeller\\Documents\\GitHub\\soniccontrol_v1.9.7\\venv\\lib\\site-packages\\pytz\\zoneinfo\\Etc\\UTC', 'pytz\\zoneinfo\\Etc'), ('C:\\Users\\Thomas_Schoeller\\Documents\\GitHub\\soniccontrol_v1.9.7\\venv\\lib\\site-packages\\pytz\\zoneinfo\\Etc\\GMT-9', 'pytz\\zoneinfo\\Etc'), ('C:\\Users\\Thomas_Schoeller\\Documents\\GitHub\\soniccontrol_v1.9.7\\venv\\lib\\site-packages\\pytz\\zoneinfo\\Etc\\GMT+3', 'pytz\\zoneinfo\\Etc'), ('C:\\Users\\Thomas_Schoeller\\Documents\\GitHub\\soniccontrol_v1.9.7\\venv\\lib\\site-packages\\pytz\\zoneinfo\\America\\Mazatlan', 'pytz\\zoneinfo\\America'), ('C:\\Users\\Thomas_Schoeller\\Documents\\GitHub\\soniccontrol_v1.9.7\\venv\\lib\\site-packages\\pytz\\zoneinfo\\America\\Phoenix', 'pytz\\zoneinfo\\America'), ('C:\\Users\\Thomas_Schoeller\\Documents\\GitHub\\soniccontrol_v1.9.7\\venv\\lib\\site-packages\\pytz\\zoneinfo\\Europe\\Busingen', 'pytz\\zoneinfo\\Europe'), ('C:\\Users\\Thomas_Schoeller\\Documents\\GitHub\\soniccontrol_v1.9.7\\venv\\lib\\site-packages\\pytz\\zoneinfo\\Asia\\Kathmandu', 'pytz\\zoneinfo\\Asia'), ('C:\\Users\\Thomas_Schoeller\\Documents\\GitHub\\soniccontrol_v1.9.7\\venv\\lib\\site-packages\\pytz\\zoneinfo\\Australia\\North', 'pytz\\zoneinfo\\Australia'), ('C:\\Users\\Thomas_Schoeller\\Documents\\GitHub\\soniccontrol_v1.9.7\\venv\\lib\\site-packages\\pytz\\zoneinfo\\America\\Indiana\\Petersburg', 'pytz\\zoneinfo\\America\\Indiana'), ('C:\\Users\\Thomas_Schoeller\\Documents\\GitHub\\soniccontrol_v1.9.7\\venv\\lib\\site-packages\\pytz\\zoneinfo\\Africa\\Asmara', 'pytz\\zoneinfo\\Africa'), ('C:\\Users\\Thomas_Schoeller\\Documents\\GitHub\\soniccontrol_v1.9.7\\venv\\lib\\site-packages\\pytz\\zoneinfo\\America\\El_Salvador', 'pytz\\zoneinfo\\America'), ('C:\\Users\\Thomas_Schoeller\\Documents\\GitHub\\soniccontrol_v1.9.7\\venv\\lib\\site-packages\\pytz\\zoneinfo\\US\\Samoa', 'pytz\\zoneinfo\\US'), ('C:\\Users\\Thomas_Schoeller\\Documents\\GitHub\\soniccontrol_v1.9.7\\venv\\lib\\site-packages\\pytz\\zoneinfo\\America\\Dawson', 'pytz\\zoneinfo\\America'), ('C:\\Users\\Thomas_Schoeller\\Documents\\GitHub\\soniccontrol_v1.9.7\\venv\\lib\\site-packages\\pytz\\zoneinfo\\Africa\\Johannesburg', 'pytz\\zoneinfo\\Africa'), ('C:\\Users\\Thomas_Schoeller\\Documents\\GitHub\\soniccontrol_v1.9.7\\venv\\lib\\site-packages\\pytz\\zoneinfo\\Canada\\Saskatchewan', 'pytz\\zoneinfo\\Canada'), ('C:\\Users\\Thomas_Schoeller\\Documents\\GitHub\\soniccontrol_v1.9.7\\venv\\lib\\site-packages\\pytz\\zoneinfo\\America\\Chicago', 'pytz\\zoneinfo\\America'), ('C:\\Users\\Thomas_Schoeller\\Documents\\GitHub\\soniccontrol_v1.9.7\\venv\\lib\\site-packages\\pytz\\zoneinfo\\America\\La_Paz', 'pytz\\zoneinfo\\America'), ('C:\\Users\\Thomas_Schoeller\\Documents\\GitHub\\soniccontrol_v1.9.7\\venv\\lib\\site-packages\\pytz\\zoneinfo\\Africa\\Libreville', 'pytz\\zoneinfo\\Africa'), ('C:\\Users\\Thomas_Schoeller\\Documents\\GitHub\\soniccontrol_v1.9.7\\venv\\lib\\site-packages\\pytz\\zoneinfo\\US\\Pacific', 'pytz\\zoneinfo\\US'), ('C:\\Users\\Thomas_Schoeller\\Documents\\GitHub\\soniccontrol_v1.9.7\\venv\\lib\\site-packages\\pytz\\zoneinfo\\Asia\\Novokuznetsk', 'pytz\\zoneinfo\\Asia'), ('C:\\Users\\Thomas_Schoeller\\Documents\\GitHub\\soniccontrol_v1.9.7\\venv\\lib\\site-packages\\pytz\\zoneinfo\\America\\Mendoza', 'pytz\\zoneinfo\\America'), ('C:\\Users\\Thomas_Schoeller\\Documents\\GitHub\\soniccontrol_v1.9.7\\venv\\lib\\site-packages\\pytz\\zoneinfo\\Asia\\Bahrain', 'pytz\\zoneinfo\\Asia'), ('C:\\Users\\Thomas_Schoeller\\Documents\\GitHub\\soniccontrol_v1.9.7\\venv\\lib\\site-packages\\pytz\\zoneinfo\\Etc\\GMT+5', 'pytz\\zoneinfo\\Etc'), ('C:\\Users\\Thomas_Schoeller\\Documents\\GitHub\\soniccontrol_v1.9.7\\venv\\lib\\site-packages\\pytz\\zoneinfo\\America\\Edmonton', 'pytz\\zoneinfo\\America'), ('C:\\Users\\Thomas_Schoeller\\Documents\\GitHub\\soniccontrol_v1.9.7\\venv\\lib\\site-packages\\pytz\\zoneinfo\\Europe\\Athens', 'pytz\\zoneinfo\\Europe'), ('C:\\Users\\Thomas_Schoeller\\Documents\\GitHub\\soniccontrol_v1.9.7\\venv\\lib\\site-packages\\pytz\\zoneinfo\\Pacific\\Saipan', 'pytz\\zoneinfo\\Pacific'), ('C:\\Users\\Thomas_Schoeller\\Documents\\GitHub\\soniccontrol_v1.9.7\\venv\\lib\\site-packages\\pytz\\zoneinfo\\America\\Rainy_River', 'pytz\\zoneinfo\\America'), ('C:\\Users\\Thomas_Schoeller\\Documents\\GitHub\\soniccontrol_v1.9.7\\venv\\lib\\site-packages\\pytz\\zoneinfo\\Asia\\Gaza', 'pytz\\zoneinfo\\Asia'), ('C:\\Users\\Thomas_Schoeller\\Documents\\GitHub\\soniccontrol_v1.9.7\\venv\\lib\\site-packages\\pytz\\zoneinfo\\Asia\\Tel_Aviv', 'pytz\\zoneinfo\\Asia'), ('C:\\Users\\Thomas_Schoeller\\Documents\\GitHub\\soniccontrol_v1.9.7\\venv\\lib\\site-packages\\pytz\\zoneinfo\\America\\Santa_Isabel', 'pytz\\zoneinfo\\America'), ('C:\\Users\\Thomas_Schoeller\\Documents\\GitHub\\soniccontrol_v1.9.7\\venv\\lib\\site-packages\\pytz\\zoneinfo\\Asia\\Jakarta', 'pytz\\zoneinfo\\Asia'), ('C:\\Users\\Thomas_Schoeller\\Documents\\GitHub\\soniccontrol_v1.9.7\\venv\\lib\\site-packages\\pytz\\zoneinfo\\Europe\\Rome', 'pytz\\zoneinfo\\Europe'), ('C:\\Users\\Thomas_Schoeller\\Documents\\GitHub\\soniccontrol_v1.9.7\\venv\\lib\\site-packages\\pytz\\zoneinfo\\Atlantic\\Reykjavik', 'pytz\\zoneinfo\\Atlantic'), ('C:\\Users\\Thomas_Schoeller\\Documents\\GitHub\\soniccontrol_v1.9.7\\venv\\lib\\site-packages\\pytz\\zoneinfo\\Asia\\Dili', 'pytz\\zoneinfo\\Asia'), ('C:\\Users\\Thomas_Schoeller\\Documents\\GitHub\\soniccontrol_v1.9.7\\venv\\lib\\site-packages\\pytz\\zoneinfo\\Australia\\Tasmania', 'pytz\\zoneinfo\\Australia'), ('C:\\Users\\Thomas_Schoeller\\Documents\\GitHub\\soniccontrol_v1.9.7\\venv\\lib\\site-packages\\pytz\\zoneinfo\\Etc\\GMT+6', 'pytz\\zoneinfo\\Etc'), ('C:\\Users\\Thomas_Schoeller\\Documents\\GitHub\\soniccontrol_v1.9.7\\venv\\lib\\site-packages\\pytz\\zoneinfo\\Africa\\Timbuktu', 'pytz\\zoneinfo\\Africa'), ('C:\\Users\\Thomas_Schoeller\\Documents\\GitHub\\soniccontrol_v1.9.7\\venv\\lib\\site-packages\\pytz\\zoneinfo\\Asia\\Jerusalem', 'pytz\\zoneinfo\\Asia'), ('C:\\Users\\Thomas_Schoeller\\Documents\\GitHub\\soniccontrol_v1.9.7\\venv\\lib\\site-packages\\pytz\\zoneinfo\\Europe\\Vienna', 'pytz\\zoneinfo\\Europe'), ('C:\\Users\\Thomas_Schoeller\\Documents\\GitHub\\soniccontrol_v1.9.7\\venv\\lib\\site-packages\\pytz\\zoneinfo\\Atlantic\\Faeroe', 'pytz\\zoneinfo\\Atlantic'), ('C:\\Users\\Thomas_Schoeller\\Documents\\GitHub\\soniccontrol_v1.9.7\\venv\\lib\\site-packages\\pytz\\zoneinfo\\Africa\\Malabo', 'pytz\\zoneinfo\\Africa'), ('C:\\Users\\Thomas_Schoeller\\Documents\\GitHub\\soniccontrol_v1.9.7\\venv\\lib\\site-packages\\pytz\\zoneinfo\\America\\Argentina\\Cordoba', 'pytz\\zoneinfo\\America\\Argentina'), ('C:\\Users\\Thomas_Schoeller\\Documents\\GitHub\\soniccontrol_v1.9.7\\venv\\lib\\site-packages\\pytz\\zoneinfo\\Asia\\Hong_Kong', 'pytz\\zoneinfo\\Asia'), ('C:\\Users\\Thomas_Schoeller\\Documents\\GitHub\\soniccontrol_v1.9.7\\venv\\lib\\site-packages\\pytz\\zoneinfo\\Africa\\Bujumbura', 'pytz\\zoneinfo\\Africa'), ('C:\\Users\\Thomas_Schoeller\\Documents\\GitHub\\soniccontrol_v1.9.7\\venv\\lib\\site-packages\\pytz\\zoneinfo\\America\\Anchorage', 'pytz\\zoneinfo\\America'), ('C:\\Users\\Thomas_Schoeller\\Documents\\GitHub\\soniccontrol_v1.9.7\\venv\\lib\\site-packages\\pytz\\zoneinfo\\Atlantic\\Madeira', 'pytz\\zoneinfo\\Atlantic'), ('C:\\Users\\Thomas_Schoeller\\Documents\\GitHub\\soniccontrol_v1.9.7\\venv\\lib\\site-packages\\pytz\\zoneinfo\\CET', 'pytz\\zoneinfo'), ('C:\\Users\\Thomas_Schoeller\\Documents\\GitHub\\soniccontrol_v1.9.7\\venv\\lib\\site-packages\\pytz\\zoneinfo\\Australia\\NSW', 'pytz\\zoneinfo\\Australia'), ('C:\\Users\\Thomas_Schoeller\\Documents\\GitHub\\soniccontrol_v1.9.7\\venv\\lib\\site-packages\\pytz\\zoneinfo\\Asia\\Dushanbe', 'pytz\\zoneinfo\\Asia'), ('C:\\Users\\Thomas_Schoeller\\Documents\\GitHub\\soniccontrol_v1.9.7\\venv\\lib\\site-packages\\pytz\\zoneinfo\\Atlantic\\South_Georgia', 'pytz\\zoneinfo\\Atlantic'), ('C:\\Users\\Thomas_Schoeller\\Documents\\GitHub\\soniccontrol_v1.9.7\\venv\\lib\\site-packages\\pytz\\zoneinfo\\America\\Cambridge_Bay', 'pytz\\zoneinfo\\America'), ('C:\\Users\\Thomas_Schoeller\\Documents\\GitHub\\soniccontrol_v1.9.7\\venv\\lib\\site-packages\\pytz\\zoneinfo\\America\\Argentina\\ComodRivadavia', 'pytz\\zoneinfo\\America\\Argentina'), ('C:\\Users\\Thomas_Schoeller\\Documents\\GitHub\\soniccontrol_v1.9.7\\venv\\lib\\site-packages\\pytz\\zoneinfo\\Antarctica\\South_Pole', 'pytz\\zoneinfo\\Antarctica'), ('C:\\Users\\Thomas_Schoeller\\Documents\\GitHub\\soniccontrol_v1.9.7\\venv\\lib\\site-packages\\pytz\\zoneinfo\\Asia\\Novosibirsk', 'pytz\\zoneinfo\\Asia'), ('C:\\Users\\Thomas_Schoeller\\Documents\\GitHub\\soniccontrol_v1.9.7\\venv\\lib\\site-packages\\pytz\\zoneinfo\\Africa\\Porto-Novo', 'pytz\\zoneinfo\\Africa'), ('C:\\Users\\Thomas_Schoeller\\Documents\\GitHub\\soniccontrol_v1.9.7\\venv\\lib\\site-packages\\pytz\\zoneinfo\\Europe\\Helsinki', 'pytz\\zoneinfo\\Europe'), ('C:\\Users\\Thomas_Schoeller\\Documents\\GitHub\\soniccontrol_v1.9.7\\venv\\lib\\site-packages\\pytz\\zoneinfo\\US\\Alaska', 'pytz\\zoneinfo\\US'), ('C:\\Users\\Thomas_Schoeller\\Documents\\GitHub\\soniccontrol_v1.9.7\\venv\\lib\\site-packages\\pytz\\zoneinfo\\Europe\\Kirov', 'pytz\\zoneinfo\\Europe'), ('C:\\Users\\Thomas_Schoeller\\Documents\\GitHub\\soniccontrol_v1.9.7\\venv\\lib\\site-packages\\pytz\\zoneinfo\\US\\Eastern', 'pytz\\zoneinfo\\US'), ('C:\\Users\\Thomas_Schoeller\\Documents\\GitHub\\soniccontrol_v1.9.7\\venv\\lib\\site-packages\\pytz\\zoneinfo\\Etc\\GMT-5', 'pytz\\zoneinfo\\Etc'), ('C:\\Users\\Thomas_Schoeller\\Documents\\GitHub\\soniccontrol_v1.9.7\\venv\\lib\\site-packages\\pytz\\zoneinfo\\America\\Havana', 'pytz\\zoneinfo\\America'), ('C:\\Users\\Thomas_Schoeller\\Documents\\GitHub\\soniccontrol_v1.9.7\\venv\\lib\\site-packages\\pytz\\zoneinfo\\America\\Guayaquil', 'pytz\\zoneinfo\\America'), ('C:\\Users\\Thomas_Schoeller\\Documents\\GitHub\\soniccontrol_v1.9.7\\venv\\lib\\site-packages\\pytz\\zoneinfo\\Africa\\Ndjamena', 'pytz\\zoneinfo\\Africa'), ('C:\\Users\\Thomas_Schoeller\\Documents\\GitHub\\soniccontrol_v1.9.7\\venv\\lib\\site-packages\\pytz\\zoneinfo\\Africa\\Niamey', 'pytz\\zoneinfo\\Africa'), ('C:\\Users\\Thomas_Schoeller\\Documents\\GitHub\\soniccontrol_v1.9.7\\venv\\lib\\site-packages\\pytz\\zoneinfo\\America\\Detroit', 'pytz\\zoneinfo\\America'), ('C:\\Users\\Thomas_Schoeller\\Documents\\GitHub\\soniccontrol_v1.9.7\\venv\\lib\\site-packages\\pytz\\zoneinfo\\Australia\\South', 'pytz\\zoneinfo\\Australia'), ('C:\\Users\\Thomas_Schoeller\\Documents\\GitHub\\soniccontrol_v1.9.7\\venv\\lib\\site-packages\\pytz\\zoneinfo\\Asia\\Hovd', 'pytz\\zoneinfo\\Asia'), ('C:\\Users\\Thomas_Schoeller\\Documents\\GitHub\\soniccontrol_v1.9.7\\venv\\lib\\site-packages\\pytz\\zoneinfo\\America\\Indiana\\Marengo', 'pytz\\zoneinfo\\America\\Indiana'), ('C:\\Users\\Thomas_Schoeller\\Documents\\GitHub\\soniccontrol_v1.9.7\\venv\\lib\\site-packages\\pytz\\zoneinfo\\Asia\\Dacca', 'pytz\\zoneinfo\\Asia'), ('C:\\Users\\Thomas_Schoeller\\Documents\\GitHub\\soniccontrol_v1.9.7\\venv\\lib\\site-packages\\pytz\\zoneinfo\\Kwajalein', 'pytz\\zoneinfo'), ('C:\\Users\\Thomas_Schoeller\\Documents\\GitHub\\soniccontrol_v1.9.7\\venv\\lib\\site-packages\\pytz\\zoneinfo\\ROK', 'pytz\\zoneinfo'), ('C:\\Users\\Thomas_Schoeller\\Documents\\GitHub\\soniccontrol_v1.9.7\\venv\\lib\\site-packages\\pytz\\zoneinfo\\Pacific\\Guam', 'pytz\\zoneinfo\\Pacific'), ('C:\\Users\\Thomas_Schoeller\\Documents\\GitHub\\soniccontrol_v1.9.7\\venv\\lib\\site-packages\\pytz\\zoneinfo\\Africa\\Asmera', 'pytz\\zoneinfo\\Africa'), ('C:\\Users\\Thomas_Schoeller\\Documents\\GitHub\\soniccontrol_v1.9.7\\venv\\lib\\site-packages\\pytz\\zoneinfo\\America\\Porto_Velho', 'pytz\\zoneinfo\\America'), ('C:\\Users\\Thomas_Schoeller\\Documents\\GitHub\\soniccontrol_v1.9.7\\venv\\lib\\site-packages\\pytz\\zoneinfo\\America\\Chihuahua', 'pytz\\zoneinfo\\America'), ('C:\\Users\\Thomas_Schoeller\\Documents\\GitHub\\soniccontrol_v1.9.7\\venv\\lib\\site-packages\\pytz\\zoneinfo\\America\\Barbados', 'pytz\\zoneinfo\\America'), ('C:\\Users\\Thomas_Schoeller\\Documents\\GitHub\\soniccontrol_v1.9.7\\venv\\lib\\site-packages\\pytz\\zoneinfo\\Pacific\\Funafuti', 'pytz\\zoneinfo\\Pacific'), ('C:\\Users\\Thomas_Schoeller\\Documents\\GitHub\\soniccontrol_v1.9.7\\venv\\lib\\site-packages\\pytz\\zoneinfo\\UCT', 'pytz\\zoneinfo'), ('C:\\Users\\Thomas_Schoeller\\Documents\\GitHub\\soniccontrol_v1.9.7\\venv\\lib\\site-packages\\pytz\\zoneinfo\\Australia\\Melbourne', 'pytz\\zoneinfo\\Australia'), ('C:\\Users\\Thomas_Schoeller\\Documents\\GitHub\\soniccontrol_v1.9.7\\venv\\lib\\site-packages\\pytz\\zoneinfo\\America\\St_Johns', 'pytz\\zoneinfo\\America'), ('C:\\Users\\Thomas_Schoeller\\Documents\\GitHub\\soniccontrol_v1.9.7\\venv\\lib\\site-packages\\pytz\\zoneinfo\\EET', 'pytz\\zoneinfo'), ('C:\\Users\\Thomas_Schoeller\\Documents\\GitHub\\soniccontrol_v1.9.7\\venv\\lib\\site-packages\\pytz\\zoneinfo\\America\\Araguaina', 'pytz\\zoneinfo\\America'), ('C:\\Users\\Thomas_Schoeller\\Documents\\GitHub\\soniccontrol_v1.9.7\\venv\\lib\\site-packages\\pytz\\zoneinfo\\Africa\\Blantyre', 'pytz\\zoneinfo\\Africa'), ('C:\\Users\\Thomas_Schoeller\\Documents\\GitHub\\soniccontrol_v1.9.7\\venv\\lib\\site-packages\\pytz\\zoneinfo\\Antarctica\\Davis', 'pytz\\zoneinfo\\Antarctica'), ('C:\\Users\\Thomas_Schoeller\\Documents\\GitHub\\soniccontrol_v1.9.7\\venv\\lib\\site-packages\\pytz\\zoneinfo\\Asia\\Omsk', 'pytz\\zoneinfo\\Asia'), ('C:\\Users\\Thomas_Schoeller\\Documents\\GitHub\\soniccontrol_v1.9.7\\venv\\lib\\site-packages\\pytz\\zoneinfo\\Africa\\Nouakchott', 'pytz\\zoneinfo\\Africa'), ('C:\\Users\\Thomas_Schoeller\\Documents\\GitHub\\soniccontrol_v1.9.7\\venv\\lib\\site-packages\\pytz\\zoneinfo\\Atlantic\\Cape_Verde', 'pytz\\zoneinfo\\Atlantic'), ('C:\\Users\\Thomas_Schoeller\\Documents\\GitHub\\soniccontrol_v1.9.7\\venv\\lib\\site-packages\\pytz\\zoneinfo\\Etc\\GMT0', 'pytz\\zoneinfo\\Etc'), ('C:\\Users\\Thomas_Schoeller\\Documents\\GitHub\\soniccontrol_v1.9.7\\venv\\lib\\site-packages\\pytz\\zoneinfo\\Pacific\\Wallis', 'pytz\\zoneinfo\\Pacific'), ('C:\\Users\\Thomas_Schoeller\\Documents\\GitHub\\soniccontrol_v1.9.7\\venv\\lib\\site-packages\\pytz\\zoneinfo\\America\\Iqaluit', 'pytz\\zoneinfo\\America'), ('C:\\Users\\Thomas_Schoeller\\Documents\\GitHub\\soniccontrol_v1.9.7\\venv\\lib\\site-packages\\pytz\\zoneinfo\\Pacific\\Niue', 'pytz\\zoneinfo\\Pacific'), ('C:\\Users\\Thomas_Schoeller\\Documents\\GitHub\\soniccontrol_v1.9.7\\venv\\lib\\site-packages\\pytz\\zoneinfo\\America\\Ojinaga', 'pytz\\zoneinfo\\America'), ('C:\\Users\\Thomas_Schoeller\\Documents\\GitHub\\soniccontrol_v1.9.7\\venv\\lib\\site-packages\\pytz\\zoneinfo\\Asia\\Hebron', 'pytz\\zoneinfo\\Asia'), ('C:\\Users\\Thomas_Schoeller\\Documents\\GitHub\\soniccontrol_v1.9.7\\venv\\lib\\site-packages\\pytz\\zoneinfo\\Asia\\Chongqing', 'pytz\\zoneinfo\\Asia'), ('C:\\Users\\Thomas_Schoeller\\Documents\\GitHub\\soniccontrol_v1.9.7\\venv\\lib\\site-packages\\pytz\\zoneinfo\\America\\Dominica', 'pytz\\zoneinfo\\America'), ('C:\\Users\\Thomas_Schoeller\\Documents\\GitHub\\soniccontrol_v1.9.7\\venv\\lib\\site-packages\\pytz\\zoneinfo\\Asia\\Thimphu', 'pytz\\zoneinfo\\Asia'), ('C:\\Users\\Thomas_Schoeller\\Documents\\GitHub\\soniccontrol_v1.9.7\\venv\\lib\\site-packages\\pytz\\zoneinfo\\Asia\\Aqtau', 'pytz\\zoneinfo\\Asia'), ('C:\\Users\\Thomas_Schoeller\\Documents\\GitHub\\soniccontrol_v1.9.7\\venv\\lib\\site-packages\\pytz\\zoneinfo\\Asia\\Makassar', 'pytz\\zoneinfo\\Asia'), ('C:\\Users\\Thomas_Schoeller\\Documents\\GitHub\\soniccontrol_v1.9.7\\venv\\lib\\site-packages\\pytz\\zoneinfo\\MST7MDT', 'pytz\\zoneinfo'), ('C:\\Users\\Thomas_Schoeller\\Documents\\GitHub\\soniccontrol_v1.9.7\\venv\\lib\\site-packages\\pytz\\zoneinfo\\Zulu', 'pytz\\zoneinfo'), ('C:\\Users\\Thomas_Schoeller\\Documents\\GitHub\\soniccontrol_v1.9.7\\venv\\lib\\site-packages\\pytz\\zoneinfo\\America\\Yakutat', 'pytz\\zoneinfo\\America'), ('C:\\Users\\Thomas_Schoeller\\Documents\\GitHub\\soniccontrol_v1.9.7\\venv\\lib\\site-packages\\pytz\\zoneinfo\\GMT-0', 'pytz\\zoneinfo'), ('C:\\Users\\Thomas_Schoeller\\Documents\\GitHub\\soniccontrol_v1.9.7\\venv\\lib\\site-packages\\pytz\\zoneinfo\\America\\Anguilla', 'pytz\\zoneinfo\\America'), ('C:\\Users\\Thomas_Schoeller\\Documents\\GitHub\\soniccontrol_v1.9.7\\venv\\lib\\site-packages\\pytz\\zoneinfo\\Asia\\Aden', 'pytz\\zoneinfo\\Asia'), ('C:\\Users\\Thomas_Schoeller\\Documents\\GitHub\\soniccontrol_v1.9.7\\venv\\lib\\site-packages\\pytz\\zoneinfo\\Pacific\\Guadalcanal', 'pytz\\zoneinfo\\Pacific'), ('C:\\Users\\Thomas_Schoeller\\Documents\\GitHub\\soniccontrol_v1.9.7\\venv\\lib\\site-packages\\pytz\\zoneinfo\\Asia\\Seoul', 'pytz\\zoneinfo\\Asia'), ('C:\\Users\\Thomas_Schoeller\\Documents\\GitHub\\soniccontrol_v1.9.7\\venv\\lib\\site-packages\\pytz\\zoneinfo\\America\\Sao_Paulo', 'pytz\\zoneinfo\\America'), ('C:\\Users\\Thomas_Schoeller\\Documents\\GitHub\\soniccontrol_v1.9.7\\venv\\lib\\site-packages\\pytz\\zoneinfo\\America\\Yellowknife', 'pytz\\zoneinfo\\America'), ('C:\\Users\\Thomas_Schoeller\\Documents\\GitHub\\soniccontrol_v1.9.7\\venv\\lib\\site-packages\\pytz\\zoneinfo\\Europe\\Belfast', 'pytz\\zoneinfo\\Europe'), ('C:\\Users\\Thomas_Schoeller\\Documents\\GitHub\\soniccontrol_v1.9.7\\venv\\lib\\site-packages\\pytz\\zoneinfo\\Asia\\Shanghai', 'pytz\\zoneinfo\\Asia'), ('C:\\Users\\Thomas_Schoeller\\Documents\\GitHub\\soniccontrol_v1.9.7\\venv\\lib\\site-packages\\pytz\\zoneinfo\\Asia\\Ho_Chi_Minh', 'pytz\\zoneinfo\\Asia'), ('C:\\Users\\Thomas_Schoeller\\Documents\\GitHub\\soniccontrol_v1.9.7\\venv\\lib\\site-packages\\pytz\\zoneinfo\\Europe\\Saratov', 'pytz\\zoneinfo\\Europe'), ('C:\\Users\\Thomas_Schoeller\\Documents\\GitHub\\soniccontrol_v1.9.7\\venv\\lib\\site-packages\\pytz\\zoneinfo\\Antarctica\\Macquarie', 'pytz\\zoneinfo\\Antarctica'), ('C:\\Users\\Thomas_Schoeller\\Documents\\GitHub\\soniccontrol_v1.9.7\\venv\\lib\\site-packages\\pytz\\zoneinfo\\America\\Montserrat', 'pytz\\zoneinfo\\America'), ('C:\\Users\\Thomas_Schoeller\\Documents\\GitHub\\soniccontrol_v1.9.7\\venv\\lib\\site-packages\\pytz\\zoneinfo\\Japan', 'pytz\\zoneinfo'), ('C:\\Users\\Thomas_Schoeller\\Documents\\GitHub\\soniccontrol_v1.9.7\\venv\\lib\\site-packages\\pytz\\zoneinfo\\Africa\\Brazzaville', 'pytz\\zoneinfo\\Africa'), ('C:\\Users\\Thomas_Schoeller\\Documents\\GitHub\\soniccontrol_v1.9.7\\venv\\lib\\site-packages\\pytz\\zoneinfo\\Etc\\GMT-1', 'pytz\\zoneinfo\\Etc'), ('C:\\Users\\Thomas_Schoeller\\Documents\\GitHub\\soniccontrol_v1.9.7\\venv\\lib\\site-packages\\pytz\\zoneinfo\\Africa\\Windhoek', 'pytz\\zoneinfo\\Africa'), ('C:\\Users\\Thomas_Schoeller\\Documents\\GitHub\\soniccontrol_v1.9.7\\venv\\lib\\site-packages\\pytz\\zoneinfo\\America\\Antigua', 'pytz\\zoneinfo\\America'), ('C:\\Users\\Thomas_Schoeller\\Documents\\GitHub\\soniccontrol_v1.9.7\\venv\\lib\\site-packages\\pytz\\zoneinfo\\Etc\\GMT-13', 'pytz\\zoneinfo\\Etc'), ('C:\\Users\\Thomas_Schoeller\\Documents\\GitHub\\soniccontrol_v1.9.7\\venv\\lib\\site-packages\\pytz\\zoneinfo\\Europe\\Brussels', 'pytz\\zoneinfo\\Europe'), ('C:\\Users\\Thomas_Schoeller\\Documents\\GitHub\\soniccontrol_v1.9.7\\venv\\lib\\site-packages\\pytz\\zoneinfo\\Asia\\Baku', 'pytz\\zoneinfo\\Asia'), ('C:\\Users\\Thomas_Schoeller\\Documents\\GitHub\\soniccontrol_v1.9.7\\venv\\lib\\site-packages\\pytz\\zoneinfo\\Etc\\Universal', 'pytz\\zoneinfo\\Etc'), ('C:\\Users\\Thomas_Schoeller\\Documents\\GitHub\\soniccontrol_v1.9.7\\venv\\lib\\site-packages\\pytz\\zoneinfo\\Europe\\Moscow', 'pytz\\zoneinfo\\Europe'), ('C:\\Users\\Thomas_Schoeller\\Documents\\GitHub\\soniccontrol_v1.9.7\\venv\\lib\\site-packages\\pytz\\zoneinfo\\Europe\\Simferopol', 'pytz\\zoneinfo\\Europe'), ('C:\\Users\\Thomas_Schoeller\\Documents\\GitHub\\soniccontrol_v1.9.7\\venv\\lib\\site-packages\\pytz\\zoneinfo\\America\\Juneau', 'pytz\\zoneinfo\\America'), ('C:\\Users\\Thomas_Schoeller\\Documents\\GitHub\\soniccontrol_v1.9.7\\venv\\lib\\site-packages\\pytz\\zoneinfo\\Pacific\\Palau', 'pytz\\zoneinfo\\Pacific'), ('C:\\Users\\Thomas_Schoeller\\Documents\\GitHub\\soniccontrol_v1.9.7\\venv\\lib\\site-packages\\pytz\\zoneinfo\\America\\Argentina\\Catamarca', 'pytz\\zoneinfo\\America\\Argentina'), ('C:\\Users\\Thomas_Schoeller\\Documents\\GitHub\\soniccontrol_v1.9.7\\venv\\lib\\site-packages\\pytz\\zoneinfo\\America\\Ciudad_Juarez', 'pytz\\zoneinfo\\America'), ('C:\\Users\\Thomas_Schoeller\\Documents\\GitHub\\soniccontrol_v1.9.7\\venv\\lib\\site-packages\\pytz\\zoneinfo\\Pacific\\Tongatapu', 'pytz\\zoneinfo\\Pacific'), ('C:\\Users\\Thomas_Schoeller\\Documents\\GitHub\\soniccontrol_v1.9.7\\venv\\lib\\site-packages\\pytz\\zoneinfo\\Africa\\Ceuta', 'pytz\\zoneinfo\\Africa'), ('C:\\Users\\Thomas_Schoeller\\Documents\\GitHub\\soniccontrol_v1.9.7\\venv\\lib\\site-packages\\pytz\\zoneinfo\\Asia\\Anadyr', 'pytz\\zoneinfo\\Asia'), ('C:\\Users\\Thomas_Schoeller\\Documents\\GitHub\\soniccontrol_v1.9.7\\venv\\lib\\site-packages\\pytz\\zoneinfo\\Asia\\Tehran', 'pytz\\zoneinfo\\Asia'), ('C:\\Users\\Thomas_Schoeller\\Documents\\GitHub\\soniccontrol_v1.9.7\\venv\\lib\\site-packages\\pytz\\zoneinfo\\Europe\\Skopje', 'pytz\\zoneinfo\\Europe'), ('C:\\Users\\Thomas_Schoeller\\Documents\\GitHub\\soniccontrol_v1.9.7\\venv\\lib\\site-packages\\pytz\\zoneinfo\\Asia\\Ust-Nera', 'pytz\\zoneinfo\\Asia'), ('C:\\Users\\Thomas_Schoeller\\Documents\\GitHub\\soniccontrol_v1.9.7\\venv\\lib\\site-packages\\pytz\\zoneinfo\\Asia\\Magadan', 'pytz\\zoneinfo\\Asia'), ('C:\\Users\\Thomas_Schoeller\\Documents\\GitHub\\soniccontrol_v1.9.7\\venv\\lib\\site-packages\\pytz\\zoneinfo\\Asia\\Thimbu', 'pytz\\zoneinfo\\Asia'), ('C:\\Users\\Thomas_Schoeller\\Documents\\GitHub\\soniccontrol_v1.9.7\\venv\\lib\\site-packages\\pytz\\zoneinfo\\zone1970.tab', 'pytz\\zoneinfo'), ('C:\\Users\\Thomas_Schoeller\\Documents\\GitHub\\soniccontrol_v1.9.7\\venv\\lib\\site-packages\\pytz\\zoneinfo\\America\\New_York', 'pytz\\zoneinfo\\America'), ('C:\\Users\\Thomas_Schoeller\\Documents\\GitHub\\soniccontrol_v1.9.7\\venv\\lib\\site-packages\\pytz\\zoneinfo\\America\\Cayman', 'pytz\\zoneinfo\\America'), ('C:\\Users\\Thomas_Schoeller\\Documents\\GitHub\\soniccontrol_v1.9.7\\venv\\lib\\site-packages\\pytz\\zoneinfo\\Pacific\\Yap', 'pytz\\zoneinfo\\Pacific'), ('C:\\Users\\Thomas_Schoeller\\Documents\\GitHub\\soniccontrol_v1.9.7\\venv\\lib\\site-packages\\pytz\\zoneinfo\\Europe\\Malta', 'pytz\\zoneinfo\\Europe'), ('C:\\Users\\Thomas_Schoeller\\Documents\\GitHub\\soniccontrol_v1.9.7\\venv\\lib\\site-packages\\pytz\\zoneinfo\\Asia\\Damascus', 'pytz\\zoneinfo\\Asia'), ('C:\\Users\\Thomas_Schoeller\\Documents\\GitHub\\soniccontrol_v1.9.7\\venv\\lib\\site-packages\\pytz\\zoneinfo\\America\\St_Barthelemy', 'pytz\\zoneinfo\\America'), ('C:\\Users\\Thomas_Schoeller\\Documents\\GitHub\\soniccontrol_v1.9.7\\venv\\lib\\site-packages\\pytz\\zoneinfo\\America\\Scoresbysund', 'pytz\\zoneinfo\\America'), ('C:\\Users\\Thomas_Schoeller\\Documents\\GitHub\\soniccontrol_v1.9.7\\venv\\lib\\site-packages\\pytz\\zoneinfo\\Australia\\Eucla', 'pytz\\zoneinfo\\Australia'), ('C:\\Users\\Thomas_Schoeller\\Documents\\GitHub\\soniccontrol_v1.9.7\\venv\\lib\\site-packages\\pytz\\zoneinfo\\America\\Argentina\\Jujuy', 'pytz\\zoneinfo\\America\\Argentina'), ('C:\\Users\\Thomas_Schoeller\\Documents\\GitHub\\soniccontrol_v1.9.7\\venv\\lib\\site-packages\\pytz\\zoneinfo\\America\\Fortaleza', 'pytz\\zoneinfo\\America'), ('C:\\Users\\Thomas_Schoeller\\Documents\\GitHub\\soniccontrol_v1.9.7\\venv\\lib\\site-packages\\pytz\\zoneinfo\\Antarctica\\Syowa', 'pytz\\zoneinfo\\Antarctica'), ('C:\\Users\\Thomas_Schoeller\\Documents\\GitHub\\soniccontrol_v1.9.7\\venv\\lib\\site-packages\\pytz\\zoneinfo\\Europe\\Warsaw', 'pytz\\zoneinfo\\Europe'), ('C:\\Users\\Thomas_Schoeller\\Documents\\GitHub\\soniccontrol_v1.9.7\\venv\\lib\\site-packages\\pytz\\zoneinfo\\Pacific\\Chuuk', 'pytz\\zoneinfo\\Pacific'), ('C:\\Users\\Thomas_Schoeller\\Documents\\GitHub\\soniccontrol_v1.9.7\\venv\\lib\\site-packages\\pytz\\zoneinfo\\Africa\\Mbabane', 'pytz\\zoneinfo\\Africa'), ('C:\\Users\\Thomas_Schoeller\\Documents\\GitHub\\soniccontrol_v1.9.7\\venv\\lib\\site-packages\\pytz\\zoneinfo\\Asia\\Ashgabat', 'pytz\\zoneinfo\\Asia'), ('C:\\Users\\Thomas_Schoeller\\Documents\\GitHub\\soniccontrol_v1.9.7\\venv\\lib\\site-packages\\pytz\\zoneinfo\\America\\Thule', 'pytz\\zoneinfo\\America'), ('C:\\Users\\Thomas_Schoeller\\Documents\\GitHub\\soniccontrol_v1.9.7\\venv\\lib\\site-packages\\pytz\\zoneinfo\\Indian\\Cocos', 'pytz\\zoneinfo\\Indian'), ('C:\\Users\\Thomas_Schoeller\\Documents\\GitHub\\soniccontrol_v1.9.7\\venv\\lib\\site-packages\\pytz\\zoneinfo\\Africa\\Gaborone', 'pytz\\zoneinfo\\Africa'), ('C:\\Users\\Thomas_Schoeller\\Documents\\GitHub\\soniccontrol_v1.9.7\\venv\\lib\\site-packages\\pytz\\zoneinfo\\GMT+0', 'pytz\\zoneinfo'), ('C:\\Users\\Thomas_Schoeller\\Documents\\GitHub\\soniccontrol_v1.9.7\\venv\\lib\\site-packages\\pytz\\zoneinfo\\America\\North_Dakota\\New_Salem', 'pytz\\zoneinfo\\America\\North_Dakota'), ('C:\\Users\\Thomas_Schoeller\\Documents\\GitHub\\soniccontrol_v1.9.7\\venv\\lib\\site-packages\\pytz\\zoneinfo\\Africa\\Banjul', 'pytz\\zoneinfo\\Africa'), ('C:\\Users\\Thomas_Schoeller\\Documents\\GitHub\\soniccontrol_v1.9.7\\venv\\lib\\site-packages\\pytz\\zoneinfo\\Canada\\Eastern', 'pytz\\zoneinfo\\Canada'), ('C:\\Users\\Thomas_Schoeller\\Documents\\GitHub\\soniccontrol_v1.9.7\\venv\\lib\\site-packages\\pytz\\zoneinfo\\Mexico\\BajaNorte', 'pytz\\zoneinfo\\Mexico'), ('C:\\Users\\Thomas_Schoeller\\Documents\\GitHub\\soniccontrol_v1.9.7\\venv\\lib\\site-packages\\pytz\\zoneinfo\\Asia\\Katmandu', 'pytz\\zoneinfo\\Asia'), ('C:\\Users\\Thomas_Schoeller\\Documents\\GitHub\\soniccontrol_v1.9.7\\venv\\lib\\site-packages\\pytz\\zoneinfo\\Europe\\Ulyanovsk', 'pytz\\zoneinfo\\Europe'), ('C:\\Users\\Thomas_Schoeller\\Documents\\GitHub\\soniccontrol_v1.9.7\\venv\\lib\\site-packages\\pytz\\zoneinfo\\America\\Dawson_Creek', 'pytz\\zoneinfo\\America'), ('C:\\Users\\Thomas_Schoeller\\Documents\\GitHub\\soniccontrol_v1.9.7\\venv\\lib\\site-packages\\pytz\\zoneinfo\\Asia\\Baghdad', 'pytz\\zoneinfo\\Asia'), ('C:\\Users\\Thomas_Schoeller\\Documents\\GitHub\\soniccontrol_v1.9.7\\venv\\lib\\site-packages\\pytz\\zoneinfo\\Asia\\Yekaterinburg', 'pytz\\zoneinfo\\Asia'), ('C:\\Users\\Thomas_Schoeller\\Documents\\GitHub\\soniccontrol_v1.9.7\\venv\\lib\\site-packages\\pytz\\zoneinfo\\Etc\\GMT+4', 'pytz\\zoneinfo\\Etc'), ('C:\\Users\\Thomas_Schoeller\\Documents\\GitHub\\soniccontrol_v1.9.7\\venv\\lib\\site-packages\\pytz\\zoneinfo\\America\\Lower_Princes', 'pytz\\zoneinfo\\America'), ('C:\\Users\\Thomas_Schoeller\\Documents\\GitHub\\soniccontrol_v1.9.7\\venv\\lib\\site-packages\\pytz\\zoneinfo\\Asia\\Chita', 'pytz\\zoneinfo\\Asia'), ('C:\\Users\\Thomas_Schoeller\\Documents\\GitHub\\soniccontrol_v1.9.7\\venv\\lib\\site-packages\\pytz\\zoneinfo\\Australia\\Yancowinna', 'pytz\\zoneinfo\\Australia'), ('C:\\Users\\Thomas_Schoeller\\Documents\\GitHub\\soniccontrol_v1.9.7\\venv\\lib\\site-packages\\pytz\\zoneinfo\\Asia\\Kuching', 'pytz\\zoneinfo\\Asia'), ('C:\\Users\\Thomas_Schoeller\\Documents\\GitHub\\soniccontrol_v1.9.7\\venv\\lib\\site-packages\\pytz\\zoneinfo\\US\\Hawaii', 'pytz\\zoneinfo\\US'), ('C:\\Users\\Thomas_Schoeller\\Documents\\GitHub\\soniccontrol_v1.9.7\\venv\\lib\\site-packages\\pytz\\zoneinfo\\Pacific\\Noumea', 'pytz\\zoneinfo\\Pacific'), ('C:\\Users\\Thomas_Schoeller\\Documents\\GitHub\\soniccontrol_v1.9.7\\venv\\lib\\site-packages\\pytz\\zoneinfo\\Asia\\Yakutsk', 'pytz\\zoneinfo\\Asia'), ('C:\\Users\\Thomas_Schoeller\\Documents\\GitHub\\soniccontrol_v1.9.7\\venv\\lib\\site-packages\\pytz\\zoneinfo\\America\\Belem', 'pytz\\zoneinfo\\America'), ('C:\\Users\\Thomas_Schoeller\\Documents\\GitHub\\soniccontrol_v1.9.7\\venv\\lib\\site-packages\\pytz\\zoneinfo\\Africa\\Addis_Ababa', 'pytz\\zoneinfo\\Africa'), ('C:\\Users\\Thomas_Schoeller\\Documents\\GitHub\\soniccontrol_v1.9.7\\venv\\lib\\site-packages\\pytz\\zoneinfo\\America\\Maceio', 'pytz\\zoneinfo\\America'), ('C:\\Users\\Thomas_Schoeller\\Documents\\GitHub\\soniccontrol_v1.9.7\\venv\\lib\\site-packages\\pytz\\zoneinfo\\America\\Punta_Arenas', 'pytz\\zoneinfo\\America'), ('C:\\Users\\Thomas_Schoeller\\Documents\\GitHub\\soniccontrol_v1.9.7\\venv\\lib\\site-packages\\pytz\\zoneinfo\\Asia\\Riyadh', 'pytz\\zoneinfo\\Asia'), ('C:\\Users\\Thomas_Schoeller\\Documents\\GitHub\\soniccontrol_v1.9.7\\venv\\lib\\site-packages\\pytz\\zoneinfo\\America\\Danmarkshavn', 'pytz\\zoneinfo\\America'), ('C:\\Users\\Thomas_Schoeller\\Documents\\GitHub\\soniccontrol_v1.9.7\\venv\\lib\\site-packages\\pytz\\zoneinfo\\Europe\\Copenhagen', 'pytz\\zoneinfo\\Europe'), ('C:\\Users\\Thomas_Schoeller\\Documents\\GitHub\\soniccontrol_v1.9.7\\venv\\lib\\site-packages\\pytz\\zoneinfo\\Australia\\Broken_Hill', 'pytz\\zoneinfo\\Australia'), ('C:\\Users\\Thomas_Schoeller\\Documents\\GitHub\\soniccontrol_v1.9.7\\venv\\lib\\site-packages\\pytz\\zoneinfo\\America\\Bogota', 'pytz\\zoneinfo\\America'), ('C:\\Users\\Thomas_Schoeller\\Documents\\GitHub\\soniccontrol_v1.9.7\\venv\\lib\\site-packages\\pytz\\zoneinfo\\America\\Denver', 'pytz\\zoneinfo\\America'), ('C:\\Users\\Thomas_Schoeller\\Documents\\GitHub\\soniccontrol_v1.9.7\\venv\\lib\\site-packages\\pytz\\zoneinfo\\Pacific\\Port_Moresby', 'pytz\\zoneinfo\\Pacific'), ('C:\\Users\\Thomas_Schoeller\\Documents\\GitHub\\soniccontrol_v1.9.7\\venv\\lib\\site-packages\\pytz\\zoneinfo\\America\\Managua', 'pytz\\zoneinfo\\America'), ('C:\\Users\\Thomas_Schoeller\\Documents\\GitHub\\soniccontrol_v1.9.7\\venv\\lib\\site-packages\\pytz\\zoneinfo\\America\\Aruba', 'pytz\\zoneinfo\\America'), ('C:\\Users\\Thomas_Schoeller\\Documents\\GitHub\\soniccontrol_v1.9.7\\venv\\lib\\site-packages\\pytz\\zoneinfo\\Asia\\Saigon', 'pytz\\zoneinfo\\Asia'), ('C:\\Users\\Thomas_Schoeller\\Documents\\GitHub\\soniccontrol_v1.9.7\\venv\\lib\\site-packages\\pytz\\zoneinfo\\America\\Eirunepe', 'pytz\\zoneinfo\\America'), ('C:\\Users\\Thomas_Schoeller\\Documents\\GitHub\\soniccontrol_v1.9.7\\venv\\lib\\site-packages\\pytz\\zoneinfo\\Asia\\Jayapura', 'pytz\\zoneinfo\\Asia'), ('C:\\Users\\Thomas_Schoeller\\Documents\\GitHub\\soniccontrol_v1.9.7\\venv\\lib\\site-packages\\pytz\\zoneinfo\\Pacific\\Pohnpei', 'pytz\\zoneinfo\\Pacific'), ('C:\\Users\\Thomas_Schoeller\\Documents\\GitHub\\soniccontrol_v1.9.7\\venv\\lib\\site-packages\\pytz\\zoneinfo\\Iceland', 'pytz\\zoneinfo'), ('C:\\Users\\Thomas_Schoeller\\Documents\\GitHub\\soniccontrol_v1.9.7\\venv\\lib\\site-packages\\pytz\\zoneinfo\\Asia\\Kuwait', 'pytz\\zoneinfo\\Asia'), ('C:\\Users\\Thomas_Schoeller\\Documents\\GitHub\\soniccontrol_v1.9.7\\venv\\lib\\site-packages\\pytz\\zoneinfo\\Asia\\Calcutta', 'pytz\\zoneinfo\\Asia'), ('C:\\Users\\Thomas_Schoeller\\Documents\\GitHub\\soniccontrol_v1.9.7\\venv\\lib\\site-packages\\pytz\\zoneinfo\\Australia\\Queensland', 'pytz\\zoneinfo\\Australia'), ('C:\\Users\\Thomas_Schoeller\\Documents\\GitHub\\soniccontrol_v1.9.7\\venv\\lib\\site-packages\\pytz\\zoneinfo\\Europe\\Riga', 'pytz\\zoneinfo\\Europe'), ('C:\\Users\\Thomas_Schoeller\\Documents\\GitHub\\soniccontrol_v1.9.7\\venv\\lib\\site-packages\\pytz\\zoneinfo\\Pacific\\Chatham', 'pytz\\zoneinfo\\Pacific'), ('C:\\Users\\Thomas_Schoeller\\Documents\\GitHub\\soniccontrol_v1.9.7\\venv\\lib\\site-packages\\pytz\\zoneinfo\\Africa\\Ouagadougou', 'pytz\\zoneinfo\\Africa'), ('C:\\Users\\Thomas_Schoeller\\Documents\\GitHub\\soniccontrol_v1.9.7\\venv\\lib\\site-packages\\pytz\\zoneinfo\\Chile\\Continental', 'pytz\\zoneinfo\\Chile'), ('C:\\Users\\Thomas_Schoeller\\Documents\\GitHub\\soniccontrol_v1.9.7\\venv\\lib\\site-packages\\pytz\\zoneinfo\\Africa\\Djibouti', 'pytz\\zoneinfo\\Africa'), ('C:\\Users\\Thomas_Schoeller\\Documents\\GitHub\\soniccontrol_v1.9.7\\venv\\lib\\site-packages\\pytz\\zoneinfo\\Europe\\Madrid', 'pytz\\zoneinfo\\Europe'), ('C:\\Users\\Thomas_Schoeller\\Documents\\GitHub\\soniccontrol_v1.9.7\\venv\\lib\\site-packages\\pytz\\zoneinfo\\Asia\\Qyzylorda', 'pytz\\zoneinfo\\Asia'), ('C:\\Users\\Thomas_Schoeller\\Documents\\GitHub\\soniccontrol_v1.9.7\\venv\\lib\\site-packages\\pytz\\zoneinfo\\Iran', 'pytz\\zoneinfo'), ('C:\\Users\\Thomas_Schoeller\\Documents\\GitHub\\soniccontrol_v1.9.7\\venv\\lib\\site-packages\\pytz\\zoneinfo\\UTC', 'pytz\\zoneinfo'), ('C:\\Users\\Thomas_Schoeller\\Documents\\GitHub\\soniccontrol_v1.9.7\\venv\\lib\\site-packages\\pytz\\zoneinfo\\Europe\\Kyiv', 'pytz\\zoneinfo\\Europe'), ('C:\\Users\\Thomas_Schoeller\\Documents\\GitHub\\soniccontrol_v1.9.7\\venv\\lib\\site-packages\\pytz\\zoneinfo\\Pacific\\Majuro', 'pytz\\zoneinfo\\Pacific'), ('C:\\Users\\Thomas_Schoeller\\Documents\\GitHub\\soniccontrol_v1.9.7\\venv\\lib\\site-packages\\pytz\\zoneinfo\\Asia\\Colombo', 'pytz\\zoneinfo\\Asia'), ('C:\\Users\\Thomas_Schoeller\\Documents\\GitHub\\soniccontrol_v1.9.7\\venv\\lib\\site-packages\\pytz\\zoneinfo\\Europe\\Stockholm', 'pytz\\zoneinfo\\Europe'), ('C:\\Users\\Thomas_Schoeller\\Documents\\GitHub\\soniccontrol_v1.9.7\\venv\\lib\\site-packages\\pytz\\zoneinfo\\Asia\\Krasnoyarsk', 'pytz\\zoneinfo\\Asia'), ('C:\\Users\\Thomas_Schoeller\\Documents\\GitHub\\soniccontrol_v1.9.7\\venv\\lib\\site-packages\\pytz\\zoneinfo\\Etc\\GMT-14', 'pytz\\zoneinfo\\Etc'), ('C:\\Users\\Thomas_Schoeller\\Documents\\GitHub\\soniccontrol_v1.9.7\\venv\\lib\\site-packages\\pytz\\zoneinfo\\Europe\\Astrakhan', 'pytz\\zoneinfo\\Europe'), ('C:\\Users\\Thomas_Schoeller\\Documents\\GitHub\\soniccontrol_v1.9.7\\venv\\lib\\site-packages\\pytz\\zoneinfo\\Indian\\Kerguelen', 'pytz\\zoneinfo\\Indian'), ('C:\\Users\\Thomas_Schoeller\\Documents\\GitHub\\soniccontrol_v1.9.7\\venv\\lib\\site-packages\\pytz\\zoneinfo\\Poland', 'pytz\\zoneinfo'), ('C:\\Users\\Thomas_Schoeller\\Documents\\GitHub\\soniccontrol_v1.9.7\\venv\\lib\\site-packages\\pytz\\zoneinfo\\Asia\\Ulaanbaatar', 'pytz\\zoneinfo\\Asia'), ('C:\\Users\\Thomas_Schoeller\\Documents\\GitHub\\soniccontrol_v1.9.7\\venv\\lib\\site-packages\\pytz\\zoneinfo\\Australia\\Darwin', 'pytz\\zoneinfo\\Australia'), ('C:\\Users\\Thomas_Schoeller\\Documents\\GitHub\\soniccontrol_v1.9.7\\venv\\lib\\site-packages\\pytz\\zoneinfo\\Mexico\\General', 'pytz\\zoneinfo\\Mexico'), ('C:\\Users\\Thomas_Schoeller\\Documents\\GitHub\\soniccontrol_v1.9.7\\venv\\lib\\site-packages\\pytz\\zoneinfo\\Atlantic\\Bermuda', 'pytz\\zoneinfo\\Atlantic'), ('C:\\Users\\Thomas_Schoeller\\Documents\\GitHub\\soniccontrol_v1.9.7\\venv\\lib\\site-packages\\pytz\\zoneinfo\\Canada\\Mountain', 'pytz\\zoneinfo\\Canada'), ('C:\\Users\\Thomas_Schoeller\\Documents\\GitHub\\soniccontrol_v1.9.7\\venv\\lib\\site-packages\\pytz\\zoneinfo\\America\\Rosario', 'pytz\\zoneinfo\\America'), ('C:\\Users\\Thomas_Schoeller\\Documents\\GitHub\\soniccontrol_v1.9.7\\venv\\lib\\site-packages\\pytz\\zoneinfo\\America\\Caracas', 'pytz\\zoneinfo\\America'), ('C:\\Users\\Thomas_Schoeller\\Documents\\GitHub\\soniccontrol_v1.9.7\\venv\\lib\\site-packages\\pytz\\zoneinfo\\Asia\\Muscat', 'pytz\\zoneinfo\\Asia'), ('C:\\Users\\Thomas_Schoeller\\Documents\\GitHub\\soniccontrol_v1.9.7\\venv\\lib\\site-packages\\pytz\\zoneinfo\\Canada\\Central', 'pytz\\zoneinfo\\Canada'), ('C:\\Users\\Thomas_Schoeller\\Documents\\GitHub\\soniccontrol_v1.9.7\\venv\\lib\\site-packages\\pytz\\zoneinfo\\Hongkong', 'pytz\\zoneinfo'), ('C:\\Users\\Thomas_Schoeller\\Documents\\GitHub\\soniccontrol_v1.9.7\\venv\\lib\\site-packages\\pytz\\zoneinfo\\Atlantic\\Faroe', 'pytz\\zoneinfo\\Atlantic'), ('C:\\Users\\Thomas_Schoeller\\Documents\\GitHub\\soniccontrol_v1.9.7\\venv\\lib\\site-packages\\pytz\\zoneinfo\\Europe\\Budapest', 'pytz\\zoneinfo\\Europe'), ('C:\\Users\\Thomas_Schoeller\\Documents\\GitHub\\soniccontrol_v1.9.7\\venv\\lib\\site-packages\\pytz\\zoneinfo\\America\\Blanc-Sablon', 'pytz\\zoneinfo\\America'), ('C:\\Users\\Thomas_Schoeller\\Documents\\GitHub\\soniccontrol_v1.9.7\\venv\\lib\\site-packages\\pytz\\zoneinfo\\Cuba', 'pytz\\zoneinfo'), ('C:\\Users\\Thomas_Schoeller\\Documents\\GitHub\\soniccontrol_v1.9.7\\venv\\lib\\site-packages\\pytz\\zoneinfo\\Etc\\GMT+11', 'pytz\\zoneinfo\\Etc'), ('C:\\Users\\Thomas_Schoeller\\Documents\\GitHub\\soniccontrol_v1.9.7\\venv\\lib\\site-packages\\pytz\\zoneinfo\\Pacific\\Ponape', 'pytz\\zoneinfo\\Pacific'), ('C:\\Users\\Thomas_Schoeller\\Documents\\GitHub\\soniccontrol_v1.9.7\\venv\\lib\\site-packages\\pytz\\zoneinfo\\Africa\\Lome', 'pytz\\zoneinfo\\Africa'), ('C:\\Users\\Thomas_Schoeller\\Documents\\GitHub\\soniccontrol_v1.9.7\\venv\\lib\\site-packages\\pytz\\zoneinfo\\Asia\\Kashgar', 'pytz\\zoneinfo\\Asia'), ('C:\\Users\\Thomas_Schoeller\\Documents\\GitHub\\soniccontrol_v1.9.7\\venv\\lib\\site-packages\\pytz\\zoneinfo\\Asia\\Srednekolymsk', 'pytz\\zoneinfo\\Asia'), ('C:\\Users\\Thomas_Schoeller\\Documents\\GitHub\\soniccontrol_v1.9.7\\venv\\lib\\site-packages\\pytz\\zoneinfo\\America\\Moncton', 'pytz\\zoneinfo\\America'), ('C:\\Users\\Thomas_Schoeller\\Documents\\GitHub\\soniccontrol_v1.9.7\\venv\\lib\\site-packages\\pytz\\zoneinfo\\America\\Buenos_Aires', 'pytz\\zoneinfo\\America'), ('C:\\Users\\Thomas_Schoeller\\Documents\\GitHub\\soniccontrol_v1.9.7\\venv\\lib\\site-packages\\pytz\\zoneinfo\\America\\Jamaica', 'pytz\\zoneinfo\\America'), ('C:\\Users\\Thomas_Schoeller\\Documents\\GitHub\\soniccontrol_v1.9.7\\venv\\lib\\site-packages\\pytz\\zoneinfo\\America\\Port_of_Spain', 'pytz\\zoneinfo\\America'), ('C:\\Users\\Thomas_Schoeller\\Documents\\GitHub\\soniccontrol_v1.9.7\\venv\\lib\\site-packages\\pytz\\zoneinfo\\Pacific\\Kiritimati', 'pytz\\zoneinfo\\Pacific'), ('C:\\Users\\Thomas_Schoeller\\Documents\\GitHub\\soniccontrol_v1.9.7\\venv\\lib\\site-packages\\pytz\\zoneinfo\\America\\Menominee', 'pytz\\zoneinfo\\America'), ('C:\\Users\\Thomas_Schoeller\\Documents\\GitHub\\soniccontrol_v1.9.7\\venv\\lib\\site-packages\\pytz\\zoneinfo\\Europe\\Andorra', 'pytz\\zoneinfo\\Europe'), ('C:\\Users\\Thomas_Schoeller\\Documents\\GitHub\\soniccontrol_v1.9.7\\venv\\lib\\site-packages\\pytz\\zoneinfo\\Pacific\\Tarawa', 'pytz\\zoneinfo\\Pacific'), ('C:\\Users\\Thomas_Schoeller\\Documents\\GitHub\\soniccontrol_v1.9.7\\venv\\lib\\site-packages\\pytz\\zoneinfo\\Pacific\\Nauru', 'pytz\\zoneinfo\\Pacific'), ('C:\\Users\\Thomas_Schoeller\\Documents\\GitHub\\soniccontrol_v1.9.7\\venv\\lib\\site-packages\\pytz\\zoneinfo\\Europe\\Tallinn', 'pytz\\zoneinfo\\Europe'), ('C:\\Users\\Thomas_Schoeller\\Documents\\GitHub\\soniccontrol_v1.9.7\\venv\\lib\\site-packages\\pytz\\zoneinfo\\Pacific\\Galapagos', 'pytz\\zoneinfo\\Pacific'), ('C:\\Users\\Thomas_Schoeller\\Documents\\GitHub\\soniccontrol_v1.9.7\\venv\\lib\\site-packages\\pytz\\zoneinfo\\America\\Knox_IN', 'pytz\\zoneinfo\\America'), ('C:\\Users\\Thomas_Schoeller\\Documents\\GitHub\\soniccontrol_v1.9.7\\venv\\lib\\site-packages\\pytz\\zoneinfo\\Europe\\Lisbon', 'pytz\\zoneinfo\\Europe'), ('C:\\Users\\Thomas_Schoeller\\Documents\\GitHub\\soniccontrol_v1.9.7\\venv\\lib\\site-packages\\pytz\\zoneinfo\\Asia\\Vladivostok', 'pytz\\zoneinfo\\Asia'), ('C:\\Users\\Thomas_Schoeller\\Documents\\GitHub\\soniccontrol_v1.9.7\\venv\\lib\\site-packages\\pytz\\zoneinfo\\Asia\\Sakhalin', 'pytz\\zoneinfo\\Asia'), ('C:\\Users\\Thomas_Schoeller\\Documents\\GitHub\\soniccontrol_v1.9.7\\venv\\lib\\site-packages\\pytz\\zoneinfo\\America\\Argentina\\La_Rioja', 'pytz\\zoneinfo\\America\\Argentina'), ('C:\\Users\\Thomas_Schoeller\\Documents\\GitHub\\soniccontrol_v1.9.7\\venv\\lib\\site-packages\\pytz\\zoneinfo\\America\\Recife', 'pytz\\zoneinfo\\America'), ('C:\\Users\\Thomas_Schoeller\\Documents\\GitHub\\soniccontrol_v1.9.7\\venv\\lib\\site-packages\\pytz\\zoneinfo\\Australia\\Sydney', 'pytz\\zoneinfo\\Australia'), ('C:\\Users\\Thomas_Schoeller\\Documents\\GitHub\\soniccontrol_v1.9.7\\venv\\lib\\site-packages\\pytz\\zoneinfo\\America\\Bahia_Banderas', 'pytz\\zoneinfo\\America'), ('C:\\Users\\Thomas_Schoeller\\Documents\\GitHub\\soniccontrol_v1.9.7\\venv\\lib\\site-packages\\pytz\\zoneinfo\\Pacific\\Johnston', 'pytz\\zoneinfo\\Pacific'), ('C:\\Users\\Thomas_Schoeller\\Documents\\GitHub\\soniccontrol_v1.9.7\\venv\\lib\\site-packages\\pytz\\zoneinfo\\Europe\\Samara', 'pytz\\zoneinfo\\Europe'), ('C:\\Users\\Thomas_Schoeller\\Documents\\GitHub\\soniccontrol_v1.9.7\\venv\\lib\\site-packages\\pytz\\zoneinfo\\America\\Winnipeg', 'pytz\\zoneinfo\\America'), ('C:\\Users\\Thomas_Schoeller\\Documents\\GitHub\\soniccontrol_v1.9.7\\venv\\lib\\site-packages\\pytz\\zoneinfo\\Egypt', 'pytz\\zoneinfo'), ('C:\\Users\\Thomas_Schoeller\\Documents\\GitHub\\soniccontrol_v1.9.7\\venv\\lib\\site-packages\\pytz\\zoneinfo\\America\\Santiago', 'pytz\\zoneinfo\\America'), ('C:\\Users\\Thomas_Schoeller\\Documents\\GitHub\\soniccontrol_v1.9.7\\venv\\lib\\site-packages\\pytz\\zoneinfo\\America\\Indiana\\Knox', 'pytz\\zoneinfo\\America\\Indiana'), ('C:\\Users\\Thomas_Schoeller\\Documents\\GitHub\\soniccontrol_v1.9.7\\venv\\lib\\site-packages\\pytz\\zoneinfo\\Pacific\\Norfolk', 'pytz\\zoneinfo\\Pacific'), ('C:\\Users\\Thomas_Schoeller\\Documents\\GitHub\\soniccontrol_v1.9.7\\venv\\lib\\site-packages\\pytz\\zoneinfo\\America\\Noronha', 'pytz\\zoneinfo\\America'), ('C:\\Users\\Thomas_Schoeller\\Documents\\GitHub\\soniccontrol_v1.9.7\\venv\\lib\\site-packages\\pytz\\zoneinfo\\America\\Kentucky\\Monticello', 'pytz\\zoneinfo\\America\\Kentucky'), ('C:\\Users\\Thomas_Schoeller\\Documents\\GitHub\\soniccontrol_v1.9.7\\venv\\lib\\site-packages\\pytz\\zoneinfo\\Factory', 'pytz\\zoneinfo'), ('C:\\Users\\Thomas_Schoeller\\Documents\\GitHub\\soniccontrol_v1.9.7\\venv\\lib\\site-packages\\pytz\\zoneinfo\\Etc\\GMT+7', 'pytz\\zoneinfo\\Etc'), ('C:\\Users\\Thomas_Schoeller\\Documents\\GitHub\\soniccontrol_v1.9.7\\venv\\lib\\site-packages\\pytz\\zoneinfo\\America\\Argentina\\San_Luis', 'pytz\\zoneinfo\\America\\Argentina'), ('C:\\Users\\Thomas_Schoeller\\Documents\\GitHub\\soniccontrol_v1.9.7\\venv\\lib\\site-packages\\pytz\\zoneinfo\\America\\Indiana\\Vevay', 'pytz\\zoneinfo\\America\\Indiana'), ('C:\\Users\\Thomas_Schoeller\\Documents\\GitHub\\soniccontrol_v1.9.7\\venv\\lib\\site-packages\\pytz\\zoneinfo\\Europe\\Chisinau', 'pytz\\zoneinfo\\Europe'), ('C:\\Users\\Thomas_Schoeller\\Documents\\GitHub\\soniccontrol_v1.9.7\\venv\\lib\\site-packages\\pytz\\zoneinfo\\America\\Tijuana', 'pytz\\zoneinfo\\America'), ('C:\\Users\\Thomas_Schoeller\\Documents\\GitHub\\soniccontrol_v1.9.7\\venv\\lib\\site-packages\\pytz\\zoneinfo\\Asia\\Yerevan', 'pytz\\zoneinfo\\Asia'), ('C:\\Users\\Thomas_Schoeller\\Documents\\GitHub\\soniccontrol_v1.9.7\\venv\\lib\\site-packages\\pytz\\zoneinfo\\America\\Montevideo', 'pytz\\zoneinfo\\America'), ('C:\\Users\\Thomas_Schoeller\\Documents\\GitHub\\soniccontrol_v1.9.7\\venv\\lib\\site-packages\\pytz\\zoneinfo\\Etc\\GMT', 'pytz\\zoneinfo\\Etc'), ('C:\\Users\\Thomas_Schoeller\\Documents\\GitHub\\soniccontrol_v1.9.7\\venv\\lib\\site-packages\\pytz\\zoneinfo\\Europe\\Tiraspol', 'pytz\\zoneinfo\\Europe'), ('C:\\Users\\Thomas_Schoeller\\Documents\\GitHub\\soniccontrol_v1.9.7\\venv\\lib\\site-packages\\pytz\\zoneinfo\\America\\Port-au-Prince', 'pytz\\zoneinfo\\America'), ('C:\\Users\\Thomas_Schoeller\\Documents\\GitHub\\soniccontrol_v1.9.7\\venv\\lib\\site-packages\\pytz\\zoneinfo\\America\\Martinique', 'pytz\\zoneinfo\\America'), ('C:\\Users\\Thomas_Schoeller\\Documents\\GitHub\\soniccontrol_v1.9.7\\venv\\lib\\site-packages\\pytz\\zoneinfo\\Europe\\Paris', 'pytz\\zoneinfo\\Europe'), ('C:\\Users\\Thomas_Schoeller\\Documents\\GitHub\\soniccontrol_v1.9.7\\venv\\lib\\site-packages\\pytz\\zoneinfo\\America\\Boise', 'pytz\\zoneinfo\\America'), ('C:\\Users\\Thomas_Schoeller\\Documents\\GitHub\\soniccontrol_v1.9.7\\venv\\lib\\site-packages\\pytz\\zoneinfo\\Canada\\Yukon', 'pytz\\zoneinfo\\Canada'), ('C:\\Users\\Thomas_Schoeller\\Documents\\GitHub\\soniccontrol_v1.9.7\\venv\\lib\\site-packages\\pytz\\zoneinfo\\Africa\\Harare', 'pytz\\zoneinfo\\Africa')]
22302 INFO: Processing standard module hook 'hook-pkg_resources.py' from 'C:\\Users\\Thomas_Schoeller\\Documents\\GitHub\\soniccontrol_v1.9.7\\venv\\lib\\site-packages\\PyInstaller\\hooks'
22442 DEBUG: Collecting submodules for pkg_resources._vendor
342 DEBUG: collect_submodules - scanning (sub)package pkg_resources._vendor
342 DEBUG: collect_submodules - scanning (sub)package pkg_resources._vendor in location(s): ['C:\\Users\\Thomas_Schoeller\\Documents\\GitHub\\soniccontrol_v1.9.7\\venv\\lib\\site-packages\\pkg_resources\\_vendor']
346 DEBUG: collect_submodules - scanning (sub)package pkg_resources._vendor.packaging
346 DEBUG: collect_submodules - scanning (sub)package pkg_resources._vendor.packaging in location(s): ['C:\\Users\\Thomas_Schoeller\\Documents\\GitHub\\soniccontrol_v1.9.7\\venv\\lib\\site-packages\\pkg_resources\\_vendor\\packaging']
23581 DEBUG: collect_submodules - found submodules: ['pkg_resources._vendor', 'pkg_resources._vendor.appdirs', 'pkg_resources._vendor.packaging', 'pkg_resources._vendor.packaging.__about__', 'pkg_resources._vendor.packaging._compat', 'pkg_resources._vendor.packaging._structures', 'pkg_resources._vendor.packaging._typing', 'pkg_resources._vendor.packaging.markers', 'pkg_resources._vendor.packaging.requirements', 'pkg_resources._vendor.packaging.specifiers', 'pkg_resources._vendor.packaging.tags', 'pkg_resources._vendor.packaging.utils', 'pkg_resources._vendor.packaging.version', 'pkg_resources._vendor.pyparsing']
23581 DEBUG: Collecting submodules for packaging
381 DEBUG: collect_submodules - scanning (sub)package packaging
381 DEBUG: collect_submodules - scanning (sub)package packaging in location(s): ['C:\\Users\\Thomas_Schoeller\\Documents\\GitHub\\soniccontrol_v1.9.7\\venv\\lib\\site-packages\\packaging']
24328 DEBUG: collect_submodules - found submodules: ['packaging', 'packaging._elffile', 'packaging._manylinux', 'packaging._musllinux', 'packaging._parser', 'packaging._structures', 'packaging._tokenizer', 'packaging.markers', 'packaging.metadata', 'packaging.requirements', 'packaging.specifiers', 'packaging.tags', 'packaging.utils', 'packaging.version']
24389 DEBUG: Suppressing import of '__main__' from module 'pkg_resources' due to excluded import '__main__' specified in a hook for 'pkg_resources' (or its parent package(s)).
Traceback (most recent call last):
  File "C:\Users\Thomas_Schoeller\AppData\Local\Programs\Python\Python310\lib\runpy.py", line 196, in _run_module_as_main
    return _run_code(code, main_globals, None,
  File "C:\Users\Thomas_Schoeller\AppData\Local\Programs\Python\Python310\lib\runpy.py", line 86, in _run_code
    exec(code, run_globals)
  File "C:\Users\Thomas_Schoeller\Documents\GitHub\soniccontrol_v1.9.7\venv\Scripts\pyinstaller.exe\__main__.py", line 7, in <module>
  File "C:\Users\Thomas_Schoeller\Documents\GitHub\soniccontrol_v1.9.7\venv\lib\site-packages\PyInstaller\__main__.py", line 231, in _console_script_run
    run()
  File "C:\Users\Thomas_Schoeller\Documents\GitHub\soniccontrol_v1.9.7\venv\lib\site-packages\PyInstaller\__main__.py", line 215, in run
    run_build(pyi_config, spec_file, **vars(args))
  File "C:\Users\Thomas_Schoeller\Documents\GitHub\soniccontrol_v1.9.7\venv\lib\site-packages\PyInstaller\__main__.py", line 70, in run_build
    PyInstaller.building.build_main.main(pyi_config, spec_file, **kwargs)
  File "C:\Users\Thomas_Schoeller\Documents\GitHub\soniccontrol_v1.9.7\venv\lib\site-packages\PyInstaller\building\build_main.py", line 1227, in main
    build(specfile, distpath, workpath, clean_build)
  File "C:\Users\Thomas_Schoeller\Documents\GitHub\soniccontrol_v1.9.7\venv\lib\site-packages\PyInstaller\building\build_main.py", line 1167, in build
    exec(code, spec_namespace)
  File "Soniccontrol_v1.9.7.spec", line 4, in <module>
    a = Analysis(
  File "C:\Users\Thomas_Schoeller\Documents\GitHub\soniccontrol_v1.9.7\venv\lib\site-packages\PyInstaller\building\build_main.py", line 558, in __init__
    self.__postinit__()
  File "C:\Users\Thomas_Schoeller\Documents\GitHub\soniccontrol_v1.9.7\venv\lib\site-packages\PyInstaller\building\datastruct.py", line 184, in __postinit__
    self.assemble()
  File "C:\Users\Thomas_Schoeller\Documents\GitHub\soniccontrol_v1.9.7\venv\lib\site-packages\PyInstaller\building\build_main.py", line 698, in assemble
    program_scripts.append(self.graph.add_script(script))
  File "C:\Users\Thomas_Schoeller\Documents\GitHub\soniccontrol_v1.9.7\venv\lib\site-packages\PyInstaller\depend\analysis.py", line 268, in add_script
    self._top_script_node = super().add_script(pathname)
  File "C:\Users\Thomas_Schoeller\Documents\GitHub\soniccontrol_v1.9.7\venv\lib\site-packages\PyInstaller\lib\modulegraph\modulegraph.py", line 1177, in add_script
    self._process_imports(n)
  File "C:\Users\Thomas_Schoeller\Documents\GitHub\soniccontrol_v1.9.7\venv\lib\site-packages\PyInstaller\lib\modulegraph\modulegraph.py", line 2608, in _process_imports
    target_modules = self._safe_import_hook(*import_info, **kwargs)
  File "C:\Users\Thomas_Schoeller\Documents\GitHub\soniccontrol_v1.9.7\venv\lib\site-packages\PyInstaller\depend\analysis.py", line 437, in _safe_import_hook
    ret_modules = super()._safe_import_hook(
  File "C:\Users\Thomas_Schoeller\Documents\GitHub\soniccontrol_v1.9.7\venv\lib\site-packages\PyInstaller\lib\modulegraph\modulegraph.py", line 2065, in _safe_import_hook
    target_modules = self.import_hook(
  File "C:\Users\Thomas_Schoeller\Documents\GitHub\soniccontrol_v1.9.7\venv\lib\site-packages\PyInstaller\lib\modulegraph\modulegraph.py", line 1249, in import_hook
    target_package, target_module_partname = self._find_head_package(
  File "C:\Users\Thomas_Schoeller\Documents\GitHub\soniccontrol_v1.9.7\venv\lib\site-packages\PyInstaller\lib\modulegraph\modulegraph.py", line 1428, in _find_head_package
    target_package = self._safe_import_module(
  File "C:\Users\Thomas_Schoeller\Documents\GitHub\soniccontrol_v1.9.7\venv\lib\site-packages\PyInstaller\depend\analysis.py", line 502, in _safe_import_module
    return super()._safe_import_module(module_basename, module_name, parent_package)
  File "C:\Users\Thomas_Schoeller\Documents\GitHub\soniccontrol_v1.9.7\venv\lib\site-packages\PyInstaller\lib\modulegraph\modulegraph.py", line 1809, in _safe_import_module
    self._process_imports(n)
  File "C:\Users\Thomas_Schoeller\Documents\GitHub\soniccontrol_v1.9.7\venv\lib\site-packages\PyInstaller\lib\modulegraph\modulegraph.py", line 2608, in _process_imports
    target_modules = self._safe_import_hook(*import_info, **kwargs)
  File "C:\Users\Thomas_Schoeller\Documents\GitHub\soniccontrol_v1.9.7\venv\lib\site-packages\PyInstaller\depend\analysis.py", line 437, in _safe_import_hook
    ret_modules = super()._safe_import_hook(
  File "C:\Users\Thomas_Schoeller\Documents\GitHub\soniccontrol_v1.9.7\venv\lib\site-packages\PyInstaller\lib\modulegraph\modulegraph.py", line 2065, in _safe_import_hook
    target_modules = self.import_hook(
  File "C:\Users\Thomas_Schoeller\Documents\GitHub\soniccontrol_v1.9.7\venv\lib\site-packages\PyInstaller\lib\modulegraph\modulegraph.py", line 1262, in import_hook
    submodule = self._safe_import_module(head, mname, submodule)
  File "C:\Users\Thomas_Schoeller\Documents\GitHub\soniccontrol_v1.9.7\venv\lib\site-packages\PyInstaller\depend\analysis.py", line 502, in _safe_import_module
    return super()._safe_import_module(module_basename, module_name, parent_package)
  File "C:\Users\Thomas_Schoeller\Documents\GitHub\soniccontrol_v1.9.7\venv\lib\site-packages\PyInstaller\lib\modulegraph\modulegraph.py", line 1809, in _safe_import_module
    self._process_imports(n)
  File "C:\Users\Thomas_Schoeller\Documents\GitHub\soniccontrol_v1.9.7\venv\lib\site-packages\PyInstaller\lib\modulegraph\modulegraph.py", line 2608, in _process_imports
    target_modules = self._safe_import_hook(*import_info, **kwargs)
  File "C:\Users\Thomas_Schoeller\Documents\GitHub\soniccontrol_v1.9.7\venv\lib\site-packages\PyInstaller\depend\analysis.py", line 437, in _safe_import_hook
    ret_modules = super()._safe_import_hook(
  File "C:\Users\Thomas_Schoeller\Documents\GitHub\soniccontrol_v1.9.7\venv\lib\site-packages\PyInstaller\lib\modulegraph\modulegraph.py", line 2065, in _safe_import_hook
    target_modules = self.import_hook(
  File "C:\Users\Thomas_Schoeller\Documents\GitHub\soniccontrol_v1.9.7\venv\lib\site-packages\PyInstaller\lib\modulegraph\modulegraph.py", line 1262, in import_hook
    submodule = self._safe_import_module(head, mname, submodule)
  File "C:\Users\Thomas_Schoeller\Documents\GitHub\soniccontrol_v1.9.7\venv\lib\site-packages\PyInstaller\depend\analysis.py", line 502, in _safe_import_module
    return super()._safe_import_module(module_basename, module_name, parent_package)
  File "C:\Users\Thomas_Schoeller\Documents\GitHub\soniccontrol_v1.9.7\venv\lib\site-packages\PyInstaller\lib\modulegraph\modulegraph.py", line 1809, in _safe_import_module
    self._process_imports(n)
  File "C:\Users\Thomas_Schoeller\Documents\GitHub\soniccontrol_v1.9.7\venv\lib\site-packages\PyInstaller\lib\modulegraph\modulegraph.py", line 2608, in _process_imports
    target_modules = self._safe_import_hook(*import_info, **kwargs)
  File "C:\Users\Thomas_Schoeller\Documents\GitHub\soniccontrol_v1.9.7\venv\lib\site-packages\PyInstaller\depend\analysis.py", line 437, in _safe_import_hook
    ret_modules = super()._safe_import_hook(
  File "C:\Users\Thomas_Schoeller\Documents\GitHub\soniccontrol_v1.9.7\venv\lib\site-packages\PyInstaller\lib\modulegraph\modulegraph.py", line 2065, in _safe_import_hook
    target_modules = self.import_hook(
  File "C:\Users\Thomas_Schoeller\Documents\GitHub\soniccontrol_v1.9.7\venv\lib\site-packages\PyInstaller\lib\modulegraph\modulegraph.py", line 1262, in import_hook
    submodule = self._safe_import_module(head, mname, submodule)
  File "C:\Users\Thomas_Schoeller\Documents\GitHub\soniccontrol_v1.9.7\venv\lib\site-packages\PyInstaller\depend\analysis.py", line 502, in _safe_import_module
    return super()._safe_import_module(module_basename, module_name, parent_package)
  File "C:\Users\Thomas_Schoeller\Documents\GitHub\soniccontrol_v1.9.7\venv\lib\site-packages\PyInstaller\lib\modulegraph\modulegraph.py", line 1809, in _safe_import_module
    self._process_imports(n)
  File "C:\Users\Thomas_Schoeller\Documents\GitHub\soniccontrol_v1.9.7\venv\lib\site-packages\PyInstaller\lib\modulegraph\modulegraph.py", line 2608, in _process_imports
    target_modules = self._safe_import_hook(*import_info, **kwargs)
  File "C:\Users\Thomas_Schoeller\Documents\GitHub\soniccontrol_v1.9.7\venv\lib\site-packages\PyInstaller\depend\analysis.py", line 437, in _safe_import_hook
    ret_modules = super()._safe_import_hook(
  File "C:\Users\Thomas_Schoeller\Documents\GitHub\soniccontrol_v1.9.7\venv\lib\site-packages\PyInstaller\lib\modulegraph\modulegraph.py", line 2065, in _safe_import_hook
    target_modules = self.import_hook(
  File "C:\Users\Thomas_Schoeller\Documents\GitHub\soniccontrol_v1.9.7\venv\lib\site-packages\PyInstaller\lib\modulegraph\modulegraph.py", line 1249, in import_hook
    target_package, target_module_partname = self._find_head_package(
  File "C:\Users\Thomas_Schoeller\Documents\GitHub\soniccontrol_v1.9.7\venv\lib\site-packages\PyInstaller\lib\modulegraph\modulegraph.py", line 1428, in _find_head_package
    target_package = self._safe_import_module(
  File "C:\Users\Thomas_Schoeller\Documents\GitHub\soniccontrol_v1.9.7\venv\lib\site-packages\PyInstaller\depend\analysis.py", line 502, in _safe_import_module
    return super()._safe_import_module(module_basename, module_name, parent_package)
  File "C:\Users\Thomas_Schoeller\Documents\GitHub\soniccontrol_v1.9.7\venv\lib\site-packages\PyInstaller\lib\modulegraph\modulegraph.py", line 1809, in _safe_import_module
    self._process_imports(n)
  File "C:\Users\Thomas_Schoeller\Documents\GitHub\soniccontrol_v1.9.7\venv\lib\site-packages\PyInstaller\lib\modulegraph\modulegraph.py", line 2608, in _process_imports
    target_modules = self._safe_import_hook(*import_info, **kwargs)
  File "C:\Users\Thomas_Schoeller\Documents\GitHub\soniccontrol_v1.9.7\venv\lib\site-packages\PyInstaller\depend\analysis.py", line 437, in _safe_import_hook
    ret_modules = super()._safe_import_hook(
  File "C:\Users\Thomas_Schoeller\Documents\GitHub\soniccontrol_v1.9.7\venv\lib\site-packages\PyInstaller\lib\modulegraph\modulegraph.py", line 2065, in _safe_import_hook
    target_modules = self.import_hook(
  File "C:\Users\Thomas_Schoeller\Documents\GitHub\soniccontrol_v1.9.7\venv\lib\site-packages\PyInstaller\lib\modulegraph\modulegraph.py", line 1262, in import_hook
    submodule = self._safe_import_module(head, mname, submodule)
  File "C:\Users\Thomas_Schoeller\Documents\GitHub\soniccontrol_v1.9.7\venv\lib\site-packages\PyInstaller\depend\analysis.py", line 502, in _safe_import_module
    return super()._safe_import_module(module_basename, module_name, parent_package)
  File "C:\Users\Thomas_Schoeller\Documents\GitHub\soniccontrol_v1.9.7\venv\lib\site-packages\PyInstaller\lib\modulegraph\modulegraph.py", line 1809, in _safe_import_module
    self._process_imports(n)
  File "C:\Users\Thomas_Schoeller\Documents\GitHub\soniccontrol_v1.9.7\venv\lib\site-packages\PyInstaller\lib\modulegraph\modulegraph.py", line 2608, in _process_imports
    target_modules = self._safe_import_hook(*import_info, **kwargs)
  File "C:\Users\Thomas_Schoeller\Documents\GitHub\soniccontrol_v1.9.7\venv\lib\site-packages\PyInstaller\depend\analysis.py", line 437, in _safe_import_hook
    ret_modules = super()._safe_import_hook(
  File "C:\Users\Thomas_Schoeller\Documents\GitHub\soniccontrol_v1.9.7\venv\lib\site-packages\PyInstaller\lib\modulegraph\modulegraph.py", line 2065, in _safe_import_hook
    target_modules = self.import_hook(
  File "C:\Users\Thomas_Schoeller\Documents\GitHub\soniccontrol_v1.9.7\venv\lib\site-packages\PyInstaller\lib\modulegraph\modulegraph.py", line 1262, in import_hook
    submodule = self._safe_import_module(head, mname, submodule)
  File "C:\Users\Thomas_Schoeller\Documents\GitHub\soniccontrol_v1.9.7\venv\lib\site-packages\PyInstaller\depend\analysis.py", line 502, in _safe_import_module
    return super()._safe_import_module(module_basename, module_name, parent_package)
  File "C:\Users\Thomas_Schoeller\Documents\GitHub\soniccontrol_v1.9.7\venv\lib\site-packages\PyInstaller\lib\modulegraph\modulegraph.py", line 1809, in _safe_import_module
    self._process_imports(n)
  File "C:\Users\Thomas_Schoeller\Documents\GitHub\soniccontrol_v1.9.7\venv\lib\site-packages\PyInstaller\lib\modulegraph\modulegraph.py", line 2608, in _process_imports
    target_modules = self._safe_import_hook(*import_info, **kwargs)
  File "C:\Users\Thomas_Schoeller\Documents\GitHub\soniccontrol_v1.9.7\venv\lib\site-packages\PyInstaller\depend\analysis.py", line 437, in _safe_import_hook
    ret_modules = super()._safe_import_hook(
  File "C:\Users\Thomas_Schoeller\Documents\GitHub\soniccontrol_v1.9.7\venv\lib\site-packages\PyInstaller\lib\modulegraph\modulegraph.py", line 2065, in _safe_import_hook
    target_modules = self.import_hook(
  File "C:\Users\Thomas_Schoeller\Documents\GitHub\soniccontrol_v1.9.7\venv\lib\site-packages\PyInstaller\lib\modulegraph\modulegraph.py", line 1262, in import_hook
    submodule = self._safe_import_module(head, mname, submodule)
  File "C:\Users\Thomas_Schoeller\Documents\GitHub\soniccontrol_v1.9.7\venv\lib\site-packages\PyInstaller\depend\analysis.py", line 502, in _safe_import_module
    return super()._safe_import_module(module_basename, module_name, parent_package)
  File "C:\Users\Thomas_Schoeller\Documents\GitHub\soniccontrol_v1.9.7\venv\lib\site-packages\PyInstaller\lib\modulegraph\modulegraph.py", line 1809, in _safe_import_module
    self._process_imports(n)
  File "C:\Users\Thomas_Schoeller\Documents\GitHub\soniccontrol_v1.9.7\venv\lib\site-packages\PyInstaller\lib\modulegraph\modulegraph.py", line 2608, in _process_imports
    target_modules = self._safe_import_hook(*import_info, **kwargs)
  File "C:\Users\Thomas_Schoeller\Documents\GitHub\soniccontrol_v1.9.7\venv\lib\site-packages\PyInstaller\depend\analysis.py", line 437, in _safe_import_hook
    ret_modules = super()._safe_import_hook(
  File "C:\Users\Thomas_Schoeller\Documents\GitHub\soniccontrol_v1.9.7\venv\lib\site-packages\PyInstaller\lib\modulegraph\modulegraph.py", line 2065, in _safe_import_hook
    target_modules = self.import_hook(
  File "C:\Users\Thomas_Schoeller\Documents\GitHub\soniccontrol_v1.9.7\venv\lib\site-packages\PyInstaller\lib\modulegraph\modulegraph.py", line 1262, in import_hook
    submodule = self._safe_import_module(head, mname, submodule)
  File "C:\Users\Thomas_Schoeller\Documents\GitHub\soniccontrol_v1.9.7\venv\lib\site-packages\PyInstaller\depend\analysis.py", line 502, in _safe_import_module
    return super()._safe_import_module(module_basename, module_name, parent_package)
  File "C:\Users\Thomas_Schoeller\Documents\GitHub\soniccontrol_v1.9.7\venv\lib\site-packages\PyInstaller\lib\modulegraph\modulegraph.py", line 1809, in _safe_import_module
    self._process_imports(n)
  File "C:\Users\Thomas_Schoeller\Documents\GitHub\soniccontrol_v1.9.7\venv\lib\site-packages\PyInstaller\lib\modulegraph\modulegraph.py", line 2608, in _process_imports
    target_modules = self._safe_import_hook(*import_info, **kwargs)
  File "C:\Users\Thomas_Schoeller\Documents\GitHub\soniccontrol_v1.9.7\venv\lib\site-packages\PyInstaller\depend\analysis.py", line 437, in _safe_import_hook
    ret_modules = super()._safe_import_hook(
  File "C:\Users\Thomas_Schoeller\Documents\GitHub\soniccontrol_v1.9.7\venv\lib\site-packages\PyInstaller\lib\modulegraph\modulegraph.py", line 2065, in _safe_import_hook
    target_modules = self.import_hook(
  File "C:\Users\Thomas_Schoeller\Documents\GitHub\soniccontrol_v1.9.7\venv\lib\site-packages\PyInstaller\lib\modulegraph\modulegraph.py", line 1262, in import_hook
    submodule = self._safe_import_module(head, mname, submodule)
  File "C:\Users\Thomas_Schoeller\Documents\GitHub\soniccontrol_v1.9.7\venv\lib\site-packages\PyInstaller\depend\analysis.py", line 502, in _safe_import_module
    return super()._safe_import_module(module_basename, module_name, parent_package)
  File "C:\Users\Thomas_Schoeller\Documents\GitHub\soniccontrol_v1.9.7\venv\lib\site-packages\PyInstaller\lib\modulegraph\modulegraph.py", line 1809, in _safe_import_module
    self._process_imports(n)
  File "C:\Users\Thomas_Schoeller\Documents\GitHub\soniccontrol_v1.9.7\venv\lib\site-packages\PyInstaller\lib\modulegraph\modulegraph.py", line 2608, in _process_imports
    target_modules = self._safe_import_hook(*import_info, **kwargs)
  File "C:\Users\Thomas_Schoeller\Documents\GitHub\soniccontrol_v1.9.7\venv\lib\site-packages\PyInstaller\depend\analysis.py", line 437, in _safe_import_hook
    ret_modules = super()._safe_import_hook(
  File "C:\Users\Thomas_Schoeller\Documents\GitHub\soniccontrol_v1.9.7\venv\lib\site-packages\PyInstaller\lib\modulegraph\modulegraph.py", line 2065, in _safe_import_hook
    target_modules = self.import_hook(
  File "C:\Users\Thomas_Schoeller\Documents\GitHub\soniccontrol_v1.9.7\venv\lib\site-packages\PyInstaller\lib\modulegraph\modulegraph.py", line 1262, in import_hook
    submodule = self._safe_import_module(head, mname, submodule)
  File "C:\Users\Thomas_Schoeller\Documents\GitHub\soniccontrol_v1.9.7\venv\lib\site-packages\PyInstaller\depend\analysis.py", line 502, in _safe_import_module
    return super()._safe_import_module(module_basename, module_name, parent_package)
  File "C:\Users\Thomas_Schoeller\Documents\GitHub\soniccontrol_v1.9.7\venv\lib\site-packages\PyInstaller\lib\modulegraph\modulegraph.py", line 1809, in _safe_import_module
    self._process_imports(n)
  File "C:\Users\Thomas_Schoeller\Documents\GitHub\soniccontrol_v1.9.7\venv\lib\site-packages\PyInstaller\lib\modulegraph\modulegraph.py", line 2608, in _process_imports
    target_modules = self._safe_import_hook(*import_info, **kwargs)
  File "C:\Users\Thomas_Schoeller\Documents\GitHub\soniccontrol_v1.9.7\venv\lib\site-packages\PyInstaller\depend\analysis.py", line 437, in _safe_import_hook
    ret_modules = super()._safe_import_hook(
  File "C:\Users\Thomas_Schoeller\Documents\GitHub\soniccontrol_v1.9.7\venv\lib\site-packages\PyInstaller\lib\modulegraph\modulegraph.py", line 2065, in _safe_import_hook
    target_modules = self.import_hook(
  File "C:\Users\Thomas_Schoeller\Documents\GitHub\soniccontrol_v1.9.7\venv\lib\site-packages\PyInstaller\lib\modulegraph\modulegraph.py", line 1262, in import_hook
    submodule = self._safe_import_module(head, mname, submodule)
  File "C:\Users\Thomas_Schoeller\Documents\GitHub\soniccontrol_v1.9.7\venv\lib\site-packages\PyInstaller\depend\analysis.py", line 502, in _safe_import_module
    return super()._safe_import_module(module_basename, module_name, parent_package)
  File "C:\Users\Thomas_Schoeller\Documents\GitHub\soniccontrol_v1.9.7\venv\lib\site-packages\PyInstaller\lib\modulegraph\modulegraph.py", line 1809, in _safe_import_module
    self._process_imports(n)
  File "C:\Users\Thomas_Schoeller\Documents\GitHub\soniccontrol_v1.9.7\venv\lib\site-packages\PyInstaller\lib\modulegraph\modulegraph.py", line 2608, in _process_imports
    target_modules = self._safe_import_hook(*import_info, **kwargs)
  File "C:\Users\Thomas_Schoeller\Documents\GitHub\soniccontrol_v1.9.7\venv\lib\site-packages\PyInstaller\depend\analysis.py", line 437, in _safe_import_hook
    ret_modules = super()._safe_import_hook(
  File "C:\Users\Thomas_Schoeller\Documents\GitHub\soniccontrol_v1.9.7\venv\lib\site-packages\PyInstaller\lib\modulegraph\modulegraph.py", line 2065, in _safe_import_hook
    target_modules = self.import_hook(
  File "C:\Users\Thomas_Schoeller\Documents\GitHub\soniccontrol_v1.9.7\venv\lib\site-packages\PyInstaller\lib\modulegraph\modulegraph.py", line 1262, in import_hook
    submodule = self._safe_import_module(head, mname, submodule)
  File "C:\Users\Thomas_Schoeller\Documents\GitHub\soniccontrol_v1.9.7\venv\lib\site-packages\PyInstaller\depend\analysis.py", line 502, in _safe_import_module
    return super()._safe_import_module(module_basename, module_name, parent_package)
  File "C:\Users\Thomas_Schoeller\Documents\GitHub\soniccontrol_v1.9.7\venv\lib\site-packages\PyInstaller\lib\modulegraph\modulegraph.py", line 1809, in _safe_import_module
    self._process_imports(n)
  File "C:\Users\Thomas_Schoeller\Documents\GitHub\soniccontrol_v1.9.7\venv\lib\site-packages\PyInstaller\lib\modulegraph\modulegraph.py", line 2608, in _process_imports
    target_modules = self._safe_import_hook(*import_info, **kwargs)
  File "C:\Users\Thomas_Schoeller\Documents\GitHub\soniccontrol_v1.9.7\venv\lib\site-packages\PyInstaller\depend\analysis.py", line 437, in _safe_import_hook
    ret_modules = super()._safe_import_hook(
  File "C:\Users\Thomas_Schoeller\Documents\GitHub\soniccontrol_v1.9.7\venv\lib\site-packages\PyInstaller\lib\modulegraph\modulegraph.py", line 2274, in _safe_import_hook
    self.import_hook(
  File "C:\Users\Thomas_Schoeller\Documents\GitHub\soniccontrol_v1.9.7\venv\lib\site-packages\PyInstaller\lib\modulegraph\modulegraph.py", line 1288, in import_hook
    for target_submodule in self._import_importable_package_submodules(
  File "C:\Users\Thomas_Schoeller\Documents\GitHub\soniccontrol_v1.9.7\venv\lib\site-packages\PyInstaller\lib\modulegraph\modulegraph.py", line 1537, in _import_importable_package_submodules
    submodule = self._safe_import_module(
  File "C:\Users\Thomas_Schoeller\Documents\GitHub\soniccontrol_v1.9.7\venv\lib\site-packages\PyInstaller\depend\analysis.py", line 502, in _safe_import_module
    return super()._safe_import_module(module_basename, module_name, parent_package)
  File "C:\Users\Thomas_Schoeller\Documents\GitHub\soniccontrol_v1.9.7\venv\lib\site-packages\PyInstaller\lib\modulegraph\modulegraph.py", line 1809, in _safe_import_module
    self._process_imports(n)
  File "C:\Users\Thomas_Schoeller\Documents\GitHub\soniccontrol_v1.9.7\venv\lib\site-packages\PyInstaller\lib\modulegraph\modulegraph.py", line 2608, in _process_imports
    target_modules = self._safe_import_hook(*import_info, **kwargs)
  File "C:\Users\Thomas_Schoeller\Documents\GitHub\soniccontrol_v1.9.7\venv\lib\site-packages\PyInstaller\depend\analysis.py", line 437, in _safe_import_hook
    ret_modules = super()._safe_import_hook(
  File "C:\Users\Thomas_Schoeller\Documents\GitHub\soniccontrol_v1.9.7\venv\lib\site-packages\PyInstaller\lib\modulegraph\modulegraph.py", line 2065, in _safe_import_hook
    target_modules = self.import_hook(
  File "C:\Users\Thomas_Schoeller\Documents\GitHub\soniccontrol_v1.9.7\venv\lib\site-packages\PyInstaller\lib\modulegraph\modulegraph.py", line 1262, in import_hook
    submodule = self._safe_import_module(head, mname, submodule)
  File "C:\Users\Thomas_Schoeller\Documents\GitHub\soniccontrol_v1.9.7\venv\lib\site-packages\PyInstaller\depend\analysis.py", line 502, in _safe_import_module
    return super()._safe_import_module(module_basename, module_name, parent_package)
  File "C:\Users\Thomas_Schoeller\Documents\GitHub\soniccontrol_v1.9.7\venv\lib\site-packages\PyInstaller\lib\modulegraph\modulegraph.py", line 1809, in _safe_import_module
    self._process_imports(n)
  File "C:\Users\Thomas_Schoeller\Documents\GitHub\soniccontrol_v1.9.7\venv\lib\site-packages\PyInstaller\lib\modulegraph\modulegraph.py", line 2608, in _process_imports
    target_modules = self._safe_import_hook(*import_info, **kwargs)
  File "C:\Users\Thomas_Schoeller\Documents\GitHub\soniccontrol_v1.9.7\venv\lib\site-packages\PyInstaller\depend\analysis.py", line 437, in _safe_import_hook
    ret_modules = super()._safe_import_hook(
  File "C:\Users\Thomas_Schoeller\Documents\GitHub\soniccontrol_v1.9.7\venv\lib\site-packages\PyInstaller\lib\modulegraph\modulegraph.py", line 2065, in _safe_import_hook
    target_modules = self.import_hook(
  File "C:\Users\Thomas_Schoeller\Documents\GitHub\soniccontrol_v1.9.7\venv\lib\site-packages\PyInstaller\lib\modulegraph\modulegraph.py", line 1262, in import_hook
    submodule = self._safe_import_module(head, mname, submodule)
  File "C:\Users\Thomas_Schoeller\Documents\GitHub\soniccontrol_v1.9.7\venv\lib\site-packages\PyInstaller\depend\analysis.py", line 502, in _safe_import_module
    return super()._safe_import_module(module_basename, module_name, parent_package)
  File "C:\Users\Thomas_Schoeller\Documents\GitHub\soniccontrol_v1.9.7\venv\lib\site-packages\PyInstaller\lib\modulegraph\modulegraph.py", line 1809, in _safe_import_module
    self._process_imports(n)
  File "C:\Users\Thomas_Schoeller\Documents\GitHub\soniccontrol_v1.9.7\venv\lib\site-packages\PyInstaller\lib\modulegraph\modulegraph.py", line 2608, in _process_imports
    target_modules = self._safe_import_hook(*import_info, **kwargs)
  File "C:\Users\Thomas_Schoeller\Documents\GitHub\soniccontrol_v1.9.7\venv\lib\site-packages\PyInstaller\depend\analysis.py", line 437, in _safe_import_hook
    ret_modules = super()._safe_import_hook(
  File "C:\Users\Thomas_Schoeller\Documents\GitHub\soniccontrol_v1.9.7\venv\lib\site-packages\PyInstaller\lib\modulegraph\modulegraph.py", line 2065, in _safe_import_hook
    target_modules = self.import_hook(
  File "C:\Users\Thomas_Schoeller\Documents\GitHub\soniccontrol_v1.9.7\venv\lib\site-packages\PyInstaller\lib\modulegraph\modulegraph.py", line 1262, in import_hook
    submodule = self._safe_import_module(head, mname, submodule)
  File "C:\Users\Thomas_Schoeller\Documents\GitHub\soniccontrol_v1.9.7\venv\lib\site-packages\PyInstaller\depend\analysis.py", line 502, in _safe_import_module
    return super()._safe_import_module(module_basename, module_name, parent_package)
  File "C:\Users\Thomas_Schoeller\Documents\GitHub\soniccontrol_v1.9.7\venv\lib\site-packages\PyInstaller\lib\modulegraph\modulegraph.py", line 1809, in _safe_import_module
    self._process_imports(n)
  File "C:\Users\Thomas_Schoeller\Documents\GitHub\soniccontrol_v1.9.7\venv\lib\site-packages\PyInstaller\lib\modulegraph\modulegraph.py", line 2608, in _process_imports
    target_modules = self._safe_import_hook(*import_info, **kwargs)
  File "C:\Users\Thomas_Schoeller\Documents\GitHub\soniccontrol_v1.9.7\venv\lib\site-packages\PyInstaller\depend\analysis.py", line 437, in _safe_import_hook
    ret_modules = super()._safe_import_hook(
  File "C:\Users\Thomas_Schoeller\Documents\GitHub\soniccontrol_v1.9.7\venv\lib\site-packages\PyInstaller\lib\modulegraph\modulegraph.py", line 2065, in _safe_import_hook
    target_modules = self.import_hook(
  File "C:\Users\Thomas_Schoeller\Documents\GitHub\soniccontrol_v1.9.7\venv\lib\site-packages\PyInstaller\lib\modulegraph\modulegraph.py", line 1262, in import_hook
    submodule = self._safe_import_module(head, mname, submodule)
  File "C:\Users\Thomas_Schoeller\Documents\GitHub\soniccontrol_v1.9.7\venv\lib\site-packages\PyInstaller\depend\analysis.py", line 502, in _safe_import_module
    return super()._safe_import_module(module_basename, module_name, parent_package)
  File "C:\Users\Thomas_Schoeller\Documents\GitHub\soniccontrol_v1.9.7\venv\lib\site-packages\PyInstaller\lib\modulegraph\modulegraph.py", line 1809, in _safe_import_module
    self._process_imports(n)
  File "C:\Users\Thomas_Schoeller\Documents\GitHub\soniccontrol_v1.9.7\venv\lib\site-packages\PyInstaller\lib\modulegraph\modulegraph.py", line 2608, in _process_imports
    target_modules = self._safe_import_hook(*import_info, **kwargs)
  File "C:\Users\Thomas_Schoeller\Documents\GitHub\soniccontrol_v1.9.7\venv\lib\site-packages\PyInstaller\depend\analysis.py", line 437, in _safe_import_hook
    ret_modules = super()._safe_import_hook(
  File "C:\Users\Thomas_Schoeller\Documents\GitHub\soniccontrol_v1.9.7\venv\lib\site-packages\PyInstaller\lib\modulegraph\modulegraph.py", line 2065, in _safe_import_hook
    target_modules = self.import_hook(
  File "C:\Users\Thomas_Schoeller\Documents\GitHub\soniccontrol_v1.9.7\venv\lib\site-packages\PyInstaller\lib\modulegraph\modulegraph.py", line 1262, in import_hook
    submodule = self._safe_import_module(head, mname, submodule)
  File "C:\Users\Thomas_Schoeller\Documents\GitHub\soniccontrol_v1.9.7\venv\lib\site-packages\PyInstaller\depend\analysis.py", line 502, in _safe_import_module
    return super()._safe_import_module(module_basename, module_name, parent_package)
  File "C:\Users\Thomas_Schoeller\Documents\GitHub\soniccontrol_v1.9.7\venv\lib\site-packages\PyInstaller\lib\modulegraph\modulegraph.py", line 1809, in _safe_import_module
    self._process_imports(n)
  File "C:\Users\Thomas_Schoeller\Documents\GitHub\soniccontrol_v1.9.7\venv\lib\site-packages\PyInstaller\lib\modulegraph\modulegraph.py", line 2608, in _process_imports
    target_modules = self._safe_import_hook(*import_info, **kwargs)
  File "C:\Users\Thomas_Schoeller\Documents\GitHub\soniccontrol_v1.9.7\venv\lib\site-packages\PyInstaller\depend\analysis.py", line 437, in _safe_import_hook
    ret_modules = super()._safe_import_hook(
  File "C:\Users\Thomas_Schoeller\Documents\GitHub\soniccontrol_v1.9.7\venv\lib\site-packages\PyInstaller\lib\modulegraph\modulegraph.py", line 2065, in _safe_import_hook
    target_modules = self.import_hook(
  File "C:\Users\Thomas_Schoeller\Documents\GitHub\soniccontrol_v1.9.7\venv\lib\site-packages\PyInstaller\lib\modulegraph\modulegraph.py", line 1262, in import_hook
    submodule = self._safe_import_module(head, mname, submodule)
  File "C:\Users\Thomas_Schoeller\Documents\GitHub\soniccontrol_v1.9.7\venv\lib\site-packages\PyInstaller\depend\analysis.py", line 502, in _safe_import_module
    return super()._safe_import_module(module_basename, module_name, parent_package)
  File "C:\Users\Thomas_Schoeller\Documents\GitHub\soniccontrol_v1.9.7\venv\lib\site-packages\PyInstaller\lib\modulegraph\modulegraph.py", line 1808, in _safe_import_module
    n = self._scan_code(module, co, co_ast)
  File "C:\Users\Thomas_Schoeller\Documents\GitHub\soniccontrol_v1.9.7\venv\lib\site-packages\PyInstaller\lib\modulegraph\modulegraph.py", line 2403, in _scan_code
    self._scan_bytecode(
  File "C:\Users\Thomas_Schoeller\Documents\GitHub\soniccontrol_v1.9.7\venv\lib\site-packages\PyInstaller\lib\modulegraph\modulegraph.py", line 2507, in _scan_bytecode
    for inst in util.iterate_instructions(module_code_object):
  File "C:\Users\Thomas_Schoeller\Documents\GitHub\soniccontrol_v1.9.7\venv\lib\site-packages\PyInstaller\lib\modulegraph\util.py", line 21, in iterate_instructions
    yield from iterate_instructions(constant)
  File "C:\Users\Thomas_Schoeller\Documents\GitHub\soniccontrol_v1.9.7\venv\lib\site-packages\PyInstaller\lib\modulegraph\util.py", line 13, in iterate_instructions
    yield from (i for i in dis.get_instructions(code_object) if i.opname != "EXTENDED_ARG")
  File "C:\Users\Thomas_Schoeller\Documents\GitHub\soniccontrol_v1.9.7\venv\lib\site-packages\PyInstaller\lib\modulegraph\util.py", line 13, in <genexpr>
    yield from (i for i in dis.get_instructions(code_object) if i.opname != "EXTENDED_ARG")
  File "C:\Users\Thomas_Schoeller\AppData\Local\Programs\Python\Python310\lib\dis.py", line 338, in _get_instructions_bytes
    argval, argrepr = _get_const_info(arg, constants)
  File "C:\Users\Thomas_Schoeller\AppData\Local\Programs\Python\Python310\lib\dis.py", line 292, in _get_const_info
    argval = const_list[const_index]
IndexError: tuple index out of range
